[INFO] ====================================================
[INFO] YOLO Pose Model Comparison  [20260718_000813]
[INFO]   Old : C:\ai_project\cat_pose\v11s_128.pt
[INFO]   New : C:\ai_project\cat_pose\v11s_133.pt
[INFO]   Data[walk]: C:\Users\homec\OneDrive\圖片\貓咪圖像資料集\主要測試\walk
[INFO]   Data[lick]: C:\Users\homec\OneDrive\圖片\貓咪圖像資料集\主要測試\lick
[INFO]   Data[scratch]: C:\Users\homec\OneDrive\圖片\貓咪圖像資料集\主要測試\scratch
[INFO]   Data[shake]: C:\Users\homec\OneDrive\圖片\貓咪圖像資料集\主要測試\shake
[INFO]   Data[stop]: C:\Users\homec\OneDrive\圖片\貓咪圖像資料集\主要測試\stop
[INFO]   Out : C:\ai_project\pose_compare_results\20260718_000813  Device: cuda
[INFO] ====================================================
[INFO] Loading old model...
[INFO] Loading new model...
[INFO] Benchmark videos: 23
[INFO]   walk: 3
[INFO]   lick: 5
[INFO]   scratch: 5
[INFO]   shake: 6
[INFO]   stop: 4
[INFO] 
--- OLD MODEL: v11s_128.pt  (EMA α=1.0) ---
[INFO] Processing: walk/7月7日 (8)(1).mp4
[INFO]   Frames: 126 | Inference Time: 6.39 sec | Confidence=0.989 Jitter=10.47
[INFO] --------------------------------
[INFO] Processing: walk/7月7日 (8)(3).mp4
[INFO]   Frames: 200 | Inference Time: 7.68 sec | Confidence=0.917 Jitter=12.60
[INFO] --------------------------------
[INFO] Processing: walk/7月7日 (8).mp4
[INFO]   Frames: 94 | Inference Time: 3.09 sec | Confidence=0.889 Jitter=23.34
[INFO] --------------------------------
[INFO] Processing: lick/7月3日(1).mp4
[INFO]   Frames: 135 | Inference Time: 3.52 sec | Confidence=0.991 Jitter=2.53
[INFO] --------------------------------
[INFO] Processing: lick/7月3日(2).mp4
[INFO]   Frames: 156 | Inference Time: 3.65 sec | Confidence=0.997 Jitter=2.47
[INFO] --------------------------------
[INFO] Processing: lick/7月3日(3).mp4
[INFO]   Frames: 121 | Inference Time: 2.61 sec | Confidence=0.999 Jitter=2.42
[INFO] --------------------------------
[INFO] Processing: lick/7月3日(4).mp4
[INFO]   Frames: 147 | Inference Time: 3.56 sec | Confidence=0.991 Jitter=2.08
[INFO] --------------------------------
[INFO] Processing: lick/7月3日.mp4
[INFO]   Frames: 139 | Inference Time: 3.56 sec | Confidence=0.986 Jitter=3.13
[INFO] --------------------------------
[INFO] Processing: scratch/7月3日 (2)(1).mp4
[INFO]   Frames: 155 | Inference Time: 3.71 sec | Confidence=0.982 Jitter=6.01
[INFO] --------------------------------
[INFO] Processing: scratch/7月3日 (2)(2).mp4
[INFO]   Frames: 109 | Inference Time: 2.63 sec | Confidence=0.987 Jitter=6.98
[INFO] --------------------------------
[INFO] Processing: scratch/7月3日 (2)(3).mp4
[INFO]   Frames: 154 | Inference Time: 3.81 sec | Confidence=0.997 Jitter=5.07
[INFO] --------------------------------
[INFO] Processing: scratch/7月3日 (2)(4).mp4
[INFO]   Frames: 142 | Inference Time: 3.37 sec | Confidence=0.987 Jitter=4.58
[INFO] --------------------------------
[INFO] Processing: scratch/7月3日 (2).mp4
[INFO]   Frames: 177 | Inference Time: 4.14 sec | Confidence=0.995 Jitter=5.16
[INFO] --------------------------------
[INFO] Processing: shake/7月7日 (5)(1).mp4
[INFO]   Frames: 105 | Inference Time: 2.56 sec | Confidence=0.996 Jitter=3.92
[INFO] --------------------------------
[INFO] Processing: shake/7月7日 (5)(2).mp4
[INFO]   Frames: 99 | Inference Time: 2.29 sec | Confidence=0.997 Jitter=6.21
[INFO] --------------------------------
[INFO] Processing: shake/7月7日 (5)(3).mp4
[INFO]   Frames: 102 | Inference Time: 2.48 sec | Confidence=0.973 Jitter=5.56
[INFO] --------------------------------
[INFO] Processing: shake/7月7日 (5)(4).mp4
[INFO]   Frames: 110 | Inference Time: 2.57 sec | Confidence=0.995 Jitter=4.92
[INFO] --------------------------------
[INFO] Processing: shake/7月7日 (5)(5).mp4
[INFO]   Frames: 108 | Inference Time: 2.54 sec | Confidence=0.996 Jitter=4.29
[INFO] --------------------------------
[INFO] Processing: shake/7月7日 (5).mp4
[INFO]   Frames: 116 | Inference Time: 2.68 sec | Confidence=0.995 Jitter=4.73
[INFO] --------------------------------
[INFO] Processing: stop/7月7日 (8)(2).mp4
[INFO]   Frames: 50 | Inference Time: 1.38 sec | Confidence=0.991 Jitter=5.04
[INFO] --------------------------------
[INFO] Processing: stop/7月7日 (8)(5).mp4
[INFO]   Frames: 307 | Inference Time: 8.28 sec | Confidence=0.988 Jitter=3.83
[INFO] --------------------------------
[INFO] Processing: stop/7月7日 (8).mp4
[INFO]   Frames: 123 | Inference Time: 3.32 sec | Confidence=0.986 Jitter=6.45
[INFO] --------------------------------
[INFO] Processing: stop/Desktop 2026.07.16 - 19.06.58.15.mp4
[INFO]   Frames: 206 | Inference Time: 4.80 sec | Confidence=0.985 Jitter=1.27
[INFO] --------------------------------
[INFO] 
--- NEW MODEL: v11s_133.pt  (EMA α=1.0) ---
[INFO] Processing: walk/7月7日 (8)(1).mp4
[INFO]   Frames: 126 | Inference Time: 3.48 sec | Confidence=0.994 Jitter=9.94
[INFO] --------------------------------
[INFO] Processing: walk/7月7日 (8)(3).mp4
[INFO]   Frames: 200 | Inference Time: 5.27 sec | Confidence=0.930 Jitter=12.63
[INFO] --------------------------------
[INFO] Processing: walk/7月7日 (8).mp4
[INFO]   Frames: 94 | Inference Time: 2.52 sec | Confidence=0.889 Jitter=22.51
[INFO] --------------------------------
[INFO] Processing: lick/7月3日(1).mp4
[INFO]   Frames: 135 | Inference Time: 3.14 sec | Confidence=0.994 Jitter=2.31
[INFO] --------------------------------
[INFO] Processing: lick/7月3日(2).mp4
[INFO]   Frames: 156 | Inference Time: 3.90 sec | Confidence=0.997 Jitter=2.01
[INFO] --------------------------------
[INFO] Processing: lick/7月3日(3).mp4
[INFO]   Frames: 121 | Inference Time: 3.05 sec | Confidence=0.998 Jitter=2.78
[INFO] --------------------------------
[INFO] Processing: lick/7月3日(4).mp4
[INFO]   Frames: 147 | Inference Time: 3.55 sec | Confidence=0.993 Jitter=2.15
[INFO] --------------------------------
[INFO] Processing: lick/7月3日.mp4
[INFO]   Frames: 139 | Inference Time: 3.42 sec | Confidence=0.993 Jitter=3.06
[INFO] --------------------------------
[INFO] Processing: scratch/7月3日 (2)(1).mp4
[INFO]   Frames: 155 | Inference Time: 3.55 sec | Confidence=0.975 Jitter=6.69
[INFO] --------------------------------
[INFO] Processing: scratch/7月3日 (2)(2).mp4
[INFO]   Frames: 109 | Inference Time: 2.55 sec | Confidence=0.989 Jitter=6.38
[INFO] --------------------------------
[INFO] Processing: scratch/7月3日 (2)(3).mp4
[INFO]   Frames: 154 | Inference Time: 3.70 sec | Confidence=0.995 Jitter=5.24
[INFO] --------------------------------
[INFO] Processing: scratch/7月3日 (2)(4).mp4
[INFO]   Frames: 142 | Inference Time: 3.35 sec | Confidence=0.987 Jitter=4.98
[INFO] --------------------------------
[INFO] Processing: scratch/7月3日 (2).mp4
[INFO]   Frames: 177 | Inference Time: 4.20 sec | Confidence=0.993 Jitter=5.17
[INFO] --------------------------------
[INFO] Processing: shake/7月7日 (5)(1).mp4
[INFO]   Frames: 105 | Inference Time: 2.57 sec | Confidence=0.997 Jitter=4.47
[INFO] --------------------------------
[INFO] Processing: shake/7月7日 (5)(2).mp4
[INFO]   Frames: 99 | Inference Time: 2.59 sec | Confidence=0.997 Jitter=5.70
[INFO] --------------------------------
[INFO] Processing: shake/7月7日 (5)(3).mp4
[INFO]   Frames: 102 | Inference Time: 2.74 sec | Confidence=0.970 Jitter=6.10
[INFO] --------------------------------
[INFO] Processing: shake/7月7日 (5)(4).mp4
[INFO]   Frames: 110 | Inference Time: 3.03 sec | Confidence=0.997 Jitter=5.22
[INFO] --------------------------------
[INFO] Processing: shake/7月7日 (5)(5).mp4
[INFO]   Frames: 108 | Inference Time: 2.96 sec | Confidence=0.995 Jitter=4.08
[INFO] --------------------------------
[INFO] Processing: shake/7月7日 (5).mp4
[INFO]   Frames: 116 | Inference Time: 2.88 sec | Confidence=0.997 Jitter=5.00
[INFO] --------------------------------
[INFO] Processing: stop/7月7日 (8)(2).mp4
[INFO]   Frames: 50 | Inference Time: 1.53 sec | Confidence=0.989 Jitter=3.03
[INFO] --------------------------------
[INFO] Processing: stop/7月7日 (8)(5).mp4
[INFO]   Frames: 307 | Inference Time: 8.90 sec | Confidence=0.991 Jitter=3.38
[INFO] --------------------------------
[INFO] Processing: stop/7月7日 (8).mp4
[INFO]   Frames: 123 | Inference Time: 3.22 sec | Confidence=0.989 Jitter=7.38
[INFO] --------------------------------
[INFO] Processing: stop/Desktop 2026.07.16 - 19.06.58.15.mp4
[INFO]   Frames: 206 | Inference Time: 4.73 sec | Confidence=0.994 Jitter=1.60
[INFO] --------------------------------
[INFO] 
Aggregating metrics...
[INFO] 
Writing CSV files...
[INFO] Generating figures...
[INFO] Writing reports...
[INFO] Appended to comparison history: C:\ai_project\pose_compare_results\comparison_history.log
[INFO] 
[INFO] =====================================================================================================
[INFO] 逐影片比較結果
[INFO] =====================================================================================================
[INFO] 行為       影片                               舊信心   新信心      信心Δ   舊抖動   新抖動      抖動Δ
[INFO] -----------------------------------------------------------------------------------------------------
[INFO] walk       7月7日 (8)(1).mp4                   0.989    0.994    +0.005↑    10.47     9.94     -0.52↓
[INFO] walk       7月7日 (8)(3).mp4                   0.917    0.930    +0.013↑    12.60    12.63     +0.03↑
[INFO] walk       7月7日 (8).mp4                      0.889    0.889    -0.001↓    23.34    22.51     -0.83↓
[INFO] lick       7月3日(1).mp4                       0.991    0.994    +0.003↑     2.53     2.31     -0.22↓
[INFO] lick       7月3日(2).mp4                       0.997    0.997    +0.000↑     2.47     2.01     -0.46↓
[INFO] lick       7月3日(3).mp4                       0.999    0.998    -0.001↓     2.42     2.78     +0.37↑
[INFO] lick       7月3日(4).mp4                       0.991    0.993    +0.002↑     2.08     2.15     +0.07↑
[INFO] lick       7月3日.mp4                          0.986    0.993    +0.007↑     3.13     3.06     -0.07↓
[INFO] scratch    7月3日 (2)(1).mp4                   0.982    0.975    -0.007↓     6.01     6.69     +0.68↑
[INFO] scratch    7月3日 (2)(2).mp4                   0.987    0.989    +0.002↑     6.98     6.38     -0.60↓
[INFO] scratch    7月3日 (2)(3).mp4                   0.997    0.995    -0.002↓     5.07     5.24     +0.17↑
[INFO] scratch    7月3日 (2)(4).mp4                   0.987    0.987    +0.000↑     4.58     4.98     +0.39↑
[INFO] scratch    7月3日 (2).mp4                      0.995    0.993    -0.002↓     5.16     5.17     +0.01↑
[INFO] shake      7月7日 (5)(1).mp4                   0.996    0.997    +0.001↑     3.92     4.47     +0.55↑
[INFO] shake      7月7日 (5)(2).mp4                   0.997    0.997    +0.000↑     6.21     5.70     -0.50↓
[INFO] shake      7月7日 (5)(3).mp4                   0.973    0.970    -0.004↓     5.56     6.10     +0.54↑
[INFO] shake      7月7日 (5)(4).mp4                   0.995    0.997    +0.001↑     4.92     5.22     +0.29↑
[INFO] shake      7月7日 (5)(5).mp4                   0.996    0.995    -0.001↓     4.29     4.08     -0.22↓
[INFO] shake      7月7日 (5).mp4                      0.995    0.997    +0.001↑     4.73     5.00     +0.27↑
[INFO] stop       7月7日 (8)(2).mp4                   0.991    0.989    -0.003↓     5.04     3.03     -2.01↓
[INFO] stop       7月7日 (8)(5).mp4                   0.988    0.991    +0.002↑     3.83     3.38     -0.44↓
[INFO] stop       7月7日 (8).mp4                      0.986    0.989    +0.002↑     6.45     7.38     +0.92↑
[INFO] stop       Desktop 2026.07.16 - 19.06.58.15.mp4    0.985    0.994    +0.009↑     1.27     1.60     +0.34↑
[INFO] 
[INFO] =================================================================================================
[INFO] 行為類別摘要
[INFO] =================================================================================================
[INFO] 行為         舊信心   新信心   信心改善   舊抖動   新抖動   抖動改善   舊缺失   新缺失   缺失改善
[INFO] -------------------------------------------------------------------------------------------------
[INFO] walk          0.932    0.940     +0.80%    14.33    13.90     +2.99%     0.0%     0.0%     +0.00%
[INFO] lick          0.993    0.995     +0.23%     2.52     2.44     +3.31%     0.0%     0.0%     +0.00%
[INFO] scratch       0.990    0.988     -0.21%     5.47     5.64     -3.04%     0.0%     0.0%     +0.00%
[INFO] shake         0.992    0.992     -0.02%     4.91     5.07     -3.24%     0.0%     0.0%     +0.00%
[INFO] stop          0.987    0.991     +0.39%     3.65     3.58     +2.11%     1.7%     2.2%     -0.44%
[INFO] 
[INFO] =================================================================================================
[INFO] ★★★ 主指標：P95 Jitter（尾部抖動，數值越小越穩定） ★★★
[INFO] =================================================================================================
[INFO] 行為       舊P95抖動 新P95抖動       改善
[INFO] -------------------------------------------------------------------------------------------------
[INFO] walk          40.98    39.88     +2.68%
[INFO] lick           8.99     8.78     +2.40%
[INFO] scratch       20.71    21.05     -1.61%
[INFO] shake         19.59    20.23     -3.26%
[INFO] stop          12.46    11.35     +8.93%
[INFO] -------------------------------------------------------------------------------------------------
[INFO] 整體          20.96    20.67     +1.38%
[INFO] 
[INFO]   ★ 主指標結論：v11s_133.pt 尾部抖動較小（Δ0.29px）— 依你指定的主指標，優先選它
[INFO] =================================================================================================
[INFO] 
[INFO] =================================================================================================
[INFO] [參考，非主指標] 整體比較結果（複合分數）
[INFO] =================================================================================================
[INFO] 舊模型        v11s_128.pt   複合分數 95.47
[INFO] 新模型        v11s_133.pt   複合分數 95.51
[INFO] 
[INFO] 平均信心值    0.983  →  0.985    改善 +0.18%
[INFO] 平均抖動      5.45 px  →  5.44 px    改善 +0.13%
[INFO] 缺失比率      0.4%  →  0.5%    改善 -0.09%
[INFO] 尾尖缺失      9.3%  →  6.4%
[INFO] 
[INFO] 綜合改善分數  +0.08%
[INFO] 進步最多行為  stop  （+8.9%）
[INFO] 退步最多行為  shake  （-3.3%）
[INFO] 
[INFO] 結論          v11s_133.pt  相較  v11s_128.pt  →  BETTER（較優）  [參考用複合分數]
[INFO] =================================================================================================
