=================================================
FINAL SUMMARY
=================================================

Videos Processed:
22

[PRIMARY] P95 Jitter Improvement:
+1.37%

[PRIMARY] Decision:
NEW MODEL WINS

[Reference] Old Model Composite Score:
95.39

[Reference] New Model Composite Score:
95.42

[Reference] Overall Improvement:
+0.27%

[Reference] Decision:
NEW MODEL WINS

Confidence:
+0.00%

Jitter (mean):
+0.75%

Missing Ratio:
+0.00%

Largest Improvement:
Stop

Largest Regression:
Shake

Finished Successfully.
=================================================