=================================================
FINAL SUMMARY
=================================================

Videos Processed:
23

[PRIMARY] P95 Jitter Improvement:
+100.00%

[PRIMARY] Decision:
NEW MODEL WINS

[Reference] Old Model Composite Score:
95.39

[Reference] New Model Composite Score:
65.00

[Reference] Overall Improvement:
+0.14%

[Reference] Decision:
NEW MODEL WINS

Confidence:
-100.00%

Jitter (mean):
+100.00%

Missing Ratio:
+0.47%

Largest Improvement:
Walk

Largest Regression:
Walk

Finished Successfully.
=================================================