[INFO] ====================================================
[INFO] YOLO Pose Model Comparison  [20260716_223434]
[INFO]   Old : C:\ai_project\cat_pose\v11s_129.pt
[INFO]   New : C:\ai_project\cat_pose\v11s_130.pt
[INFO]   Data[walk]: C:\Users\homec\OneDrive\圖片\貓咪圖像資料集\主要測試\walk
[INFO]   Data[lick]: C:\Users\homec\OneDrive\圖片\貓咪圖像資料集\主要測試\lick
[INFO]   Data[scratch]: C:\Users\homec\OneDrive\圖片\貓咪圖像資料集\主要測試\scratch
[INFO]   Data[shake]: C:\Users\homec\OneDrive\圖片\貓咪圖像資料集\主要測試\shake
[INFO]   Data[stop]: C:\Users\homec\OneDrive\圖片\貓咪圖像資料集\主要測試\stop
[INFO]   Out : C:\ai_project\pose_compare_results\20260716_223434  Device: cuda
[INFO] ====================================================
[WARNING] New model not found, skipping: C:\ai_project\cat_pose\v11s_130.pt
[INFO] Loading old model...
[INFO] Benchmark videos: 23
[INFO]   walk: 3
[INFO]   lick: 5
[INFO]   scratch: 5
[INFO]   shake: 6
[INFO]   stop: 4
[INFO] 
--- OLD MODEL: v11s_129.pt  (EMA α=1.0) ---
[INFO] Processing: walk/7月7日 (8)(1).mp4
[INFO]   Frames: 126 | Inference Time: 5.37 sec | Confidence=0.988 Jitter=10.44
[INFO] --------------------------------
[INFO] Processing: walk/7月7日 (8)(3).mp4
[INFO]   Frames: 200 | Inference Time: 4.78 sec | Confidence=0.922 Jitter=12.96
[INFO] --------------------------------
[INFO] Processing: walk/7月7日 (8).mp4
[INFO]   Frames: 94 | Inference Time: 2.26 sec | Confidence=0.886 Jitter=23.78
[INFO] --------------------------------
[INFO] Processing: lick/7月3日(1).mp4
[INFO]   Frames: 135 | Inference Time: 2.79 sec | Confidence=0.995 Jitter=2.20
[INFO] --------------------------------
[INFO] Processing: lick/7月3日(2).mp4
[INFO]   Frames: 156 | Inference Time: 3.26 sec | Confidence=0.998 Jitter=2.63
[INFO] --------------------------------
[INFO] Processing: lick/7月3日(3).mp4
[INFO]   Frames: 121 | Inference Time: 2.53 sec | Confidence=0.998 Jitter=2.58
[INFO] --------------------------------
[INFO] Processing: lick/7月3日(4).mp4
[INFO]   Frames: 147 | Inference Time: 3.03 sec | Confidence=0.990 Jitter=1.91
[INFO] --------------------------------
[INFO] Processing: lick/7月3日.mp4
[INFO]   Frames: 139 | Inference Time: 2.90 sec | Confidence=0.980 Jitter=3.13
[INFO] --------------------------------
[INFO] Processing: scratch/7月3日 (2)(1).mp4
[INFO]   Frames: 155 | Inference Time: 3.25 sec | Confidence=0.973 Jitter=6.02
[INFO] --------------------------------
[INFO] Processing: scratch/7月3日 (2)(2).mp4
[INFO]   Frames: 109 | Inference Time: 2.39 sec | Confidence=0.986 Jitter=6.14
[INFO] --------------------------------
[INFO] Processing: scratch/7月3日 (2)(3).mp4
[INFO]   Frames: 154 | Inference Time: 3.19 sec | Confidence=0.997 Jitter=5.51
[INFO] --------------------------------
[INFO] Processing: scratch/7月3日 (2)(4).mp4
[INFO]   Frames: 142 | Inference Time: 2.95 sec | Confidence=0.983 Jitter=4.83
[INFO] --------------------------------
[INFO] Processing: scratch/7月3日 (2).mp4
[INFO]   Frames: 177 | Inference Time: 3.84 sec | Confidence=0.997 Jitter=5.24
[INFO] --------------------------------
[INFO] Processing: shake/7月7日 (5)(1).mp4
[INFO]   Frames: 105 | Inference Time: 2.15 sec | Confidence=0.997 Jitter=4.39
[INFO] --------------------------------
[INFO] Processing: shake/7月7日 (5)(2).mp4
[INFO]   Frames: 99 | Inference Time: 2.12 sec | Confidence=0.997 Jitter=6.17
[INFO] --------------------------------
[INFO] Processing: shake/7月7日 (5)(3).mp4
[INFO]   Frames: 102 | Inference Time: 2.10 sec | Confidence=0.977 Jitter=5.86
[INFO] --------------------------------
[INFO] Processing: shake/7月7日 (5)(4).mp4
[INFO]   Frames: 110 | Inference Time: 2.29 sec | Confidence=0.996 Jitter=4.88
[INFO] --------------------------------
[INFO] Processing: shake/7月7日 (5)(5).mp4
[INFO]   Frames: 108 | Inference Time: 2.32 sec | Confidence=0.995 Jitter=4.02
[INFO] --------------------------------
[INFO] Processing: shake/7月7日 (5).mp4
[INFO]   Frames: 116 | Inference Time: 2.49 sec | Confidence=0.996 Jitter=4.69
[INFO] --------------------------------
[INFO] Processing: stop/7月7日 (8)(2).mp4
[INFO]   Frames: 50 | Inference Time: 1.27 sec | Confidence=0.990 Jitter=3.45
[INFO] --------------------------------
[INFO] Processing: stop/7月7日 (8)(5).mp4
[INFO]   Frames: 307 | Inference Time: 7.36 sec | Confidence=0.991 Jitter=3.26
[INFO] --------------------------------
[INFO] Processing: stop/7月7日 (8).mp4
[INFO]   Frames: 123 | Inference Time: 2.89 sec | Confidence=0.991 Jitter=7.07
[INFO] --------------------------------
[INFO] Processing: stop/Desktop 2026.07.16 - 19.06.58.15.mp4
[INFO]   Frames: 206 | Inference Time: 4.32 sec | Confidence=0.947 Jitter=1.23
[INFO] --------------------------------
[WARNING] 跳過 new model（路徑不存在或載入失敗）: C:\ai_project\cat_pose\v11s_130.pt
[INFO] 
Aggregating metrics...
[INFO] 
Writing CSV files...
[INFO] Generating figures...
[INFO] Writing reports...
[INFO] 
[INFO] =====================================================================================================
[INFO] 逐影片比較結果
[INFO] =====================================================================================================
[INFO] 行為       影片                               舊信心   新信心      信心Δ   舊抖動   新抖動      抖動Δ
[INFO] -----------------------------------------------------------------------------------------------------
[INFO] walk       7月7日 (8)(1).mp4                 (資料缺失，略過)
[INFO] walk       7月7日 (8)(3).mp4                 (資料缺失，略過)
[INFO] walk       7月7日 (8).mp4                    (資料缺失，略過)
[INFO] lick       7月3日(1).mp4                     (資料缺失，略過)
[INFO] lick       7月3日(2).mp4                     (資料缺失，略過)
[INFO] lick       7月3日(3).mp4                     (資料缺失，略過)
[INFO] lick       7月3日(4).mp4                     (資料缺失，略過)
[INFO] lick       7月3日.mp4                        (資料缺失，略過)
[INFO] scratch    7月3日 (2)(1).mp4                 (資料缺失，略過)
[INFO] scratch    7月3日 (2)(2).mp4                 (資料缺失，略過)
[INFO] scratch    7月3日 (2)(3).mp4                 (資料缺失，略過)
[INFO] scratch    7月3日 (2)(4).mp4                 (資料缺失，略過)
[INFO] scratch    7月3日 (2).mp4                    (資料缺失，略過)
[INFO] shake      7月7日 (5)(1).mp4                 (資料缺失，略過)
[INFO] shake      7月7日 (5)(2).mp4                 (資料缺失，略過)
[INFO] shake      7月7日 (5)(3).mp4                 (資料缺失，略過)
[INFO] shake      7月7日 (5)(4).mp4                 (資料缺失，略過)
[INFO] shake      7月7日 (5)(5).mp4                 (資料缺失，略過)
[INFO] shake      7月7日 (5).mp4                    (資料缺失，略過)
[INFO] stop       7月7日 (8)(2).mp4                 (資料缺失，略過)
[INFO] stop       7月7日 (8)(5).mp4                 (資料缺失，略過)
[INFO] stop       7月7日 (8).mp4                    (資料缺失，略過)
[INFO] stop       Desktop 2026.07.16 - 19.06.58.15.mp4  (資料缺失，略過)
[INFO] 
[INFO] =================================================================================================
[INFO] 行為類別摘要
[INFO] =================================================================================================
[INFO] 行為         舊信心   新信心   信心改善   舊抖動   新抖動   抖動改善   舊缺失   新缺失   缺失改善
[INFO] -------------------------------------------------------------------------------------------------
[INFO] walk          0.934    0.000   -100.00%    14.46     0.00   +100.00%     0.0%     0.0%     +0.00%
[INFO] lick          0.992    0.000   -100.00%     2.49     0.00   +100.00%     0.0%     0.0%     +0.00%
[INFO] scratch       0.987    0.000   -100.00%     5.51     0.00   +100.00%     0.0%     0.0%     +0.00%
[INFO] shake         0.993    0.000   -100.00%     4.97     0.00   +100.00%     0.0%     0.0%     +0.00%
[INFO] stop          0.978    0.000   -100.00%     3.39     0.00   +100.00%     2.2%     0.0%   +100.00%
[INFO] 
[INFO] =================================================================================================
[INFO] ★★★ 主指標：P95 Jitter（尾部抖動，數值越小越穩定） ★★★
[INFO] =================================================================================================
[INFO] 行為       舊P95抖動 新P95抖動       改善
[INFO] -------------------------------------------------------------------------------------------------
[INFO] walk          41.23     0.00   +100.00%
[INFO] lick           8.77     0.00   +100.00%
[INFO] scratch       20.44     0.00   +100.00%
[INFO] shake         19.87     0.00   +100.00%
[INFO] stop          11.11     0.00   +100.00%
[INFO] -------------------------------------------------------------------------------------------------
[INFO] 整體          20.72     0.00   +100.00%
[INFO] 
[INFO]   ★ 主指標結論：v11s_130.pt 尾部抖動較小（Δ20.72px）— 依你指定的主指標，優先選它
[INFO] =================================================================================================
[INFO] 
[INFO] =================================================================================================
[INFO] [參考，非主指標] 整體比較結果（複合分數）
[INFO] =================================================================================================
[INFO] 舊模型        v11s_129.pt   複合分數 95.39
[INFO] 新模型        v11s_130.pt   複合分數 65.00
[INFO] 
[INFO] 平均信心值    0.981  →  0.000    改善 -100.00%
[INFO] 平均抖動      5.41 px  →  0.00 px    改善 +100.00%
[INFO] 缺失比率      0.5%  →  0.0%    改善 +0.47%
[INFO] 尾尖缺失      8.8%  →  0.0%
[INFO] 
[INFO] 綜合改善分數  +0.14%
[INFO] 進步最多行為  walk  （+100.0%）
[INFO] 退步最多行為  walk  （+100.0%）
[INFO] 
[INFO] 結論          v11s_130.pt  相較  v11s_129.pt  →  BETTER（較優）  [參考用複合分數]
[INFO] =================================================================================================
