[INFO] ====================================================
[INFO] YOLO Pose Model Comparison  [20260721_131513]
[INFO]   Old : C:\ai_project\cat_pose\v11s_134.pt
[INFO]   New : C:\ai_project\cat_pose\v11s_135.pt
[INFO]   Data[walk]: C:\Users\homec\OneDrive\圖片\貓咪圖像資料集\主要測試\walk
[INFO]   Data[lick]: C:\Users\homec\OneDrive\圖片\貓咪圖像資料集\主要測試\lick
[INFO]   Data[scratch]: C:\Users\homec\OneDrive\圖片\貓咪圖像資料集\主要測試\scratch
[INFO]   Data[shake]: C:\Users\homec\OneDrive\圖片\貓咪圖像資料集\主要測試\shake
[INFO]   Data[stop]: C:\Users\homec\OneDrive\圖片\貓咪圖像資料集\主要測試\stop
[INFO]   Out : C:\ai_project\pose_compare_results\20260721_131513  Device: cuda
[INFO] ====================================================
[INFO] Loading old model...
[INFO] Loading new model...
[INFO] Benchmark videos: 23
[INFO]   walk: 3
[INFO]   lick: 5
[INFO]   scratch: 5
[INFO]   shake: 6
[INFO]   stop: 4
[INFO] 
--- OLD MODEL: v11s_134.pt  (EMA α=1.0) ---
[INFO] Processing: walk/7月7日 (8)(1).mp4
[INFO]   Frames: 126 | Inference Time: 6.25 sec | Confidence=0.983 Jitter=10.12
[INFO] --------------------------------
[INFO] Processing: walk/7月7日 (8)(3).mp4
[INFO]   Frames: 200 | Inference Time: 4.74 sec | Confidence=0.917 Jitter=12.13
[INFO] --------------------------------
[INFO] Processing: walk/7月7日 (8).mp4
[INFO]   Frames: 94 | Inference Time: 2.26 sec | Confidence=0.877 Jitter=20.92
[INFO] --------------------------------
[INFO] Processing: lick/7月3日(1).mp4
[INFO]   Frames: 135 | Inference Time: 3.10 sec | Confidence=0.991 Jitter=2.32
[INFO] --------------------------------
[INFO] Processing: lick/7月3日(2).mp4
[INFO]   Frames: 156 | Inference Time: 3.24 sec | Confidence=0.998 Jitter=2.46
[INFO] --------------------------------
[INFO] Processing: lick/7月3日(3).mp4
[INFO]   Frames: 121 | Inference Time: 2.54 sec | Confidence=0.999 Jitter=2.78
[INFO] --------------------------------
[INFO] Processing: lick/7月3日(4).mp4
[INFO]   Frames: 147 | Inference Time: 3.07 sec | Confidence=0.988 Jitter=2.01
[INFO] --------------------------------
[INFO] Processing: lick/7月3日.mp4
[INFO]   Frames: 139 | Inference Time: 2.92 sec | Confidence=0.979 Jitter=3.10
[INFO] --------------------------------
[INFO] Processing: scratch/7月3日 (2)(1).mp4
[INFO]   Frames: 155 | Inference Time: 3.23 sec | Confidence=0.972 Jitter=6.71
[INFO] --------------------------------
[INFO] Processing: scratch/7月3日 (2)(2).mp4
[INFO]   Frames: 109 | Inference Time: 2.34 sec | Confidence=0.981 Jitter=6.68
[INFO] --------------------------------
[INFO] Processing: scratch/7月3日 (2)(3).mp4
[INFO]   Frames: 154 | Inference Time: 3.24 sec | Confidence=0.997 Jitter=5.67
[INFO] --------------------------------
[INFO] Processing: scratch/7月3日 (2)(4).mp4
[INFO]   Frames: 142 | Inference Time: 2.94 sec | Confidence=0.966 Jitter=4.96
[INFO] --------------------------------
[INFO] Processing: scratch/7月3日 (2).mp4
[INFO]   Frames: 177 | Inference Time: 3.63 sec | Confidence=0.995 Jitter=5.63
[INFO] --------------------------------
[INFO] Processing: shake/7月7日 (5)(1).mp4
[INFO]   Frames: 105 | Inference Time: 2.34 sec | Confidence=0.996 Jitter=4.51
[INFO] --------------------------------
[INFO] Processing: shake/7月7日 (5)(2).mp4
[INFO]   Frames: 99 | Inference Time: 2.12 sec | Confidence=0.994 Jitter=5.79
[INFO] --------------------------------
[INFO] Processing: shake/7月7日 (5)(3).mp4
[INFO]   Frames: 102 | Inference Time: 2.01 sec | Confidence=0.960 Jitter=6.54
[INFO] --------------------------------
[INFO] Processing: shake/7月7日 (5)(4).mp4
[INFO]   Frames: 110 | Inference Time: 2.26 sec | Confidence=0.996 Jitter=4.66
[INFO] --------------------------------
[INFO] Processing: shake/7月7日 (5)(5).mp4
[INFO]   Frames: 108 | Inference Time: 2.16 sec | Confidence=0.996 Jitter=4.50
[INFO] --------------------------------
[INFO] Processing: shake/7月7日 (5).mp4
[INFO]   Frames: 116 | Inference Time: 2.40 sec | Confidence=0.996 Jitter=4.47
[INFO] --------------------------------
[INFO] Processing: stop/7月7日 (8)(2).mp4
[INFO]   Frames: 50 | Inference Time: 1.19 sec | Confidence=0.970 Jitter=2.83
[INFO] --------------------------------
[INFO] Processing: stop/7月7日 (8)(5).mp4
[INFO]   Frames: 307 | Inference Time: 6.99 sec | Confidence=0.987 Jitter=5.36
[INFO] --------------------------------
[INFO] Processing: stop/7月7日 (8).mp4
[INFO]   Frames: 123 | Inference Time: 2.83 sec | Confidence=0.983 Jitter=7.00
[INFO] --------------------------------
[INFO] Processing: stop/Desktop 2026.07.16 - 19.06.58.15.mp4
[INFO]   Frames: 206 | Inference Time: 4.24 sec | Confidence=0.990 Jitter=1.46
[INFO] --------------------------------
[INFO] 
--- NEW MODEL: v11s_135.pt  (EMA α=1.0) ---
[INFO] Processing: walk/7月7日 (8)(1).mp4
[INFO]   Frames: 126 | Inference Time: 3.07 sec | Confidence=0.983 Jitter=10.12
[INFO] --------------------------------
[INFO] Processing: walk/7月7日 (8)(3).mp4
[INFO]   Frames: 200 | Inference Time: 4.79 sec | Confidence=0.918 Jitter=12.98
[INFO] --------------------------------
[INFO] Processing: walk/7月7日 (8).mp4
[INFO]   Frames: 94 | Inference Time: 2.30 sec | Confidence=0.840 Jitter=20.50
[INFO] --------------------------------
[INFO] Processing: lick/7月3日(1).mp4
[INFO]   Frames: 135 | Inference Time: 2.75 sec | Confidence=0.988 Jitter=2.26
[INFO] --------------------------------
[INFO] Processing: lick/7月3日(2).mp4
[INFO]   Frames: 156 | Inference Time: 3.18 sec | Confidence=0.998 Jitter=2.15
[INFO] --------------------------------
[INFO] Processing: lick/7月3日(3).mp4
[INFO]   Frames: 121 | Inference Time: 2.47 sec | Confidence=0.997 Jitter=2.42
[INFO] --------------------------------
[INFO] Processing: lick/7月3日(4).mp4
[INFO]   Frames: 147 | Inference Time: 3.00 sec | Confidence=0.992 Jitter=2.02
[INFO] --------------------------------
[INFO] Processing: lick/7月3日.mp4
[INFO]   Frames: 139 | Inference Time: 2.87 sec | Confidence=0.976 Jitter=3.19
[INFO] --------------------------------
[INFO] Processing: scratch/7月3日 (2)(1).mp4
[INFO]   Frames: 155 | Inference Time: 3.16 sec | Confidence=0.959 Jitter=6.14
[INFO] --------------------------------
[INFO] Processing: scratch/7月3日 (2)(2).mp4
[INFO]   Frames: 109 | Inference Time: 2.17 sec | Confidence=0.994 Jitter=6.61
[INFO] --------------------------------
[INFO] Processing: scratch/7月3日 (2)(3).mp4
[INFO]   Frames: 154 | Inference Time: 3.18 sec | Confidence=0.997 Jitter=5.87
[INFO] --------------------------------
[INFO] Processing: scratch/7月3日 (2)(4).mp4
[INFO]   Frames: 142 | Inference Time: 2.86 sec | Confidence=0.979 Jitter=5.34
[INFO] --------------------------------
[INFO] Processing: scratch/7月3日 (2).mp4
[INFO]   Frames: 177 | Inference Time: 3.57 sec | Confidence=0.998 Jitter=5.84
[INFO] --------------------------------
[INFO] Processing: shake/7月7日 (5)(1).mp4
[INFO]   Frames: 105 | Inference Time: 2.21 sec | Confidence=0.997 Jitter=5.17
[INFO] --------------------------------
[INFO] Processing: shake/7月7日 (5)(2).mp4
[INFO]   Frames: 99 | Inference Time: 2.05 sec | Confidence=0.997 Jitter=6.98
[INFO] --------------------------------
[INFO] Processing: shake/7月7日 (5)(3).mp4
[INFO]   Frames: 102 | Inference Time: 2.10 sec | Confidence=0.958 Jitter=6.12
[INFO] --------------------------------
[INFO] Processing: shake/7月7日 (5)(4).mp4
[INFO]   Frames: 110 | Inference Time: 2.19 sec | Confidence=0.996 Jitter=4.78
[INFO] --------------------------------
[INFO] Processing: shake/7月7日 (5)(5).mp4
[INFO]   Frames: 108 | Inference Time: 2.21 sec | Confidence=0.995 Jitter=4.10
[INFO] --------------------------------
[INFO] Processing: shake/7月7日 (5).mp4
[INFO]   Frames: 116 | Inference Time: 2.38 sec | Confidence=0.996 Jitter=4.61
[INFO] --------------------------------
[INFO] Processing: stop/7月7日 (8)(2).mp4
[INFO]   Frames: 50 | Inference Time: 1.18 sec | Confidence=0.963 Jitter=3.76
[INFO] --------------------------------
[INFO] Processing: stop/7月7日 (8)(5).mp4
[INFO]   Frames: 307 | Inference Time: 7.04 sec | Confidence=0.991 Jitter=3.43
[INFO] --------------------------------
[INFO] Processing: stop/7月7日 (8).mp4
[INFO]   Frames: 123 | Inference Time: 2.86 sec | Confidence=0.991 Jitter=6.92
[INFO] --------------------------------
[INFO] Processing: stop/Desktop 2026.07.16 - 19.06.58.15.mp4
[INFO]   Frames: 206 | Inference Time: 4.20 sec | Confidence=0.990 Jitter=1.32
[INFO] --------------------------------
[INFO] 
Aggregating metrics...
[INFO] 
Writing CSV files...
[INFO] Generating figures...
[INFO] Writing reports...
[INFO] Appended to comparison history: C:\ai_project\pose_compare_results\comparison_history.log
[INFO] 
[INFO] =====================================================================================================
[INFO] 逐影片比較結果
[INFO] =====================================================================================================
[INFO] 行為       影片                               舊信心   新信心      信心Δ   舊抖動   新抖動      抖動Δ
[INFO] -----------------------------------------------------------------------------------------------------
[INFO] walk       7月7日 (8)(1).mp4                   0.983    0.983    +0.000↑    10.12    10.12     +0.01↑
[INFO] walk       7月7日 (8)(3).mp4                   0.917    0.918    +0.002↑    12.13    12.98     +0.84↑
[INFO] walk       7月7日 (8).mp4                      0.877    0.840    -0.037↓    20.92    20.50     -0.41↓
[INFO] lick       7月3日(1).mp4                       0.991    0.988    -0.003↓     2.32     2.26     -0.06↓
[INFO] lick       7月3日(2).mp4                       0.998    0.998    +0.001↑     2.46     2.15     -0.31↓
[INFO] lick       7月3日(3).mp4                       0.999    0.997    -0.002↓     2.78     2.42     -0.36↓
[INFO] lick       7月3日(4).mp4                       0.988    0.992    +0.004↑     2.01     2.02     +0.01↑
[INFO] lick       7月3日.mp4                          0.979    0.976    -0.002↓     3.10     3.19     +0.09↑
[INFO] scratch    7月3日 (2)(1).mp4                   0.972    0.959    -0.013↓     6.71     6.14     -0.57↓
[INFO] scratch    7月3日 (2)(2).mp4                   0.981    0.994    +0.013↑     6.68     6.61     -0.07↓
[INFO] scratch    7月3日 (2)(3).mp4                   0.997    0.997    +0.000↑     5.67     5.87     +0.20↑
[INFO] scratch    7月3日 (2)(4).mp4                   0.966    0.979    +0.012↑     4.96     5.34     +0.38↑
[INFO] scratch    7月3日 (2).mp4                      0.995    0.998    +0.003↑     5.63     5.84     +0.21↑
[INFO] shake      7月7日 (5)(1).mp4                   0.996    0.997    +0.001↑     4.51     5.17     +0.66↑
[INFO] shake      7月7日 (5)(2).mp4                   0.994    0.997    +0.003↑     5.79     6.98     +1.19↑
[INFO] shake      7月7日 (5)(3).mp4                   0.960    0.958    -0.003↓     6.54     6.12     -0.42↓
[INFO] shake      7月7日 (5)(4).mp4                   0.996    0.996    -0.000↓     4.66     4.78     +0.12↑
[INFO] shake      7月7日 (5)(5).mp4                   0.996    0.995    -0.001↓     4.50     4.10     -0.40↓
[INFO] shake      7月7日 (5).mp4                      0.996    0.996    -0.000↓     4.47     4.61     +0.14↑
[INFO] stop       7月7日 (8)(2).mp4                   0.970    0.963    -0.006↓     2.83     3.76     +0.93↑
[INFO] stop       7月7日 (8)(5).mp4                   0.987    0.991    +0.004↑     5.36     3.43     -1.93↓
[INFO] stop       7月7日 (8).mp4                      0.983    0.991    +0.008↑     7.00     6.92     -0.08↓
[INFO] stop       Desktop 2026.07.16 - 19.06.58.15.mp4    0.990    0.990    -0.001↓     1.46     1.32     -0.13↓
[INFO] 
[INFO] =================================================================================================
[INFO] 行為類別摘要
[INFO] =================================================================================================
[INFO] 行為         舊信心   新信心   信心改善   舊抖動   新抖動   抖動改善   舊缺失   新缺失   缺失改善
[INFO] -------------------------------------------------------------------------------------------------
[INFO] walk          0.928    0.920     -0.80%    13.39    13.53     -1.02%     0.0%     0.0%     +0.00%
[INFO] lick          0.991    0.990     -0.05%     2.52     2.40     +4.85%     0.0%     0.0%     +0.00%
[INFO] scratch       0.983    0.985     +0.24%     5.89     5.93     -0.69%     0.0%     0.0%     +0.00%
[INFO] shake         0.990    0.990     -0.00%     5.03     5.24     -4.16%     0.0%     0.0%     +0.00%
[INFO] stop          0.986    0.989     +0.28%     4.33     3.49    +19.45%     0.6%     2.2%     -1.60%
[INFO] 
[INFO] =================================================================================================
[INFO] ★★★ 主指標：P95 Jitter（尾部抖動，數值越小越穩定） ★★★
[INFO] =================================================================================================
[INFO] 行為       舊P95抖動 新P95抖動       改善
[INFO] -------------------------------------------------------------------------------------------------
[INFO] walk          37.84    38.94     -2.89%
[INFO] lick           9.12     8.28     +9.25%
[INFO] scratch       22.32    21.51     +3.63%
[INFO] shake         20.01    21.18     -5.82%
[INFO] stop          14.29    11.24    +21.37%
[INFO] -------------------------------------------------------------------------------------------------
[INFO] 整體          21.24    20.48     +3.58%
[INFO] 
[INFO]   ★ 主指標結論：v11s_135.pt 尾部抖動較小（Δ0.76px）— 依你指定的主指標，優先選它
[INFO] =================================================================================================
[INFO] 
[INFO] =================================================================================================
[INFO] [參考，非主指標] 整體比較結果（複合分數）
[INFO] =================================================================================================
[INFO] 舊模型        v11s_134.pt   複合分數 95.34
[INFO] 新模型        v11s_135.pt   複合分數 95.34
[INFO] 
[INFO] 平均信心值    0.980  →  0.980    改善 +0.00%
[INFO] 平均抖動      5.58 px  →  5.43 px    改善 +2.68%
[INFO] 缺失比率      0.1%  →  0.5%    改善 -0.35%
[INFO] 尾尖缺失      9.5%  →  9.8%
[INFO] 
[INFO] 綜合改善分數  +0.83%
[INFO] 進步最多行為  stop  （+21.4%）
[INFO] 退步最多行為  shake  （-5.8%）
[INFO] 
[INFO] 結論          v11s_135.pt  相較  v11s_134.pt  →  BETTER（較優）  [參考用複合分數]
[INFO] =================================================================================================
