[INFO] ====================================================
[INFO] YOLO Pose Model Comparison  [20260817_165235]
[INFO]   Old : C:\ai_project\yolo_models\v11s_145.pt
[INFO]   New : C:\ai_project\yolo_models\v11s_146.pt
[INFO]   Data[walk]: C:\Users\homec\OneDrive\圖片\貓咪圖像資料集\主要測試\walk
[INFO]   Out : C:\ai_project\pose_compare_results\20260817_165235  Device: cuda
[INFO] ====================================================
[INFO] Loading old model...
[INFO] Loading new model...
[WARNING]   ⚠ 跳過 [lick] （未列入 BENCHMARK_DIRS，已略過）
[WARNING]   ⚠ 跳過 [scratch] （未列入 BENCHMARK_DIRS，已略過）
[WARNING]   ⚠ 跳過 [shake] （未列入 BENCHMARK_DIRS，已略過）
[WARNING]   ⚠ 跳過 [stop] （未列入 BENCHMARK_DIRS，已略過）
[INFO] Benchmark videos: 4
[INFO]   walk: 4
[INFO]   lick: 0
[INFO]   scratch: 0
[INFO]   shake: 0
[INFO]   stop: 0
[INFO] 
--- OLD MODEL: v11s_145.pt  (EMA α=1.0) ---
[INFO] Processing: walk/7月7日 (8)(1).mp4
[INFO]   Frames: 126 | Inference Time: 6.44 sec | Confidence=0.989 Jitter=11.54
[INFO] --------------------------------
[INFO] Processing: walk/7月7日 (8)(3).mp4
[INFO]   Frames: 200 | Inference Time: 4.82 sec | Confidence=0.976 Jitter=13.81
[INFO] --------------------------------
[INFO] Processing: walk/7月7日 (8).mp4
[INFO]   Frames: 94 | Inference Time: 2.41 sec | Confidence=0.956 Jitter=31.92
[INFO] --------------------------------
[INFO] Processing: walk/walk_1.mp4
[INFO]   Frames: 473 | Inference Time: 10.21 sec | Confidence=0.984 Jitter=11.35
[INFO] --------------------------------
[INFO] 
--- NEW MODEL: v11s_146.pt  (EMA α=1.0) ---
[INFO] Processing: walk/7月7日 (8)(1).mp4
[INFO]   Frames: 126 | Inference Time: 3.50 sec | Confidence=0.986 Jitter=10.12
[INFO] --------------------------------
[INFO] Processing: walk/7月7日 (8)(3).mp4
[INFO]   Frames: 200 | Inference Time: 4.87 sec | Confidence=0.936 Jitter=12.81
[INFO] --------------------------------
[INFO] Processing: walk/7月7日 (8).mp4
[INFO]   Frames: 94 | Inference Time: 2.34 sec | Confidence=0.852 Jitter=21.04
[INFO] --------------------------------
[INFO] Processing: walk/walk_1.mp4
[INFO]   Frames: 473 | Inference Time: 9.96 sec | Confidence=0.985 Jitter=10.32
[INFO] --------------------------------
[INFO] 
Aggregating metrics...
[INFO] 
Writing CSV files...
[INFO] Generating figures...
[INFO] Writing reports...
[INFO] Appended to comparison history: C:\ai_project\pose_compare_results\comparison_history.log
[INFO] 本次執行總花費時間：00:51（共 50.9 秒）
[INFO] 
[INFO] =====================================================================================================
[INFO] 逐影片比較結果
[INFO] =====================================================================================================
[INFO] 行為       影片                               舊信心   新信心      信心Δ   舊抖動   新抖動      抖動Δ
[INFO] -----------------------------------------------------------------------------------------------------
[INFO] walk       7月7日 (8)(1).mp4                   0.989    0.986    -0.003↓    11.54    10.12     -1.42↓
[INFO] walk       7月7日 (8)(3).mp4                   0.976    0.936    -0.040↓    13.81    12.81     -1.00↓
[INFO] walk       7月7日 (8).mp4                      0.956    0.852    -0.104↓    31.92    21.04    -10.88↓
[INFO] walk       walk_1.mp4                          0.984    0.985    +0.001↑    11.35    10.32     -1.03↓
[INFO] 
[INFO] =================================================================================================
[INFO] 行為類別摘要
[INFO] =================================================================================================
[INFO] 行為         舊信心   新信心   信心改善   舊抖動   新抖動   抖動改善   舊缺失   新缺失   缺失改善
[INFO] -------------------------------------------------------------------------------------------------
[INFO] walk          0.980    0.960     -2.05%    13.55    11.72    +13.56%     2.1%     0.0%   +100.00%
[INFO] lick          0.000    0.000     +0.00%     0.00     0.00     +0.00%     0.0%     0.0%     +0.00%
[INFO] scratch       0.000    0.000     +0.00%     0.00     0.00     +0.00%     0.0%     0.0%     +0.00%
[INFO] shake         0.000    0.000     +0.00%     0.00     0.00     +0.00%     0.0%     0.0%     +0.00%
[INFO] stop          0.000    0.000     +0.00%     0.00     0.00     +0.00%     0.0%     0.0%     +0.00%
[INFO] 
[INFO] =================================================================================================
[INFO] ★★★ 主指標：P95 Jitter（尾部抖動，數值越小越穩定） ★★★
[INFO] =================================================================================================
[INFO] 行為       舊P95抖動 新P95抖動       改善
[INFO] -------------------------------------------------------------------------------------------------
[INFO] walk          41.00    33.90    +17.33%
[INFO] lick           0.00     0.00     +0.00%
[INFO] scratch        0.00     0.00     +0.00%
[INFO] shake          0.00     0.00     +0.00%
[INFO] stop           0.00     0.00     +0.00%
[INFO] -------------------------------------------------------------------------------------------------
[INFO] 整體          41.00    33.90    +17.33%
[INFO] 
[INFO]   ★ 主指標結論：v11s_146.pt 尾部抖動較小（Δ7.10px）— 依你指定的主指標，優先選它
[INFO] =================================================================================================
[INFO] 
[INFO] =================================================================================================
[INFO] [參考，非主指標] 整體比較結果（複合分數）
[INFO] =================================================================================================
[INFO] 舊模型        v11s_145.pt   複合分數 89.19
[INFO] 新模型        v11s_146.pt   複合分數 90.41
[INFO] 
[INFO] 平均信心值    0.980  →  0.960    改善 -2.05%
[INFO] 平均抖動      13.55 px  →  11.72 px    改善 +13.56%
[INFO] 缺失比率      2.1%  →  0.0%    改善 +100.00%
[INFO] 尾尖缺失      0.0%  →  16.2%
[INFO] 
[INFO] 綜合改善分數  +34.03%
[INFO] 進步最多行為  walk  （+17.33%）
[INFO] 退步最多行為  walk  （+17.33%）（並未實際退步）
[INFO] 
[INFO] 結論          v11s_146.pt  相較  v11s_145.pt  →  BETTER（較優）  [參考用複合分數]
[INFO] =================================================================================================
