[INFO] ====================================================
[INFO] YOLO Pose Model Comparison  [20260813_221256]
[INFO]   Old : C:\ai_project\cat_pose\v11s_144.pt
[INFO]   New : C:\ai_project\cat_pose\v11s_145.pt
[INFO]   Data[walk]: C:\Users\homec\OneDrive\圖片\貓咪圖像資料集\主要測試\walk
[INFO]   Out : C:\ai_project\pose_compare_results\20260813_221256  Device: cuda
[INFO] ====================================================
[INFO] Loading old model...
[INFO] Loading new model...
[WARNING]   ⚠ 跳過 [lick] （未列入 BENCHMARK_DIRS，已略過）
[WARNING]   ⚠ 跳過 [scratch] （未列入 BENCHMARK_DIRS，已略過）
[WARNING]   ⚠ 跳過 [shake] （未列入 BENCHMARK_DIRS，已略過）
[WARNING]   ⚠ 跳過 [stop] （未列入 BENCHMARK_DIRS，已略過）
[INFO] Benchmark videos: 4
[INFO]   walk: 4
[INFO]   lick: 0
[INFO]   scratch: 0
[INFO]   shake: 0
[INFO]   stop: 0
[INFO] 
--- OLD MODEL: v11s_144.pt  (EMA α=1.0) ---
[INFO] Processing: walk/7月7日 (8)(1).mp4
[INFO]   Frames: 126 | Inference Time: 6.84 sec | Confidence=0.984 Jitter=10.35
[INFO] --------------------------------
[INFO] Processing: walk/7月7日 (8)(3).mp4
[INFO]   Frames: 200 | Inference Time: 5.15 sec | Confidence=0.916 Jitter=12.66
[INFO] --------------------------------
[INFO] Processing: walk/7月7日 (8).mp4
[INFO]   Frames: 94 | Inference Time: 2.37 sec | Confidence=0.876 Jitter=23.02
[INFO] --------------------------------
[INFO] Processing: walk/walk_1.mp4
[INFO]   Frames: 473 | Inference Time: 10.08 sec | Confidence=0.989 Jitter=11.67
[INFO] --------------------------------
[INFO] 
--- NEW MODEL: v11s_145.pt  (EMA α=1.0) ---
[INFO] Processing: walk/7月7日 (8)(1).mp4
[INFO]   Frames: 126 | Inference Time: 3.08 sec | Confidence=0.989 Jitter=11.54
[INFO] --------------------------------
[INFO] Processing: walk/7月7日 (8)(3).mp4
[INFO]   Frames: 200 | Inference Time: 4.92 sec | Confidence=0.976 Jitter=13.81
[INFO] --------------------------------
[INFO] Processing: walk/7月7日 (8).mp4
[INFO]   Frames: 94 | Inference Time: 2.42 sec | Confidence=0.956 Jitter=31.92
[INFO] --------------------------------
[INFO] Processing: walk/walk_1.mp4
[INFO]   Frames: 473 | Inference Time: 10.25 sec | Confidence=0.984 Jitter=11.35
[INFO] --------------------------------
[INFO] 
Aggregating metrics...
[INFO] 
Writing CSV files...
[INFO] Generating figures...
[INFO] Writing reports...
[INFO] Appended to comparison history: C:\ai_project\pose_compare_results\comparison_history.log
[INFO] 本次執行總花費時間：00:50（共 50.5 秒）
[INFO] 
[INFO] =====================================================================================================
[INFO] 逐影片比較結果
[INFO] =====================================================================================================
[INFO] 行為       影片                               舊信心   新信心      信心Δ   舊抖動   新抖動      抖動Δ
[INFO] -----------------------------------------------------------------------------------------------------
[INFO] walk       7月7日 (8)(1).mp4                   0.984    0.989    +0.006↑    10.35    11.54     +1.19↑
[INFO] walk       7月7日 (8)(3).mp4                   0.916    0.976    +0.060↑    12.66    13.81     +1.16↑
[INFO] walk       7月7日 (8).mp4                      0.876    0.956    +0.080↑    23.02    31.92     +8.90↑
[INFO] walk       walk_1.mp4                          0.989    0.984    -0.005↓    11.67    11.35     -0.32↓
[INFO] 
[INFO] =================================================================================================
[INFO] 行為類別摘要
[INFO] =================================================================================================
[INFO] 行為         舊信心   新信心   信心改善   舊抖動   新抖動   抖動改善   舊缺失   新缺失   缺失改善
[INFO] -------------------------------------------------------------------------------------------------
[INFO] walk          0.960    0.980     +2.15%    12.85    13.55     -5.44%     0.0%     2.1%     -2.13%
[INFO] lick          0.000    0.000     +0.00%     0.00     0.00     +0.00%     0.0%     0.0%     +0.00%
[INFO] scratch       0.000    0.000     +0.00%     0.00     0.00     +0.00%     0.0%     0.0%     +0.00%
[INFO] shake         0.000    0.000     +0.00%     0.00     0.00     +0.00%     0.0%     0.0%     +0.00%
[INFO] stop          0.000    0.000     +0.00%     0.00     0.00     +0.00%     0.0%     0.0%     +0.00%
[INFO] 
[INFO] =================================================================================================
[INFO] ★★★ 主指標：P95 Jitter（尾部抖動，數值越小越穩定） ★★★
[INFO] =================================================================================================
[INFO] 行為       舊P95抖動 新P95抖動       改善
[INFO] -------------------------------------------------------------------------------------------------
[INFO] walk          36.70    41.00    -11.72%
[INFO] lick           0.00     0.00     +0.00%
[INFO] scratch        0.00     0.00     +0.00%
[INFO] shake          0.00     0.00     +0.00%
[INFO] stop           0.00     0.00     +0.00%
[INFO] -------------------------------------------------------------------------------------------------
[INFO] 整體          36.70    41.00    -11.72%
[INFO] 
[INFO]   ★ 主指標結論：v11s_144.pt 尾部抖動較小（Δ4.30px）— 依你指定的主指標，優先選它
[INFO] =================================================================================================
[INFO] 
[INFO] =================================================================================================
[INFO] [參考，非主指標] 整體比較結果（複合分數）
[INFO] =================================================================================================
[INFO] 舊模型        v11s_144.pt   複合分數 89.60
[INFO] 新模型        v11s_145.pt   複合分數 89.19
[INFO] 
[INFO] 平均信心值    0.960  →  0.980    改善 +2.15%
[INFO] 平均抖動      12.85 px  →  13.55 px    改善 -5.44%
[INFO] 缺失比率      0.0%  →  2.1%    改善 -2.13%
[INFO] 尾尖缺失      7.4%  →  0.0%
[INFO] 
[INFO] 綜合改善分數  -1.79%
[INFO] 進步最多行為  walk  （-11.72%）（並未實際進步）
[INFO] 退步最多行為  walk  （-11.72%）
[INFO] 
[INFO] 結論          v11s_145.pt  相較  v11s_144.pt  →  WORSE（較差）  [參考用複合分數]
[INFO] =================================================================================================
