[INFO] ====================================================
[INFO] YOLO Pose Model Comparison  [20260726_004256]
[INFO]   Old : C:\ai_project\cat_pose\v11s_142.pt
[INFO]   New : C:\ai_project\cat_pose\v11s_143.pt
[INFO]   Data[walk]: C:\Users\homec\OneDrive\圖片\貓咪圖像資料集\主要測試\walk
[INFO]   Out : C:\ai_project\pose_compare_results\20260726_004256  Device: cuda
[INFO] ====================================================
[INFO] Loading old model...
[INFO] Loading new model...
[WARNING]   ⚠ 跳過 [lick] （未列入 BENCHMARK_DIRS，已略過）
[WARNING]   ⚠ 跳過 [scratch] （未列入 BENCHMARK_DIRS，已略過）
[WARNING]   ⚠ 跳過 [shake] （未列入 BENCHMARK_DIRS，已略過）
[WARNING]   ⚠ 跳過 [stop] （未列入 BENCHMARK_DIRS，已略過）
[INFO] Benchmark videos: 3
[INFO]   walk: 3
[INFO]   lick: 0
[INFO]   scratch: 0
[INFO]   shake: 0
[INFO]   stop: 0
[INFO] 
--- OLD MODEL: v11s_142.pt  (EMA α=1.0) ---
[INFO] Processing: walk/7月7日 (8)(1).mp4
[INFO]   Frames: 126 | Inference Time: 6.54 sec | Confidence=0.992 Jitter=10.26
[INFO] --------------------------------
[INFO] Processing: walk/7月7日 (8)(3).mp4
[INFO]   Frames: 200 | Inference Time: 5.31 sec | Confidence=0.917 Jitter=12.41
[INFO] --------------------------------
[INFO] Processing: walk/7月7日 (8).mp4
[INFO]   Frames: 94 | Inference Time: 2.83 sec | Confidence=0.837 Jitter=19.82
[INFO] --------------------------------
[INFO] 
--- NEW MODEL: v11s_143.pt  (EMA α=1.0) ---
[INFO] Processing: walk/7月7日 (8)(1).mp4
[INFO]   Frames: 126 | Inference Time: 3.63 sec | Confidence=0.989 Jitter=10.64
[INFO] --------------------------------
[INFO] Processing: walk/7月7日 (8)(3).mp4
[INFO]   Frames: 200 | Inference Time: 4.93 sec | Confidence=0.916 Jitter=12.81
[INFO] --------------------------------
[INFO] Processing: walk/7月7日 (8).mp4
[INFO]   Frames: 94 | Inference Time: 2.48 sec | Confidence=0.872 Jitter=20.46
[INFO] --------------------------------
[INFO] 
Aggregating metrics...
[INFO] 
Writing CSV files...
[INFO] Generating figures...
[INFO] Writing reports...
[INFO] Appended to comparison history: C:\ai_project\pose_compare_results\comparison_history.log
[INFO] 本次執行總花費時間：00:33（共 32.5 秒）
[INFO] 
[INFO] =====================================================================================================
[INFO] 逐影片比較結果
[INFO] =====================================================================================================
[INFO] 行為       影片                               舊信心   新信心      信心Δ   舊抖動   新抖動      抖動Δ
[INFO] -----------------------------------------------------------------------------------------------------
[INFO] walk       7月7日 (8)(1).mp4                   0.992    0.989    -0.003↓    10.26    10.64     +0.39↑
[INFO] walk       7月7日 (8)(3).mp4                   0.917    0.916    -0.001↓    12.41    12.81     +0.39↑
[INFO] walk       7月7日 (8).mp4                      0.837    0.872    +0.035↑    19.82    20.46     +0.64↑
[INFO] 
[INFO] =================================================================================================
[INFO] 行為類別摘要
[INFO] =================================================================================================
[INFO] 行為         舊信心   新信心   信心改善   舊抖動   新抖動   抖動改善   舊缺失   新缺失   缺失改善
[INFO] -------------------------------------------------------------------------------------------------
[INFO] walk          0.922    0.928     +0.68%    13.14    13.75     -4.58%     0.0%     0.0%     +0.00%
[INFO] lick          0.000    0.000     +0.00%     0.00     0.00     +0.00%     0.0%     0.0%     +0.00%
[INFO] scratch       0.000    0.000     +0.00%     0.00     0.00     +0.00%     0.0%     0.0%     +0.00%
[INFO] shake         0.000    0.000     +0.00%     0.00     0.00     +0.00%     0.0%     0.0%     +0.00%
[INFO] stop          0.000    0.000     +0.00%     0.00     0.00     +0.00%     0.0%     0.0%     +0.00%
[INFO] 
[INFO] =================================================================================================
[INFO] ★★★ 主指標：P95 Jitter（尾部抖動，數值越小越穩定） ★★★
[INFO] =================================================================================================
[INFO] 行為       舊P95抖動 新P95抖動       改善
[INFO] -------------------------------------------------------------------------------------------------
[INFO] walk          36.69    37.60     -2.47%
[INFO] lick           0.00     0.00     +0.00%
[INFO] scratch        0.00     0.00     +0.00%
[INFO] shake          0.00     0.00     +0.00%
[INFO] stop           0.00     0.00     +0.00%
[INFO] -------------------------------------------------------------------------------------------------
[INFO] 整體          36.69    37.60     -2.47%
[INFO] 
[INFO]   ★ 主指標結論：v11s_142.pt 尾部抖動較小（Δ0.91px）— 依你指定的主指標，優先選它
[INFO] =================================================================================================
[INFO] 
[INFO] =================================================================================================
[INFO] [參考，非主指標] 整體比較結果（複合分數）
[INFO] =================================================================================================
[INFO] 舊模型        v11s_142.pt   複合分數 88.06
[INFO] 新模型        v11s_143.pt   複合分數 87.86
[INFO] 
[INFO] 平均信心值    0.922  →  0.928    改善 +0.68%
[INFO] 平均抖動      13.14 px  →  13.75 px    改善 -4.58%
[INFO] 缺失比率      0.0%  →  0.0%    改善 +0.00%
[INFO] 尾尖缺失      20.5%  →  20.2%
[INFO] 
[INFO] 綜合改善分數  -1.37%
[INFO] 進步最多行為  walk  （-2.47%）（並未實際進步）
[INFO] 退步最多行為  walk  （-2.47%）
[INFO] 
[INFO] 結論          v11s_143.pt  相較  v11s_142.pt  →  WORSE（較差）  [參考用複合分數]
[INFO] =================================================================================================
