[INFO] ====================================================
[INFO] YOLO Pose Model Comparison  [20260724_001343]
[INFO]   Old : C:\ai_project\cat_pose\v11s_137.pt
[INFO]   New : C:\ai_project\cat_pose\v11s_138.pt
[INFO]   Data[walk]: C:\Users\homec\OneDrive\圖片\貓咪圖像資料集\主要測試\walk
[INFO]   Out : C:\ai_project\pose_compare_results\20260724_001343  Device: cuda
[INFO] ====================================================
[INFO] Loading old model...
[INFO] Loading new model...
[WARNING]   ⚠ 跳過 [lick] （未列入 BENCHMARK_DIRS，已略過）
[WARNING]   ⚠ 跳過 [scratch] （未列入 BENCHMARK_DIRS，已略過）
[WARNING]   ⚠ 跳過 [shake] （未列入 BENCHMARK_DIRS，已略過）
[WARNING]   ⚠ 跳過 [stop] （未列入 BENCHMARK_DIRS，已略過）
[INFO] Benchmark videos: 3
[INFO]   walk: 3
[INFO]   lick: 0
[INFO]   scratch: 0
[INFO]   shake: 0
[INFO]   stop: 0
[INFO] 
--- OLD MODEL: v11s_137.pt  (EMA α=1.0) ---
[INFO] Processing: walk/7月7日 (8)(1).mp4
[INFO]   Frames: 126 | Inference Time: 6.26 sec | Confidence=0.977 Jitter=10.22
[INFO] --------------------------------
[INFO] Processing: walk/7月7日 (8)(3).mp4
[INFO]   Frames: 200 | Inference Time: 4.68 sec | Confidence=0.921 Jitter=12.45
[INFO] --------------------------------
[INFO] Processing: walk/7月7日 (8).mp4
[INFO]   Frames: 94 | Inference Time: 2.21 sec | Confidence=0.863 Jitter=21.42
[INFO] --------------------------------
[INFO] 
--- NEW MODEL: v11s_138.pt  (EMA α=1.0) ---
[INFO] Processing: walk/7月7日 (8)(1).mp4
[INFO]   Frames: 126 | Inference Time: 3.21 sec | Confidence=0.985 Jitter=10.77
[INFO] --------------------------------
[INFO] Processing: walk/7月7日 (8)(3).mp4
[INFO]   Frames: 200 | Inference Time: 4.90 sec | Confidence=0.914 Jitter=12.29
[INFO] --------------------------------
[INFO] Processing: walk/7月7日 (8).mp4
[INFO]   Frames: 94 | Inference Time: 2.29 sec | Confidence=0.852 Jitter=20.37
[INFO] --------------------------------
[INFO] 
Aggregating metrics...
[INFO] 
Writing CSV files...
[INFO] Generating figures...
[INFO] Writing reports...
[INFO] Appended to comparison history: C:\ai_project\pose_compare_results\comparison_history.log
[INFO] 本次執行總花費時間：00:29（共 28.8 秒）
[INFO] 
[INFO] =====================================================================================================
[INFO] 逐影片比較結果
[INFO] =====================================================================================================
[INFO] 行為       影片                               舊信心   新信心      信心Δ   舊抖動   新抖動      抖動Δ
[INFO] -----------------------------------------------------------------------------------------------------
[INFO] walk       7月7日 (8)(1).mp4                   0.977    0.985    +0.008↑    10.22    10.77     +0.54↑
[INFO] walk       7月7日 (8)(3).mp4                   0.921    0.914    -0.007↓    12.45    12.29     -0.17↓
[INFO] walk       7月7日 (8).mp4                      0.863    0.852    -0.012↓    21.42    20.37     -1.06↓
[INFO] 
[INFO] =================================================================================================
[INFO] 行為類別摘要
[INFO] =================================================================================================
[INFO] 行為         舊信心   新信心   信心改善   舊抖動   新抖動   抖動改善   舊缺失   新缺失   缺失改善
[INFO] -------------------------------------------------------------------------------------------------
[INFO] walk          0.925    0.921     -0.40%    13.63    13.45     +1.30%     0.0%     0.0%     +0.00%
[INFO] lick          0.000    0.000     +0.00%     0.00     0.00     +0.00%     0.0%     0.0%     +0.00%
[INFO] scratch       0.000    0.000     +0.00%     0.00     0.00     +0.00%     0.0%     0.0%     +0.00%
[INFO] shake         0.000    0.000     +0.00%     0.00     0.00     +0.00%     0.0%     0.0%     +0.00%
[INFO] stop          0.000    0.000     +0.00%     0.00     0.00     +0.00%     0.0%     0.0%     +0.00%
[INFO] 
[INFO] =================================================================================================
[INFO] ★★★ 主指標：P95 Jitter（尾部抖動，數值越小越穩定） ★★★
[INFO] =================================================================================================
[INFO] 行為       舊P95抖動 新P95抖動       改善
[INFO] -------------------------------------------------------------------------------------------------
[INFO] walk          38.88    37.73     +2.95%
[INFO] lick           0.00     0.00     +0.00%
[INFO] scratch        0.00     0.00     +0.00%
[INFO] shake          0.00     0.00     +0.00%
[INFO] stop           0.00     0.00     +0.00%
[INFO] -------------------------------------------------------------------------------------------------
[INFO] 整體          38.88    37.73     +2.95%
[INFO] 
[INFO]   ★ 主指標結論：v11s_138.pt 尾部抖動較小（Δ1.15px）— 依你指定的主指標，優先選它
[INFO] =================================================================================================
[INFO] 
[INFO] =================================================================================================
[INFO] [參考，非主指標] 整體比較結果（複合分數）
[INFO] =================================================================================================
[INFO] 舊模型        v11s_137.pt   複合分數 87.84
[INFO] 新模型        v11s_138.pt   複合分數 87.83
[INFO] 
[INFO] 平均信心值    0.925  →  0.921    改善 -0.40%
[INFO] 平均抖動      13.63 px  →  13.45 px    改善 +1.30%
[INFO] 缺失比率      0.0%  →  0.0%    改善 +0.00%
[INFO] 尾尖缺失      12.3%  →  12.2%
[INFO] 
[INFO] 綜合改善分數  +0.31%
[INFO] 進步最多行為  walk  （+2.95%）
[INFO] 退步最多行為  walk  （+2.95%）
[INFO] 
[INFO] 結論          v11s_138.pt  相較  v11s_137.pt  →  BETTER（較優）  [參考用複合分數]
[INFO] =================================================================================================
