=================================================
FINAL SUMMARY
=================================================

Videos Processed:
3

[PRIMARY] P95 Jitter Improvement:
-3.00%

[PRIMARY] Decision:
OLD MODEL WINS

[Reference] Old Model Composite Score:
87.57

[Reference] New Model Composite Score:
87.76

[Reference] Overall Improvement:
-1.08%

[Reference] Decision:
OLD MODEL WINS

Confidence:
+2.25%

Jitter (mean):
-5.33%

Missing Ratio:
+0.00%

Largest Improvement:
Lick

Largest Regression:
Walk

Finished Successfully.
=================================================