[INFO] ====================================================
[INFO] YOLO Pose Model Comparison  [20260716_225653]
[INFO]   Old : C:\ai_project\cat_pose\v11s_129.pt
[INFO]   New : C:\ai_project\cat_pose\v11s_130.pt
[INFO]   Data[walk]: C:\Users\homec\OneDrive\圖片\貓咪圖像資料集\主要測試\walk
[INFO]   Out : C:\ai_project\pose_compare_results\20260716_225653  Device: cuda
[INFO] ====================================================
[INFO] Loading old model...
[INFO] Loading new model...
[WARNING]   ⚠ 跳過 [lick] （未列入 BENCHMARK_DIRS，已略過）
[WARNING]   ⚠ 跳過 [scratch] （未列入 BENCHMARK_DIRS，已略過）
[WARNING]   ⚠ 跳過 [shake] （未列入 BENCHMARK_DIRS，已略過）
[WARNING]   ⚠ 跳過 [stop] （未列入 BENCHMARK_DIRS，已略過）
[INFO] Benchmark videos: 3
[INFO]   walk: 3
[INFO]   lick: 0
[INFO]   scratch: 0
[INFO]   shake: 0
[INFO]   stop: 0
[INFO] 
--- OLD MODEL: v11s_129.pt  (EMA α=1.0) ---
[INFO] Processing: walk/7月7日 (8)(1).mp4
[INFO]   Frames: 126 | Inference Time: 5.66 sec | Confidence=0.988 Jitter=10.44
[INFO] --------------------------------
[INFO] Processing: walk/7月7日 (8)(3).mp4
[INFO]   Frames: 200 | Inference Time: 4.75 sec | Confidence=0.922 Jitter=12.96
[INFO] --------------------------------
[INFO] Processing: walk/7月7日 (8).mp4
[INFO]   Frames: 94 | Inference Time: 2.25 sec | Confidence=0.886 Jitter=23.78
[INFO] --------------------------------
[INFO] 
--- NEW MODEL: v11s_130.pt  (EMA α=1.0) ---
[INFO] Processing: walk/7月7日 (8)(1).mp4
[INFO]   Frames: 126 | Inference Time: 3.00 sec | Confidence=0.992 Jitter=10.55
[INFO] --------------------------------
[INFO] Processing: walk/7月7日 (8)(3).mp4
[INFO]   Frames: 200 | Inference Time: 4.64 sec | Confidence=0.951 Jitter=14.14
[INFO] --------------------------------
[INFO] Processing: walk/7月7日 (8).mp4
[INFO]   Frames: 94 | Inference Time: 2.29 sec | Confidence=0.915 Jitter=24.47
[INFO] --------------------------------
[INFO] 
Aggregating metrics...
[INFO] 
Writing CSV files...
[INFO] Generating figures...
[INFO] Writing reports...
[INFO] 
[INFO] =====================================================================================================
[INFO] 逐影片比較結果
[INFO] =====================================================================================================
[INFO] 行為       影片                               舊信心   新信心      信心Δ   舊抖動   新抖動      抖動Δ
[INFO] -----------------------------------------------------------------------------------------------------
[INFO] walk       7月7日 (8)(1).mp4                   0.988    0.992    +0.004↑    10.44    10.55     +0.11↑
[INFO] walk       7月7日 (8)(3).mp4                   0.922    0.951    +0.028↑    12.96    14.14     +1.18↑
[INFO] walk       7月7日 (8).mp4                      0.886    0.915    +0.029↑    23.78    24.47     +0.69↑
[INFO] 
[INFO] =================================================================================================
[INFO] 行為類別摘要
[INFO] =================================================================================================
[INFO] 行為         舊信心   新信心   信心改善   舊抖動   新抖動   抖動改善   舊缺失   新缺失   缺失改善
[INFO] -------------------------------------------------------------------------------------------------
[INFO] walk          0.934    0.955     +2.25%    14.46    15.23     -5.33%     0.0%     0.0%     +0.00%
[INFO] lick          0.000    0.000     +0.00%     0.00     0.00     +0.00%     0.0%     0.0%     +0.00%
[INFO] scratch       0.000    0.000     +0.00%     0.00     0.00     +0.00%     0.0%     0.0%     +0.00%
[INFO] shake         0.000    0.000     +0.00%     0.00     0.00     +0.00%     0.0%     0.0%     +0.00%
[INFO] stop          0.000    0.000     +0.00%     0.00     0.00     +0.00%     0.0%     0.0%     +0.00%
[INFO] 
[INFO] =================================================================================================
[INFO] ★★★ 主指標：P95 Jitter（尾部抖動，數值越小越穩定） ★★★
[INFO] =================================================================================================
[INFO] 行為       舊P95抖動 新P95抖動       改善
[INFO] -------------------------------------------------------------------------------------------------
[INFO] walk          41.23    42.47     -3.00%
[INFO] lick           0.00     0.00     +0.00%
[INFO] scratch        0.00     0.00     +0.00%
[INFO] shake          0.00     0.00     +0.00%
[INFO] stop           0.00     0.00     +0.00%
[INFO] -------------------------------------------------------------------------------------------------
[INFO] 整體          41.23    42.47     -3.00%
[INFO] 
[INFO]   ★ 主指標結論：v11s_129.pt 尾部抖動較小（Δ1.24px）— 依你指定的主指標，優先選它
[INFO] =================================================================================================
[INFO] 
[INFO] =================================================================================================
[INFO] [參考，非主指標] 整體比較結果（複合分數）
[INFO] =================================================================================================
[INFO] 舊模型        v11s_129.pt   複合分數 87.57
[INFO] 新模型        v11s_130.pt   複合分數 87.76
[INFO] 
[INFO] 平均信心值    0.934  →  0.955    改善 +2.25%
[INFO] 平均抖動      14.46 px  →  15.23 px    改善 -5.33%
[INFO] 缺失比率      0.0%  →  0.0%    改善 +0.00%
[INFO] 尾尖缺失      15.8%  →  17.2%
[INFO] 
[INFO] 綜合改善分數  -1.08%
[INFO] 進步最多行為  lick  （+0.0%）
[INFO] 退步最多行為  walk  （-3.0%）
[INFO] 
[INFO] 結論          v11s_130.pt  相較  v11s_129.pt  →  WORSE（較差）  [參考用複合分數]
[INFO] =================================================================================================
