[INFO] ====================================================
[INFO] YOLO Pose Model Comparison  [20260723_144609]
[INFO]   Old : C:\ai_project\cat_pose\v11s_136.pt
[INFO]   New : C:\ai_project\cat_pose\v11s_137.pt
[INFO]   Data[walk]: C:\Users\homec\OneDrive\圖片\貓咪圖像資料集\主要測試\walk
[INFO]   Data[lick]: C:\Users\homec\OneDrive\圖片\貓咪圖像資料集\主要測試\lick
[INFO]   Data[scratch]: C:\Users\homec\OneDrive\圖片\貓咪圖像資料集\主要測試\scratch
[INFO]   Data[shake]: C:\Users\homec\OneDrive\圖片\貓咪圖像資料集\主要測試\shake
[INFO]   Data[stop]: C:\Users\homec\OneDrive\圖片\貓咪圖像資料集\主要測試\stop
[INFO]   Out : C:\ai_project\pose_compare_results\20260723_144609  Device: cuda
[INFO] ====================================================
[INFO] Loading old model...
[INFO] Loading new model...
[INFO] Benchmark videos: 23
[INFO]   walk: 3
[INFO]   lick: 5
[INFO]   scratch: 5
[INFO]   shake: 6
[INFO]   stop: 4
[INFO] 
--- OLD MODEL: v11s_136.pt  (EMA α=1.0) ---
[INFO] Processing: walk/7月7日 (8)(1).mp4
[INFO]   Frames: 126 | Inference Time: 6.59 sec | Confidence=0.992 Jitter=10.02
[INFO] --------------------------------
[INFO] Processing: walk/7月7日 (8)(3).mp4
[INFO]   Frames: 200 | Inference Time: 5.04 sec | Confidence=0.934 Jitter=12.34
[INFO] --------------------------------
[INFO] Processing: walk/7月7日 (8).mp4
[INFO]   Frames: 94 | Inference Time: 2.90 sec | Confidence=0.886 Jitter=21.67
[INFO] --------------------------------
[INFO] Processing: lick/7月3日(1).mp4
[INFO]   Frames: 135 | Inference Time: 3.91 sec | Confidence=0.991 Jitter=2.47
[INFO] --------------------------------
[INFO] Processing: lick/7月3日(2).mp4
[INFO]   Frames: 156 | Inference Time: 4.76 sec | Confidence=0.998 Jitter=2.08
[INFO] --------------------------------
[INFO] Processing: lick/7月3日(3).mp4
[INFO]   Frames: 121 | Inference Time: 3.88 sec | Confidence=0.997 Jitter=2.35
[INFO] --------------------------------
[INFO] Processing: lick/7月3日(4).mp4
[INFO]   Frames: 147 | Inference Time: 4.29 sec | Confidence=0.991 Jitter=2.14
[INFO] --------------------------------
[INFO] Processing: lick/7月3日.mp4
[INFO]   Frames: 139 | Inference Time: 3.48 sec | Confidence=0.991 Jitter=2.93
[INFO] --------------------------------
[INFO] Processing: scratch/7月3日 (2)(1).mp4
[INFO]   Frames: 155 | Inference Time: 3.24 sec | Confidence=0.971 Jitter=6.19
[INFO] --------------------------------
[INFO] Processing: scratch/7月3日 (2)(2).mp4
[INFO]   Frames: 109 | Inference Time: 2.35 sec | Confidence=0.983 Jitter=6.31
[INFO] --------------------------------
[INFO] Processing: scratch/7月3日 (2)(3).mp4
[INFO]   Frames: 154 | Inference Time: 3.25 sec | Confidence=0.995 Jitter=5.65
[INFO] --------------------------------
[INFO] Processing: scratch/7月3日 (2)(4).mp4
[INFO]   Frames: 142 | Inference Time: 3.05 sec | Confidence=0.980 Jitter=5.13
[INFO] --------------------------------
[INFO] Processing: scratch/7月3日 (2).mp4
[INFO]   Frames: 177 | Inference Time: 3.74 sec | Confidence=0.994 Jitter=5.26
[INFO] --------------------------------
[INFO] Processing: shake/7月7日 (5)(1).mp4
[INFO]   Frames: 105 | Inference Time: 2.20 sec | Confidence=0.998 Jitter=4.78
[INFO] --------------------------------
[INFO] Processing: shake/7月7日 (5)(2).mp4
[INFO]   Frames: 99 | Inference Time: 2.14 sec | Confidence=0.997 Jitter=5.95
[INFO] --------------------------------
[INFO] Processing: shake/7月7日 (5)(3).mp4
[INFO]   Frames: 102 | Inference Time: 2.14 sec | Confidence=0.960 Jitter=5.91
[INFO] --------------------------------
[INFO] Processing: shake/7月7日 (5)(4).mp4
[INFO]   Frames: 110 | Inference Time: 2.30 sec | Confidence=0.996 Jitter=4.96
[INFO] --------------------------------
[INFO] Processing: shake/7月7日 (5)(5).mp4
[INFO]   Frames: 108 | Inference Time: 2.40 sec | Confidence=0.996 Jitter=4.27
[INFO] --------------------------------
[INFO] Processing: shake/7月7日 (5).mp4
[INFO]   Frames: 116 | Inference Time: 2.50 sec | Confidence=0.996 Jitter=4.76
[INFO] --------------------------------
[INFO] Processing: stop/7月7日 (8)(2).mp4
[INFO]   Frames: 50 | Inference Time: 1.25 sec | Confidence=0.989 Jitter=6.49
[INFO] --------------------------------
[INFO] Processing: stop/7月7日 (8)(5).mp4
[INFO]   Frames: 307 | Inference Time: 7.31 sec | Confidence=0.992 Jitter=3.97
[INFO] --------------------------------
[INFO] Processing: stop/7月7日 (8).mp4
[INFO]   Frames: 123 | Inference Time: 2.96 sec | Confidence=0.977 Jitter=7.26
[INFO] --------------------------------
[INFO] Processing: stop/Desktop 2026.07.16 - 19.06.58.15.mp4
[INFO]   Frames: 206 | Inference Time: 4.43 sec | Confidence=0.984 Jitter=1.25
[INFO] --------------------------------
[INFO] 
--- NEW MODEL: v11s_137.pt  (EMA α=1.0) ---
[INFO] Processing: walk/7月7日 (8)(1).mp4
[INFO]   Frames: 126 | Inference Time: 3.21 sec | Confidence=0.977 Jitter=10.22
[INFO] --------------------------------
[INFO] Processing: walk/7月7日 (8)(3).mp4
[INFO]   Frames: 200 | Inference Time: 4.72 sec | Confidence=0.921 Jitter=12.45
[INFO] --------------------------------
[INFO] Processing: walk/7月7日 (8).mp4
[INFO]   Frames: 94 | Inference Time: 2.25 sec | Confidence=0.863 Jitter=21.42
[INFO] --------------------------------
[INFO] Processing: lick/7月3日(1).mp4
[INFO]   Frames: 135 | Inference Time: 2.87 sec | Confidence=0.993 Jitter=2.86
[INFO] --------------------------------
[INFO] Processing: lick/7月3日(2).mp4
[INFO]   Frames: 156 | Inference Time: 3.40 sec | Confidence=0.998 Jitter=2.11
[INFO] --------------------------------
[INFO] Processing: lick/7月3日(3).mp4
[INFO]   Frames: 121 | Inference Time: 2.53 sec | Confidence=0.999 Jitter=2.40
[INFO] --------------------------------
[INFO] Processing: lick/7月3日(4).mp4
[INFO]   Frames: 147 | Inference Time: 3.08 sec | Confidence=0.996 Jitter=1.83
[INFO] --------------------------------
[INFO] Processing: lick/7月3日.mp4
[INFO]   Frames: 139 | Inference Time: 2.91 sec | Confidence=0.989 Jitter=3.34
[INFO] --------------------------------
[INFO] Processing: scratch/7月3日 (2)(1).mp4
[INFO]   Frames: 155 | Inference Time: 3.28 sec | Confidence=0.967 Jitter=6.68
[INFO] --------------------------------
[INFO] Processing: scratch/7月3日 (2)(2).mp4
[INFO]   Frames: 109 | Inference Time: 2.32 sec | Confidence=0.975 Jitter=6.25
[INFO] --------------------------------
[INFO] Processing: scratch/7月3日 (2)(3).mp4
[INFO]   Frames: 154 | Inference Time: 3.23 sec | Confidence=0.995 Jitter=5.89
[INFO] --------------------------------
[INFO] Processing: scratch/7月3日 (2)(4).mp4
[INFO]   Frames: 142 | Inference Time: 3.00 sec | Confidence=0.978 Jitter=4.84
[INFO] --------------------------------
[INFO] Processing: scratch/7月3日 (2).mp4
[INFO]   Frames: 177 | Inference Time: 3.68 sec | Confidence=0.993 Jitter=5.84
[INFO] --------------------------------
[INFO] Processing: shake/7月7日 (5)(1).mp4
[INFO]   Frames: 105 | Inference Time: 2.28 sec | Confidence=0.998 Jitter=4.92
[INFO] --------------------------------
[INFO] Processing: shake/7月7日 (5)(2).mp4
[INFO]   Frames: 99 | Inference Time: 2.12 sec | Confidence=0.997 Jitter=5.61
[INFO] --------------------------------
[INFO] Processing: shake/7月7日 (5)(3).mp4
[INFO]   Frames: 102 | Inference Time: 2.17 sec | Confidence=0.960 Jitter=5.78
[INFO] --------------------------------
[INFO] Processing: shake/7月7日 (5)(4).mp4
[INFO]   Frames: 110 | Inference Time: 2.31 sec | Confidence=0.998 Jitter=4.69
[INFO] --------------------------------
[INFO] Processing: shake/7月7日 (5)(5).mp4
[INFO]   Frames: 108 | Inference Time: 2.35 sec | Confidence=0.997 Jitter=3.71
[INFO] --------------------------------
[INFO] Processing: shake/7月7日 (5).mp4
[INFO]   Frames: 116 | Inference Time: 2.49 sec | Confidence=0.998 Jitter=4.51
[INFO] --------------------------------
[INFO] Processing: stop/7月7日 (8)(2).mp4
[INFO]   Frames: 50 | Inference Time: 1.24 sec | Confidence=0.976 Jitter=3.92
[INFO] --------------------------------
[INFO] Processing: stop/7月7日 (8)(5).mp4
[INFO]   Frames: 307 | Inference Time: 7.32 sec | Confidence=0.990 Jitter=5.80
[INFO] --------------------------------
[INFO] Processing: stop/7月7日 (8).mp4
[INFO]   Frames: 123 | Inference Time: 2.88 sec | Confidence=0.980 Jitter=6.99
[INFO] --------------------------------
[INFO] Processing: stop/Desktop 2026.07.16 - 19.06.58.15.mp4
[INFO]   Frames: 206 | Inference Time: 4.36 sec | Confidence=0.997 Jitter=1.58
[INFO] --------------------------------
[INFO] 
Aggregating metrics...
[INFO] 
Writing CSV files...
[INFO] Generating figures...
[INFO] Writing reports...
[INFO] Appended to comparison history: C:\ai_project\pose_compare_results\comparison_history.log
[INFO] 
[INFO] =====================================================================================================
[INFO] 逐影片比較結果
[INFO] =====================================================================================================
[INFO] 行為       影片                               舊信心   新信心      信心Δ   舊抖動   新抖動      抖動Δ
[INFO] -----------------------------------------------------------------------------------------------------
[INFO] walk       7月7日 (8)(1).mp4                   0.992    0.977    -0.015↓    10.02    10.22     +0.20↑
[INFO] walk       7月7日 (8)(3).mp4                   0.934    0.921    -0.013↓    12.34    12.45     +0.11↑
[INFO] walk       7月7日 (8).mp4                      0.886    0.863    -0.023↓    21.67    21.42     -0.24↓
[INFO] lick       7月3日(1).mp4                       0.991    0.993    +0.002↑     2.47     2.86     +0.39↑
[INFO] lick       7月3日(2).mp4                       0.998    0.998    +0.000↑     2.08     2.11     +0.03↑
[INFO] lick       7月3日(3).mp4                       0.997    0.999    +0.002↑     2.35     2.40     +0.04↑
[INFO] lick       7月3日(4).mp4                       0.991    0.996    +0.005↑     2.14     1.83     -0.31↓
[INFO] lick       7月3日.mp4                          0.991    0.989    -0.003↓     2.93     3.34     +0.41↑
[INFO] scratch    7月3日 (2)(1).mp4                   0.971    0.967    -0.004↓     6.19     6.68     +0.49↑
[INFO] scratch    7月3日 (2)(2).mp4                   0.983    0.975    -0.008↓     6.31     6.25     -0.06↓
[INFO] scratch    7月3日 (2)(3).mp4                   0.995    0.995    +0.000↑     5.65     5.89     +0.24↑
[INFO] scratch    7月3日 (2)(4).mp4                   0.980    0.978    -0.003↓     5.13     4.84     -0.30↓
[INFO] scratch    7月3日 (2).mp4                      0.994    0.993    -0.002↓     5.26     5.84     +0.58↑
[INFO] shake      7月7日 (5)(1).mp4                   0.998    0.998    +0.001↑     4.78     4.92     +0.14↑
[INFO] shake      7月7日 (5)(2).mp4                   0.997    0.997    -0.001↓     5.95     5.61     -0.33↓
[INFO] shake      7月7日 (5)(3).mp4                   0.960    0.960    +0.000↑     5.91     5.78     -0.13↓
[INFO] shake      7月7日 (5)(4).mp4                   0.996    0.998    +0.002↑     4.96     4.69     -0.27↓
[INFO] shake      7月7日 (5)(5).mp4                   0.996    0.997    +0.000↑     4.27     3.71     -0.56↓
[INFO] shake      7月7日 (5).mp4                      0.996    0.998    +0.002↑     4.76     4.51     -0.25↓
[INFO] stop       7月7日 (8)(2).mp4                   0.989    0.976    -0.013↓     6.49     3.92     -2.57↓
[INFO] stop       7月7日 (8)(5).mp4                   0.992    0.990    -0.002↓     3.97     5.80     +1.83↑
[INFO] stop       7月7日 (8).mp4                      0.977    0.980    +0.003↑     7.26     6.99     -0.27↓
[INFO] stop       Desktop 2026.07.16 - 19.06.58.15.mp4    0.984    0.997    +0.013↑     1.25     1.58     +0.33↑
[INFO] 
[INFO] =================================================================================================
[INFO] 行為類別摘要
[INFO] =================================================================================================
[INFO] 行為         舊信心   新信心   信心改善   舊抖動   新抖動   抖動改善   舊缺失   新缺失   缺失改善
[INFO] -------------------------------------------------------------------------------------------------
[INFO] walk          0.941    0.925     -1.71%    13.55    13.63     -0.59%     0.0%     0.0%     +0.00%
[INFO] lick          0.994    0.995     +0.14%     2.39     2.49     -4.44%     0.0%     0.0%     +0.00%
[INFO] scratch       0.985    0.982     -0.29%     5.66     5.89     -3.99%     0.0%     0.0%     +0.00%
[INFO] shake         0.991    0.992     +0.09%     5.08     4.84     +4.74%     0.0%     0.0%     +0.00%
[INFO] stop          0.987    0.989     +0.24%     3.96     4.68    -18.03%     2.2%     2.2%     +0.00%
[INFO] 
[INFO] =================================================================================================
[INFO] ★★★ 主指標：P95 Jitter（尾部抖動，數值越小越穩定） ★★★
[INFO] =================================================================================================
[INFO] 行為       舊P95抖動 新P95抖動       改善
[INFO] -------------------------------------------------------------------------------------------------
[INFO] walk          38.60    38.88     -0.72%
[INFO] lick           8.42     8.58     -1.92%
[INFO] scratch       21.42    21.95     -2.45%
[INFO] shake         20.49    19.13     +6.64%
[INFO] stop          14.39    15.20     -5.63%
[INFO] -------------------------------------------------------------------------------------------------
[INFO] 整體          21.17    21.23     -0.27%
[INFO] 
[INFO]   ★ 主指標結論：v11s_136.pt 尾部抖動較小（Δ0.06px）— 依你指定的主指標，優先選它
[INFO] =================================================================================================
[INFO] 
[INFO] =================================================================================================
[INFO] [參考，非主指標] 整體比較結果（複合分數）
[INFO] =================================================================================================
[INFO] 舊模型        v11s_136.pt   複合分數 95.43
[INFO] 新模型        v11s_137.pt   複合分數 95.24
[INFO] 
[INFO] 平均信心值    0.983  →  0.981    改善 -0.18%
[INFO] 平均抖動      5.45 px  →  5.64 px    改善 -3.51%
[INFO] 缺失比率      0.5%  →  0.5%    改善 +0.00%
[INFO] 尾尖缺失      8.8%  →  8.2%
[INFO] 
[INFO] 綜合改善分數  -1.29%
[INFO] 進步最多行為  shake  （+6.6%）
[INFO] 退步最多行為  stop  （-5.6%）
[INFO] 
[INFO] 結論          v11s_137.pt  相較  v11s_136.pt  →  WORSE（較差）  [參考用複合分數]
[INFO] =================================================================================================
