[INFO] ====================================================
[INFO] YOLO Pose Model Comparison  [20260723_184059]
[INFO]   Old : C:\ai_project\cat_pose\v11s_128.pt
[INFO]   New : C:\ai_project\cat_pose\v11s_137.pt
[INFO]   Data[walk]: C:\Users\homec\OneDrive\圖片\貓咪圖像資料集\1_貓咪姿勢影片分類\模型專用\walk
[INFO]   Out : C:\ai_project\pose_compare_results\20260723_184059  Device: cuda
[INFO] ====================================================
[INFO] Loading old model...
[INFO] Loading new model...
[WARNING]   ⚠ 跳過 [lick] （未列入 BENCHMARK_DIRS，已略過）
[WARNING]   ⚠ 跳過 [scratch] （未列入 BENCHMARK_DIRS，已略過）
[WARNING]   ⚠ 跳過 [shake] （未列入 BENCHMARK_DIRS，已略過）
[WARNING]   ⚠ 跳過 [stop] （未列入 BENCHMARK_DIRS，已略過）
[INFO] Benchmark videos: 32
[INFO]   walk: 32
[INFO]   lick: 0
[INFO]   scratch: 0
[INFO]   shake: 0
[INFO]   stop: 0
[INFO] 
--- OLD MODEL: v11s_128.pt  (EMA α=1.0) ---
[INFO] Processing: walk/walk_1.mp4
[INFO]   Frames: 473 | Inference Time: 15.10 sec | Confidence=0.986 Jitter=11.44
[INFO] --------------------------------
[INFO] Processing: walk/walk_10.mp4
[INFO]   Frames: 206 | Inference Time: 5.08 sec | Confidence=0.992 Jitter=19.96
[INFO] --------------------------------
[INFO] Processing: walk/walk_11.mp4
[INFO]   Frames: 400 | Inference Time: 10.21 sec | Confidence=0.987 Jitter=13.20
[INFO] --------------------------------
[INFO] Processing: walk/walk_12.mp4
[INFO]   Frames: 225 | Inference Time: 5.24 sec | Confidence=0.990 Jitter=11.21
[INFO] --------------------------------
[INFO] Processing: walk/walk_13.mp4
[INFO]   Frames: 94 | Inference Time: 2.24 sec | Confidence=0.985 Jitter=24.46
[INFO] --------------------------------
[INFO] Processing: walk/walk_14.mp4
[INFO]   Frames: 102 | Inference Time: 2.29 sec | Confidence=0.984 Jitter=13.92
[INFO] --------------------------------
[INFO] Processing: walk/walk_15.mp4
[INFO]   Frames: 64 | Inference Time: 1.52 sec | Confidence=0.889 Jitter=10.90
[INFO] --------------------------------
[INFO] Processing: walk/walk_16.mp4
[INFO]   Frames: 109 | Inference Time: 2.49 sec | Confidence=0.973 Jitter=17.23
[INFO] --------------------------------
[INFO] Processing: walk/walk_17.mp4
[INFO]   Frames: 50 | Inference Time: 1.43 sec | Confidence=0.997 Jitter=16.56
[INFO] --------------------------------
[INFO] Processing: walk/walk_18.mp4
[INFO]   Frames: 244 | Inference Time: 6.20 sec | Confidence=0.919 Jitter=27.62
[INFO] --------------------------------
[INFO] Processing: walk/walk_19.mp4
[INFO]   Frames: 269 | Inference Time: 6.39 sec | Confidence=0.981 Jitter=9.00
[INFO] --------------------------------
[INFO] Processing: walk/walk_2.mp4
[INFO]   Frames: 783 | Inference Time: 18.95 sec | Confidence=0.971 Jitter=13.97
[INFO] --------------------------------
[INFO] Processing: walk/walk_20.mp4
[INFO]   Frames: 110 | Inference Time: 3.02 sec | Confidence=0.970 Jitter=20.85
[INFO] --------------------------------
[INFO] Processing: walk/walk_21.mp4
[INFO]   Frames: 144 | Inference Time: 3.86 sec | Confidence=0.980 Jitter=21.48
[INFO] --------------------------------
[INFO] Processing: walk/walk_22.mp4
[INFO]   Frames: 197 | Inference Time: 4.84 sec | Confidence=0.974 Jitter=17.44
[INFO] --------------------------------
[INFO] Processing: walk/walk_23.mp4
[INFO]   Frames: 272 | Inference Time: 7.25 sec | Confidence=0.980 Jitter=10.94
[INFO] --------------------------------
[INFO] Processing: walk/walk_24.mp4
[INFO]   Frames: 176 | Inference Time: 4.27 sec | Confidence=0.982 Jitter=7.61
[INFO] --------------------------------
[INFO] Processing: walk/walk_25.mp4
[INFO]   Frames: 185 | Inference Time: 4.40 sec | Confidence=0.970 Jitter=10.65
[INFO] --------------------------------
[INFO] Processing: walk/walk_26.mp4
[INFO]   Frames: 152 | Inference Time: 3.72 sec | Confidence=0.992 Jitter=10.40
[INFO] --------------------------------
[INFO] Processing: walk/walk_27.mp4
[INFO]   Frames: 297 | Inference Time: 6.90 sec | Confidence=0.984 Jitter=12.94
[INFO] --------------------------------
[INFO] Processing: walk/walk_28.mp4
[INFO]   Frames: 476 | Inference Time: 11.61 sec | Confidence=0.971 Jitter=14.34
[INFO] --------------------------------
[INFO] Processing: walk/walk_29.mp4
[INFO]   Frames: 590 | Inference Time: 13.45 sec | Confidence=0.979 Jitter=13.22
[INFO] --------------------------------
[INFO] Processing: walk/walk_3.mp4
[INFO]   Frames: 113 | Inference Time: 2.54 sec | Confidence=0.979 Jitter=12.04
[INFO] --------------------------------
[INFO] Processing: walk/walk_30.mp4
[INFO]   Frames: 76 | Inference Time: 1.88 sec | Confidence=0.989 Jitter=16.35
[INFO] --------------------------------
[INFO] Processing: walk/walk_31.mp4
[INFO]   Frames: 49 | Inference Time: 1.12 sec | Confidence=0.991 Jitter=14.08
[INFO] --------------------------------
[INFO] Processing: walk/walk_32.mp4
[INFO]   Frames: 59 | Inference Time: 1.40 sec | Confidence=0.995 Jitter=7.25
[INFO] --------------------------------
[INFO] Processing: walk/walk_4.mp4
[INFO]   Frames: 111 | Inference Time: 2.61 sec | Confidence=0.975 Jitter=17.89
[INFO] --------------------------------
[INFO] Processing: walk/walk_5.mp4
[INFO]   Frames: 223 | Inference Time: 5.10 sec | Confidence=0.981 Jitter=14.52
[INFO] --------------------------------
[INFO] Processing: walk/walk_6.mp4
[INFO]   Frames: 155 | Inference Time: 3.53 sec | Confidence=0.981 Jitter=13.28
[INFO] --------------------------------
[INFO] Processing: walk/walk_7.mp4
[INFO]   Frames: 296 | Inference Time: 7.03 sec | Confidence=0.974 Jitter=11.18
[INFO] --------------------------------
[INFO] Processing: walk/walk_8.mp4
[INFO]   Frames: 982 | Inference Time: 25.97 sec | Confidence=0.979 Jitter=8.88
[INFO] --------------------------------
[INFO] Processing: walk/walk_9.mp4
[INFO]   Frames: 121 | Inference Time: 3.72 sec | Confidence=0.999 Jitter=11.72
[INFO] --------------------------------
[INFO] 
--- NEW MODEL: v11s_137.pt  (EMA α=1.0) ---
[INFO] Processing: walk/walk_1.mp4
[INFO]   Frames: 473 | Inference Time: 11.97 sec | Confidence=0.986 Jitter=11.00
[INFO] --------------------------------
[INFO] Processing: walk/walk_10.mp4
[INFO]   Frames: 206 | Inference Time: 4.81 sec | Confidence=0.992 Jitter=19.83
[INFO] --------------------------------
[INFO] Processing: walk/walk_11.mp4
[INFO]   Frames: 400 | Inference Time: 9.24 sec | Confidence=0.993 Jitter=12.22
[INFO] --------------------------------
[INFO] Processing: walk/walk_12.mp4
[INFO]   Frames: 225 | Inference Time: 5.46 sec | Confidence=0.992 Jitter=11.30
[INFO] --------------------------------
[INFO] Processing: walk/walk_13.mp4
[INFO]   Frames: 94 | Inference Time: 2.33 sec | Confidence=0.971 Jitter=23.94
[INFO] --------------------------------
[INFO] Processing: walk/walk_14.mp4
[INFO]   Frames: 102 | Inference Time: 2.47 sec | Confidence=0.974 Jitter=13.25
[INFO] --------------------------------
[INFO] Processing: walk/walk_15.mp4
[INFO]   Frames: 64 | Inference Time: 1.63 sec | Confidence=0.896 Jitter=9.49
[INFO] --------------------------------
[INFO] Processing: walk/walk_16.mp4
[INFO]   Frames: 109 | Inference Time: 2.80 sec | Confidence=0.971 Jitter=14.93
[INFO] --------------------------------
[INFO] Processing: walk/walk_17.mp4
[INFO]   Frames: 50 | Inference Time: 1.54 sec | Confidence=0.997 Jitter=16.63
[INFO] --------------------------------
[INFO] Processing: walk/walk_18.mp4
[INFO]   Frames: 244 | Inference Time: 6.02 sec | Confidence=0.914 Jitter=31.20
[INFO] --------------------------------
[INFO] Processing: walk/walk_19.mp4
[INFO]   Frames: 269 | Inference Time: 6.61 sec | Confidence=0.983 Jitter=9.21
[INFO] --------------------------------
[INFO] Processing: walk/walk_2.mp4
[INFO]   Frames: 783 | Inference Time: 18.16 sec | Confidence=0.941 Jitter=13.66
[INFO] --------------------------------
[INFO] Processing: walk/walk_20.mp4
[INFO]   Frames: 110 | Inference Time: 2.44 sec | Confidence=0.967 Jitter=21.31
[INFO] --------------------------------
[INFO] Processing: walk/walk_21.mp4
[INFO]   Frames: 144 | Inference Time: 3.10 sec | Confidence=0.974 Jitter=25.31
[INFO] --------------------------------
[INFO] Processing: walk/walk_22.mp4
[INFO]   Frames: 197 | Inference Time: 4.10 sec | Confidence=0.970 Jitter=17.00
[INFO] --------------------------------
[INFO] Processing: walk/walk_23.mp4
[INFO]   Frames: 272 | Inference Time: 5.71 sec | Confidence=0.980 Jitter=10.45
[INFO] --------------------------------
[INFO] Processing: walk/walk_24.mp4
[INFO]   Frames: 176 | Inference Time: 3.91 sec | Confidence=0.984 Jitter=7.58
[INFO] --------------------------------
[INFO] Processing: walk/walk_25.mp4
[INFO]   Frames: 185 | Inference Time: 4.46 sec | Confidence=0.981 Jitter=11.51
[INFO] --------------------------------
[INFO] Processing: walk/walk_26.mp4
[INFO]   Frames: 152 | Inference Time: 3.31 sec | Confidence=0.990 Jitter=10.72
[INFO] --------------------------------
[INFO] Processing: walk/walk_27.mp4
[INFO]   Frames: 297 | Inference Time: 6.48 sec | Confidence=0.987 Jitter=11.15
[INFO] --------------------------------
[INFO] Processing: walk/walk_28.mp4
[INFO]   Frames: 476 | Inference Time: 10.18 sec | Confidence=0.973 Jitter=14.49
[INFO] --------------------------------
[INFO] Processing: walk/walk_29.mp4
[INFO]   Frames: 590 | Inference Time: 13.31 sec | Confidence=0.979 Jitter=12.50
[INFO] --------------------------------
[INFO] Processing: walk/walk_3.mp4
[INFO]   Frames: 113 | Inference Time: 2.48 sec | Confidence=0.988 Jitter=9.76
[INFO] --------------------------------
[INFO] Processing: walk/walk_30.mp4
[INFO]   Frames: 76 | Inference Time: 1.72 sec | Confidence=0.988 Jitter=16.58
[INFO] --------------------------------
[INFO] Processing: walk/walk_31.mp4
[INFO]   Frames: 49 | Inference Time: 1.27 sec | Confidence=0.989 Jitter=13.64
[INFO] --------------------------------
[INFO] Processing: walk/walk_32.mp4
[INFO]   Frames: 59 | Inference Time: 1.46 sec | Confidence=0.997 Jitter=7.22
[INFO] --------------------------------
[INFO] Processing: walk/walk_4.mp4
[INFO]   Frames: 111 | Inference Time: 2.68 sec | Confidence=0.976 Jitter=18.12
[INFO] --------------------------------
[INFO] Processing: walk/walk_5.mp4
[INFO]   Frames: 223 | Inference Time: 4.84 sec | Confidence=0.977 Jitter=14.47
[INFO] --------------------------------
[INFO] Processing: walk/walk_6.mp4
[INFO]   Frames: 155 | Inference Time: 4.13 sec | Confidence=0.985 Jitter=12.73
[INFO] --------------------------------
[INFO] Processing: walk/walk_7.mp4
[INFO]   Frames: 296 | Inference Time: 7.32 sec | Confidence=0.979 Jitter=10.50
[INFO] --------------------------------
[INFO] Processing: walk/walk_8.mp4
[INFO]   Frames: 982 | Inference Time: 22.01 sec | Confidence=0.979 Jitter=8.19
[INFO] --------------------------------
[INFO] Processing: walk/walk_9.mp4
[INFO]   Frames: 121 | Inference Time: 2.87 sec | Confidence=0.999 Jitter=12.11
[INFO] --------------------------------
[INFO] 
Aggregating metrics...
[INFO] 
Writing CSV files...
[INFO] Generating figures...
[INFO] Writing reports...
[INFO] Appended to comparison history: C:\ai_project\pose_compare_results\comparison_history.log
[INFO] 本次執行總花費時間：06:23（共 383.2 秒）
[INFO] 
[INFO] =====================================================================================================
[INFO] 逐影片比較結果
[INFO] =====================================================================================================
[INFO] 行為       影片                               舊信心   新信心      信心Δ   舊抖動   新抖動      抖動Δ
[INFO] -----------------------------------------------------------------------------------------------------
[INFO] walk       walk_1.mp4                          0.986    0.986    +0.000↑    11.44    11.00     -0.44↓
[INFO] walk       walk_10.mp4                         0.992    0.992    +0.000↑    19.96    19.83     -0.14↓
[INFO] walk       walk_11.mp4                         0.987    0.993    +0.005↑    13.20    12.22     -0.98↓
[INFO] walk       walk_12.mp4                         0.990    0.992    +0.002↑    11.21    11.30     +0.09↑
[INFO] walk       walk_13.mp4                         0.985    0.971    -0.015↓    24.46    23.94     -0.52↓
[INFO] walk       walk_14.mp4                         0.984    0.974    -0.010↓    13.92    13.25     -0.67↓
[INFO] walk       walk_15.mp4                         0.889    0.896    +0.008↑    10.90     9.49     -1.41↓
[INFO] walk       walk_16.mp4                         0.973    0.971    -0.002↓    17.23    14.93     -2.30↓
[INFO] walk       walk_17.mp4                         0.997    0.997    -0.000↓    16.56    16.63     +0.07↑
[INFO] walk       walk_18.mp4                         0.919    0.914    -0.005↓    27.62    31.20     +3.58↑
[INFO] walk       walk_19.mp4                         0.981    0.983    +0.002↑     9.00     9.21     +0.21↑
[INFO] walk       walk_2.mp4                          0.971    0.941    -0.030↓    13.97    13.66     -0.30↓
[INFO] walk       walk_20.mp4                         0.970    0.967    -0.003↓    20.85    21.31     +0.46↑
[INFO] walk       walk_21.mp4                         0.980    0.974    -0.006↓    21.48    25.31     +3.84↑
[INFO] walk       walk_22.mp4                         0.974    0.970    -0.004↓    17.44    17.00     -0.44↓
[INFO] walk       walk_23.mp4                         0.980    0.980    +0.001↑    10.94    10.45     -0.49↓
[INFO] walk       walk_24.mp4                         0.982    0.984    +0.002↑     7.61     7.58     -0.03↓
[INFO] walk       walk_25.mp4                         0.970    0.981    +0.011↑    10.65    11.51     +0.86↑
[INFO] walk       walk_26.mp4                         0.992    0.990    -0.003↓    10.40    10.72     +0.31↑
[INFO] walk       walk_27.mp4                         0.984    0.987    +0.003↑    12.94    11.15     -1.79↓
[INFO] walk       walk_28.mp4                         0.971    0.973    +0.002↑    14.34    14.49     +0.16↑
[INFO] walk       walk_29.mp4                         0.979    0.979    -0.000↓    13.22    12.50     -0.71↓
[INFO] walk       walk_3.mp4                          0.979    0.988    +0.009↑    12.04     9.76     -2.27↓
[INFO] walk       walk_30.mp4                         0.989    0.988    -0.001↓    16.35    16.58     +0.24↑
[INFO] walk       walk_31.mp4                         0.991    0.989    -0.002↓    14.08    13.64     -0.43↓
[INFO] walk       walk_32.mp4                         0.995    0.997    +0.002↑     7.25     7.22     -0.03↓
[INFO] walk       walk_4.mp4                          0.975    0.976    +0.002↑    17.89    18.12     +0.23↑
[INFO] walk       walk_5.mp4                          0.981    0.977    -0.004↓    14.52    14.47     -0.05↓
[INFO] walk       walk_6.mp4                          0.981    0.985    +0.004↑    13.28    12.73     -0.55↓
[INFO] walk       walk_7.mp4                          0.974    0.979    +0.006↑    11.18    10.50     -0.68↓
[INFO] walk       walk_8.mp4                          0.979    0.979    -0.001↓     8.88     8.19     -0.69↓
[INFO] walk       walk_9.mp4                          0.999    0.999    -0.000↓    11.72    12.11     +0.39↑
[INFO] 
[INFO] =================================================================================================
[INFO] 行為類別摘要
[INFO] =================================================================================================
[INFO] 行為         舊信心   新信心   信心改善   舊抖動   新抖動   抖動改善   舊缺失   新缺失   缺失改善
[INFO] -------------------------------------------------------------------------------------------------
[INFO] walk          0.977    0.975     -0.26%    13.27    13.01     +1.95%     0.2%     0.3%     -0.03%
[INFO] lick          0.000    0.000     +0.00%     0.00     0.00     +0.00%     0.0%     0.0%     +0.00%
[INFO] scratch       0.000    0.000     +0.00%     0.00     0.00     +0.00%     0.0%     0.0%     +0.00%
[INFO] shake         0.000    0.000     +0.00%     0.00     0.00     +0.00%     0.0%     0.0%     +0.00%
[INFO] stop          0.000    0.000     +0.00%     0.00     0.00     +0.00%     0.0%     0.0%     +0.00%
[INFO] 
[INFO] =================================================================================================
[INFO] ★★★ 主指標：P95 Jitter（尾部抖動，數值越小越穩定） ★★★
[INFO] =================================================================================================
[INFO] 行為       舊P95抖動 新P95抖動       改善
[INFO] -------------------------------------------------------------------------------------------------
[INFO] walk          40.12    38.75     +3.41%
[INFO] lick           0.00     0.00     +0.00%
[INFO] scratch        0.00     0.00     +0.00%
[INFO] shake          0.00     0.00     +0.00%
[INFO] stop           0.00     0.00     +0.00%
[INFO] -------------------------------------------------------------------------------------------------
[INFO] 整體          40.12    38.75     +3.41%
[INFO] 
[INFO]   ★ 主指標結論：v11s_137.pt 尾部抖動較小（Δ1.37px）— 依你指定的主指標，優先選它
[INFO] =================================================================================================
[INFO] 
[INFO] =================================================================================================
[INFO] [參考，非主指標] 整體比較結果（複合分數）
[INFO] =================================================================================================
[INFO] 舊模型        v11s_128.pt   複合分數 89.85
[INFO] 新模型        v11s_137.pt   複合分數 89.93
[INFO] 
[INFO] 平均信心值    0.977  →  0.975    改善 -0.26%
[INFO] 平均抖動      13.27 px  →  13.01 px    改善 +1.95%
[INFO] 缺失比率      0.2%  →  0.3%    改善 -0.03%
[INFO] 尾尖缺失      3.9%  →  5.1%
[INFO] 
[INFO] 綜合改善分數  +0.58%
[INFO] 進步最多行為  walk  （+3.4%）
[INFO] 退步最多行為  lick  （+0.0%）
[INFO] 
[INFO] 結論          v11s_137.pt  相較  v11s_128.pt  →  BETTER（較優）  [參考用複合分數]
[INFO] =================================================================================================
