[INFO] ====================================================
[INFO] YOLO Pose Model Comparison  [20260724_143412]
[INFO]   Old : C:\ai_project\cat_pose\v11s_128.pt
[INFO]   New : C:\ai_project\cat_pose\v11s_140.pt
[INFO]   Data[stop]: C:\Users\homec\OneDrive\圖片\貓咪圖像資料集\主要測試\stop
[INFO]   Out : C:\ai_project\pose_compare_results\20260724_143412  Device: cuda
[INFO] ====================================================
[INFO] Loading old model...
[INFO] Loading new model...
[WARNING]   ⚠ 跳過 [walk] （未列入 BENCHMARK_DIRS，已略過）
[WARNING]   ⚠ 跳過 [lick] （未列入 BENCHMARK_DIRS，已略過）
[WARNING]   ⚠ 跳過 [scratch] （未列入 BENCHMARK_DIRS，已略過）
[WARNING]   ⚠ 跳過 [shake] （未列入 BENCHMARK_DIRS，已略過）
[INFO] Benchmark videos: 4
[INFO]   walk: 0
[INFO]   lick: 0
[INFO]   scratch: 0
[INFO]   shake: 0
[INFO]   stop: 4
[INFO] 
--- OLD MODEL: v11s_128.pt  (EMA α=1.0) ---
[INFO] Processing: stop/stop_1.mp4
[INFO]   Frames: 118 | Inference Time: 5.55 sec | Confidence=0.999 Jitter=0.55
[INFO] --------------------------------
[INFO] Processing: stop/stop_19.mp4
[INFO]   Frames: 54 | Inference Time: 1.39 sec | Confidence=0.992 Jitter=2.51
[INFO] --------------------------------
[INFO] Processing: stop/stop_2.mp4
[INFO]   Frames: 397 | Inference Time: 8.19 sec | Confidence=0.981 Jitter=4.86
[INFO] --------------------------------
[INFO] Processing: stop/stop_3.mp4
[INFO]   Frames: 248 | Inference Time: 5.12 sec | Confidence=0.962 Jitter=2.64
[INFO] --------------------------------
[INFO] 
--- NEW MODEL: v11s_140.pt  (EMA α=1.0) ---
[INFO] Processing: stop/stop_1.mp4
[INFO]   Frames: 118 | Inference Time: 2.51 sec | Confidence=0.999 Jitter=0.88
[INFO] --------------------------------
[INFO] Processing: stop/stop_19.mp4
[INFO]   Frames: 54 | Inference Time: 1.20 sec | Confidence=0.994 Jitter=2.06
[INFO] --------------------------------
[INFO] Processing: stop/stop_2.mp4
[INFO]   Frames: 397 | Inference Time: 8.21 sec | Confidence=0.979 Jitter=4.97
[INFO] --------------------------------
[INFO] Processing: stop/stop_3.mp4
[INFO]   Frames: 248 | Inference Time: 5.40 sec | Confidence=0.948 Jitter=2.86
[INFO] --------------------------------
[INFO] 
Aggregating metrics...
[INFO] 
Writing CSV files...
[INFO] Generating figures...
[INFO] Writing reports...
[INFO] Appended to comparison history: C:\ai_project\pose_compare_results\comparison_history.log
[INFO] 本次執行總花費時間：00:44（共 43.8 秒）
[INFO] 
[INFO] =====================================================================================================
[INFO] 逐影片比較結果
[INFO] =====================================================================================================
[INFO] 行為       影片                               舊信心   新信心      信心Δ   舊抖動   新抖動      抖動Δ
[INFO] -----------------------------------------------------------------------------------------------------
[INFO] stop       stop_1.mp4                          0.999    0.999    +0.000↑     0.55     0.88     +0.33↑
[INFO] stop       stop_19.mp4                         0.992    0.994    +0.002↑     2.51     2.06     -0.45↓
[INFO] stop       stop_2.mp4                          0.981    0.979    -0.002↓     4.86     4.97     +0.11↑
[INFO] stop       stop_3.mp4                          0.962    0.948    -0.013↓     2.64     2.86     +0.22↑
[INFO] 
[INFO] =================================================================================================
[INFO] 行為類別摘要
[INFO] =================================================================================================
[INFO] 行為         舊信心   新信心   信心改善   舊抖動   新抖動   抖動改善   舊缺失   新缺失   缺失改善
[INFO] -------------------------------------------------------------------------------------------------
[INFO] walk          0.000    0.000     +0.00%     0.00     0.00     +0.00%     0.0%     0.0%     +0.00%
[INFO] lick          0.000    0.000     +0.00%     0.00     0.00     +0.00%     0.0%     0.0%     +0.00%
[INFO] scratch       0.000    0.000     +0.00%     0.00     0.00     +0.00%     0.0%     0.0%     +0.00%
[INFO] shake         0.000    0.000     +0.00%     0.00     0.00     +0.00%     0.0%     0.0%     +0.00%
[INFO] stop          0.978    0.974     -0.49%     3.39     3.53     -3.97%     0.0%     0.0%     +0.00%
[INFO] 
[INFO] =================================================================================================
[INFO] ★★★ 主指標：P95 Jitter（尾部抖動，數值越小越穩定） ★★★
[INFO] =================================================================================================
[INFO] 行為       舊P95抖動 新P95抖動       改善
[INFO] -------------------------------------------------------------------------------------------------
[INFO] walk           0.00     0.00     +0.00%
[INFO] lick           0.00     0.00     +0.00%
[INFO] scratch        0.00     0.00     +0.00%
[INFO] shake          0.00     0.00     +0.00%
[INFO] stop          13.16    13.83     -5.11%
[INFO] -------------------------------------------------------------------------------------------------
[INFO] 整體          13.16    13.83     -5.11%
[INFO] 
[INFO]   ★ 主指標結論：v11s_128.pt 尾部抖動較小（Δ0.67px）— 依你指定的主指標，優先選它
[INFO] =================================================================================================
[INFO] 
[INFO] =================================================================================================
[INFO] [參考，非主指標] 整體比較結果（複合分數）
[INFO] =================================================================================================
[INFO] 舊模型        v11s_128.pt   複合分數 96.87
[INFO] 新模型        v11s_140.pt   複合分數 96.60
[INFO] 
[INFO] 平均信心值    0.978  →  0.974    改善 -0.49%
[INFO] 平均抖動      3.39 px  →  3.53 px    改善 -3.97%
[INFO] 缺失比率      0.0%  →  0.0%    改善 +0.00%
[INFO] 尾尖缺失      0.6%  →  1.8%
[INFO] 
[INFO] 綜合改善分數  -1.56%
[INFO] 進步最多行為  stop  （-5.11%）
[INFO] 退步最多行為  stop  （-5.11%）
[INFO] 
[INFO] 結論          v11s_140.pt  相較  v11s_128.pt  →  WORSE（較差）  [參考用複合分數]
[INFO] =================================================================================================
