[INFO] ====================================================
[INFO] YOLO Pose Model Comparison  [20260723_145044]
[INFO]   Old : C:\ai_project\cat_pose\v11s_135.pt
[INFO]   New : C:\ai_project\cat_pose\v11s_137.pt
[INFO]   Data[walk]: C:\Users\homec\OneDrive\圖片\貓咪圖像資料集\主要測試\walk
[INFO]   Data[lick]: C:\Users\homec\OneDrive\圖片\貓咪圖像資料集\主要測試\lick
[INFO]   Data[scratch]: C:\Users\homec\OneDrive\圖片\貓咪圖像資料集\主要測試\scratch
[INFO]   Data[shake]: C:\Users\homec\OneDrive\圖片\貓咪圖像資料集\主要測試\shake
[INFO]   Data[stop]: C:\Users\homec\OneDrive\圖片\貓咪圖像資料集\主要測試\stop
[INFO]   Out : C:\ai_project\pose_compare_results\20260723_145044  Device: cuda
[INFO] ====================================================
[INFO] Loading old model...
[INFO] Loading new model...
[INFO] Benchmark videos: 23
[INFO]   walk: 3
[INFO]   lick: 5
[INFO]   scratch: 5
[INFO]   shake: 6
[INFO]   stop: 4
[INFO] 
--- OLD MODEL: v11s_135.pt  (EMA α=1.0) ---
[INFO] Processing: walk/7月7日 (8)(1).mp4
