[INFO] ====================================================
[INFO] YOLO Pose Model Comparison  [20260725_010536]
[INFO]   Old : C:\ai_project\cat_pose\v11s_128.pt
[INFO]   New : C:\ai_project\cat_pose\v11s_141.pt
[INFO]   Data[stop]: C:\Users\homec\OneDrive\圖片\貓咪圖像資料集\主要測試\stop
[INFO]   Out : C:\ai_project\pose_compare_results\20260725_010536  Device: cuda
[INFO] ====================================================
[INFO] Loading old model...
[INFO] Loading new model...
[WARNING]   ⚠ 跳過 [walk] （未列入 BENCHMARK_DIRS，已略過）
[WARNING]   ⚠ 跳過 [lick] （未列入 BENCHMARK_DIRS，已略過）
[WARNING]   ⚠ 跳過 [scratch] （未列入 BENCHMARK_DIRS，已略過）
[WARNING]   ⚠ 跳過 [shake] （未列入 BENCHMARK_DIRS，已略過）
[INFO] Benchmark videos: 4
[INFO]   walk: 0
[INFO]   lick: 0
[INFO]   scratch: 0
[INFO]   shake: 0
[INFO]   stop: 4
[INFO] 
--- OLD MODEL: v11s_128.pt  (EMA α=1.0) ---
[INFO] Processing: stop/stop_1.mp4
[INFO]   Frames: 118 | Inference Time: 5.74 sec | Confidence=0.999 Jitter=0.55
[INFO] --------------------------------
[INFO] Processing: stop/stop_19.mp4
[INFO]   Frames: 54 | Inference Time: 1.30 sec | Confidence=0.992 Jitter=2.51
[INFO] --------------------------------
[INFO] Processing: stop/stop_2.mp4
[INFO]   Frames: 397 | Inference Time: 8.25 sec | Confidence=0.981 Jitter=4.86
[INFO] --------------------------------
[INFO] Processing: stop/stop_3.mp4
[INFO]   Frames: 248 | Inference Time: 5.54 sec | Confidence=0.962 Jitter=2.64
[INFO] --------------------------------
[INFO] 
--- NEW MODEL: v11s_141.pt  (EMA α=1.0) ---
[INFO] Processing: stop/stop_1.mp4
[INFO]   Frames: 118 | Inference Time: 2.63 sec | Confidence=0.998 Jitter=1.16
[INFO] --------------------------------
[INFO] Processing: stop/stop_19.mp4
[INFO]   Frames: 54 | Inference Time: 1.23 sec | Confidence=0.990 Jitter=2.28
[INFO] --------------------------------
[INFO] Processing: stop/stop_2.mp4
[INFO]   Frames: 397 | Inference Time: 8.59 sec | Confidence=0.981 Jitter=4.80
[INFO] --------------------------------
[INFO] Processing: stop/stop_3.mp4
[INFO]   Frames: 248 | Inference Time: 5.38 sec | Confidence=0.940 Jitter=3.21
[INFO] --------------------------------
[INFO] 
Aggregating metrics...
[INFO] 
Writing CSV files...
[INFO] Generating figures...
[INFO] Writing reports...
[INFO] Appended to comparison history: C:\ai_project\pose_compare_results\comparison_history.log
[INFO] 本次執行總花費時間：00:45（共 44.8 秒）
[INFO] 
[INFO] =====================================================================================================
[INFO] 逐影片比較結果
[INFO] =====================================================================================================
[INFO] 行為       影片                               舊信心   新信心      信心Δ   舊抖動   新抖動      抖動Δ
[INFO] -----------------------------------------------------------------------------------------------------
[INFO] stop       stop_1.mp4                          0.999    0.998    -0.000↓     0.55     1.16     +0.61↑
[INFO] stop       stop_19.mp4                         0.992    0.990    -0.002↓     2.51     2.28     -0.23↓
[INFO] stop       stop_2.mp4                          0.981    0.981    +0.000↑     4.86     4.80     -0.07↓
[INFO] stop       stop_3.mp4                          0.962    0.940    -0.021↓     2.64     3.21     +0.57↑
[INFO] 
[INFO] =================================================================================================
[INFO] 行為類別摘要
[INFO] =================================================================================================
[INFO] 行為         舊信心   新信心   信心改善   舊抖動   新抖動   抖動改善   舊缺失   新缺失   缺失改善
[INFO] -------------------------------------------------------------------------------------------------
[INFO] walk          0.000    0.000     +0.00%     0.00     0.00     +0.00%     0.0%     0.0%     +0.00%
[INFO] lick          0.000    0.000     +0.00%     0.00     0.00     +0.00%     0.0%     0.0%     +0.00%
[INFO] scratch       0.000    0.000     +0.00%     0.00     0.00     +0.00%     0.0%     0.0%     +0.00%
[INFO] shake         0.000    0.000     +0.00%     0.00     0.00     +0.00%     0.0%     0.0%     +0.00%
[INFO] stop          0.978    0.972     -0.67%     3.39     3.61     -6.32%     0.0%     0.0%     +0.00%
[INFO] 
[INFO] =================================================================================================
[INFO] ★★★ 主指標：P95 Jitter（尾部抖動，數值越小越穩定） ★★★
[INFO] =================================================================================================
[INFO] 行為       舊P95抖動 新P95抖動       改善
[INFO] -------------------------------------------------------------------------------------------------
[INFO] walk           0.00     0.00     +0.00%
[INFO] lick           0.00     0.00     +0.00%
[INFO] scratch        0.00     0.00     +0.00%
[INFO] shake          0.00     0.00     +0.00%
[INFO] stop          13.16    14.20     -7.86%
[INFO] -------------------------------------------------------------------------------------------------
[INFO] 整體          13.16    14.20     -7.86%
[INFO] 
[INFO]   ★ 主指標結論：v11s_128.pt 尾部抖動較小（Δ1.04px）— 依你指定的主指標，優先選它
[INFO] =================================================================================================
[INFO] 
[INFO] =================================================================================================
[INFO] [參考，非主指標] 整體比較結果（複合分數）
[INFO] =================================================================================================
[INFO] 舊模型        v11s_128.pt   複合分數 96.87
[INFO] 新模型        v11s_141.pt   複合分數 96.48
[INFO] 
[INFO] 平均信心值    0.978  →  0.972    改善 -0.67%
[INFO] 平均抖動      3.39 px  →  3.61 px    改善 -6.32%
[INFO] 缺失比率      0.0%  →  0.0%    改善 +0.00%
[INFO] 尾尖缺失      0.6%  →  7.0%
[INFO] 
[INFO] 綜合改善分數  -2.45%
[INFO] 進步最多行為  stop  （-7.86%）
[INFO] 退步最多行為  stop  （-7.86%）
[INFO] 
[INFO] 結論          v11s_141.pt  相較  v11s_128.pt  →  WORSE（較差）  [參考用複合分數]
[INFO] =================================================================================================
