=================================================
FINAL SUMMARY
=================================================

Videos Processed:
5

[PRIMARY] P95 Jitter Improvement:
-10.92%

[PRIMARY] Decision:
OLD MODEL WINS

[Reference] Old Model Composite Score:
93.64

[Reference] New Model Composite Score:
93.31

[Reference] Overall Improvement:
-3.84%

[Reference] Decision:
OLD MODEL WINS

Confidence:
+0.87%

Jitter (mean):
-11.83%

Missing Ratio:
+0.00%

Largest Improvement:
Lick

Largest Regression:
Walk

Finished Successfully.
=================================================