[INFO] ====================================================
[INFO] YOLO Pose Model Comparison  [20260717_163815]
[INFO]   Old : C:\ai_project\cat_pose\v11s_128.pt
[INFO]   New : C:\ai_project\cat_pose\v11s_130.pt
[INFO]   Data[walk]: C:\Users\homec\Downloads\24
[INFO]   Out : C:\ai_project\pose_compare_results\20260717_163815  Device: cuda
[INFO] ====================================================
[INFO] Loading old model...
[INFO] Loading new model...
[WARNING]   ⚠ 跳過 [lick] （未列入 BENCHMARK_DIRS，已略過）
[WARNING]   ⚠ 跳過 [scratch] （未列入 BENCHMARK_DIRS，已略過）
[WARNING]   ⚠ 跳過 [shake] （未列入 BENCHMARK_DIRS，已略過）
[WARNING]   ⚠ 跳過 [stop] （未列入 BENCHMARK_DIRS，已略過）
[INFO] Benchmark videos: 5
[INFO]   walk: 5
[INFO]   lick: 0
[INFO]   scratch: 0
[INFO]   shake: 0
[INFO]   stop: 0
[INFO] 
--- OLD MODEL: v11s_128.pt  (EMA α=1.0) ---
[INFO] Processing: walk/0_Cat_Calico_1920x1080.mp4
[INFO]   Frames: 400 | Inference Time: 17.25 sec | Confidence=0.987 Jitter=13.20
[INFO] --------------------------------
[INFO] Processing: walk/0_Cat_Feline_1920x1080.mp4
[INFO]   Frames: 484 | Inference Time: 13.82 sec | Confidence=0.991 Jitter=4.98
[INFO] --------------------------------
[INFO] Processing: walk/0_Cat_Ginger_Cat_1920x1080.mp4
[INFO]   Frames: 218 | Inference Time: 5.97 sec | Confidence=0.978 Jitter=12.61
[INFO] --------------------------------
[INFO] Processing: walk/0_Cat_Metronome_1920x1080.mp4
[INFO]   Frames: 375 | Inference Time: 10.28 sec | Confidence=0.900 Jitter=3.87
[INFO] --------------------------------
[INFO] Processing: walk/0_Cat_Pet_1920x1080.mp4
[INFO]   Frames: 348 | Inference Time: 10.05 sec | Confidence=0.984 Jitter=4.68
[INFO] --------------------------------
[INFO] 
--- NEW MODEL: v11s_130.pt  (EMA α=1.0) ---
[INFO] Processing: walk/0_Cat_Calico_1920x1080.mp4
[INFO]   Frames: 400 | Inference Time: 11.44 sec | Confidence=0.994 Jitter=14.32
[INFO] --------------------------------
[INFO] Processing: walk/0_Cat_Feline_1920x1080.mp4
[INFO]   Frames: 484 | Inference Time: 13.49 sec | Confidence=0.990 Jitter=5.73
[INFO] --------------------------------
[INFO] Processing: walk/0_Cat_Ginger_Cat_1920x1080.mp4
[INFO]   Frames: 218 | Inference Time: 6.20 sec | Confidence=0.972 Jitter=14.75
[INFO] --------------------------------
[INFO] Processing: walk/0_Cat_Metronome_1920x1080.mp4
[INFO]   Frames: 375 | Inference Time: 10.61 sec | Confidence=0.934 Jitter=4.23
[INFO] --------------------------------
[INFO] Processing: walk/0_Cat_Pet_1920x1080.mp4
[INFO]   Frames: 348 | Inference Time: 9.88 sec | Confidence=0.989 Jitter=5.10
[INFO] --------------------------------
[INFO] 
Aggregating metrics...
[INFO] 
Writing CSV files...
[INFO] Generating figures...
[INFO] Writing reports...
[INFO] 
[INFO] =====================================================================================================
[INFO] 逐影片比較結果
[INFO] =====================================================================================================
[INFO] 行為       影片                               舊信心   新信心      信心Δ   舊抖動   新抖動      抖動Δ
[INFO] -----------------------------------------------------------------------------------------------------
[INFO] walk       0_Cat_Calico_1920x1080.mp4          0.987    0.994    +0.007↑    13.20    14.32     +1.12↑
[INFO] walk       0_Cat_Feline_1920x1080.mp4          0.991    0.990    -0.001↓     4.98     5.73     +0.75↑
[INFO] walk       0_Cat_Ginger_Cat_1920x1080.mp4      0.978    0.972    -0.006↓    12.61    14.75     +2.14↑
[INFO] walk       0_Cat_Metronome_1920x1080.mp4       0.900    0.934    +0.035↑     3.87     4.23     +0.36↑
[INFO] walk       0_Cat_Pet_1920x1080.mp4             0.984    0.989    +0.005↑     4.68     5.10     +0.42↑
[INFO] 
[INFO] =================================================================================================
[INFO] 行為類別摘要
[INFO] =================================================================================================
[INFO] 行為         舊信心   新信心   信心改善   舊抖動   新抖動   抖動改善   舊缺失   新缺失   缺失改善
[INFO] -------------------------------------------------------------------------------------------------
[INFO] walk          0.969    0.977     +0.87%     7.52     8.41    -11.83%     0.0%     0.0%     +0.00%
[INFO] lick          0.000    0.000     +0.00%     0.00     0.00     +0.00%     0.0%     0.0%     +0.00%
[INFO] scratch       0.000    0.000     +0.00%     0.00     0.00     +0.00%     0.0%     0.0%     +0.00%
[INFO] shake         0.000    0.000     +0.00%     0.00     0.00     +0.00%     0.0%     0.0%     +0.00%
[INFO] stop          0.000    0.000     +0.00%     0.00     0.00     +0.00%     0.0%     0.0%     +0.00%
[INFO] 
[INFO] =================================================================================================
[INFO] ★★★ 主指標：P95 Jitter（尾部抖動，數值越小越穩定） ★★★
[INFO] =================================================================================================
[INFO] 行為       舊P95抖動 新P95抖動       改善
[INFO] -------------------------------------------------------------------------------------------------
[INFO] walk          23.59    26.16    -10.92%
[INFO] lick           0.00     0.00     +0.00%
[INFO] scratch        0.00     0.00     +0.00%
[INFO] shake          0.00     0.00     +0.00%
[INFO] stop           0.00     0.00     +0.00%
[INFO] -------------------------------------------------------------------------------------------------
[INFO] 整體          23.59    26.16    -10.92%
[INFO] 
[INFO]   ★ 主指標結論：v11s_128.pt 尾部抖動較小（Δ2.58px）— 依你指定的主指標，優先選它
[INFO] =================================================================================================
[INFO] 
[INFO] =================================================================================================
[INFO] [參考，非主指標] 整體比較結果（複合分數）
[INFO] =================================================================================================
[INFO] 舊模型        v11s_128.pt   複合分數 93.64
[INFO] 新模型        v11s_130.pt   複合分數 93.31
[INFO] 
[INFO] 平均信心值    0.969  →  0.977    改善 +0.87%
[INFO] 平均抖動      7.52 px  →  8.41 px    改善 -11.83%
[INFO] 缺失比率      0.0%  →  0.0%    改善 +0.00%
[INFO] 尾尖缺失      9.0%  →  9.1%
[INFO] 
[INFO] 綜合改善分數  -3.84%
[INFO] 進步最多行為  lick  （+0.0%）
[INFO] 退步最多行為  walk  （-10.9%）
[INFO] 
[INFO] 結論          v11s_130.pt  相較  v11s_128.pt  →  WORSE（較差）  [參考用複合分數]
[INFO] =================================================================================================
