[INFO] ====================================================
[INFO] YOLO Pose Model Comparison  [20260721_132037]
[INFO]   Old : C:\ai_project\cat_pose\v11s_128.pt
[INFO]   New : C:\ai_project\cat_pose\v11s_135.pt
[INFO]   Data[walk]: C:\Users\homec\OneDrive\圖片\貓咪圖像資料集\主要測試\walk
[INFO]   Data[lick]: C:\Users\homec\OneDrive\圖片\貓咪圖像資料集\主要測試\lick
[INFO]   Data[scratch]: C:\Users\homec\OneDrive\圖片\貓咪圖像資料集\主要測試\scratch
[INFO]   Data[shake]: C:\Users\homec\OneDrive\圖片\貓咪圖像資料集\主要測試\shake
[INFO]   Data[stop]: C:\Users\homec\OneDrive\圖片\貓咪圖像資料集\主要測試\stop
[INFO]   Out : C:\ai_project\pose_compare_results\20260721_132037  Device: cuda
[INFO] ====================================================
[INFO] Loading old model...
[INFO] Loading new model...
[INFO] Benchmark videos: 23
[INFO]   walk: 3
[INFO]   lick: 5
[INFO]   scratch: 5
[INFO]   shake: 6
[INFO]   stop: 4
[INFO] 
--- OLD MODEL: v11s_128.pt  (EMA α=1.0) ---
[INFO] Processing: walk/7月7日 (8)(1).mp4
[INFO]   Frames: 126 | Inference Time: 5.06 sec | Confidence=0.989 Jitter=10.47
[INFO] --------------------------------
[INFO] Processing: walk/7月7日 (8)(3).mp4
[INFO]   Frames: 200 | Inference Time: 4.75 sec | Confidence=0.917 Jitter=12.60
[INFO] --------------------------------
[INFO] Processing: walk/7月7日 (8).mp4
[INFO]   Frames: 94 | Inference Time: 2.31 sec | Confidence=0.889 Jitter=23.34
[INFO] --------------------------------
[INFO] Processing: lick/7月3日(1).mp4
[INFO]   Frames: 135 | Inference Time: 2.79 sec | Confidence=0.991 Jitter=2.53
[INFO] --------------------------------
[INFO] Processing: lick/7月3日(2).mp4
[INFO]   Frames: 156 | Inference Time: 3.21 sec | Confidence=0.997 Jitter=2.47
[INFO] --------------------------------
[INFO] Processing: lick/7月3日(3).mp4
[INFO]   Frames: 121 | Inference Time: 2.52 sec | Confidence=0.999 Jitter=2.42
[INFO] --------------------------------
[INFO] Processing: lick/7月3日(4).mp4
[INFO]   Frames: 147 | Inference Time: 3.06 sec | Confidence=0.991 Jitter=2.08
[INFO] --------------------------------
[INFO] Processing: lick/7月3日.mp4
[INFO]   Frames: 139 | Inference Time: 2.93 sec | Confidence=0.986 Jitter=3.13
[INFO] --------------------------------
[INFO] Processing: scratch/7月3日 (2)(1).mp4
[INFO]   Frames: 155 | Inference Time: 3.24 sec | Confidence=0.982 Jitter=6.01
[INFO] --------------------------------
[INFO] Processing: scratch/7月3日 (2)(2).mp4
[INFO]   Frames: 109 | Inference Time: 2.33 sec | Confidence=0.987 Jitter=6.98
[INFO] --------------------------------
[INFO] Processing: scratch/7月3日 (2)(3).mp4
[INFO]   Frames: 154 | Inference Time: 3.06 sec | Confidence=0.997 Jitter=5.07
[INFO] --------------------------------
[INFO] Processing: scratch/7月3日 (2)(4).mp4
[INFO]   Frames: 142 | Inference Time: 2.87 sec | Confidence=0.987 Jitter=4.58
[INFO] --------------------------------
[INFO] Processing: scratch/7月3日 (2).mp4
[INFO]   Frames: 177 | Inference Time: 3.68 sec | Confidence=0.995 Jitter=5.16
[INFO] --------------------------------
[INFO] Processing: shake/7月7日 (5)(1).mp4
[INFO]   Frames: 105 | Inference Time: 2.21 sec | Confidence=0.996 Jitter=3.92
[INFO] --------------------------------
[INFO] Processing: shake/7月7日 (5)(2).mp4
[INFO]   Frames: 99 | Inference Time: 2.07 sec | Confidence=0.997 Jitter=6.21
[INFO] --------------------------------
[INFO] Processing: shake/7月7日 (5)(3).mp4
[INFO]   Frames: 102 | Inference Time: 2.22 sec | Confidence=0.973 Jitter=5.56
[INFO] --------------------------------
[INFO] Processing: shake/7月7日 (5)(4).mp4
[INFO]   Frames: 110 | Inference Time: 2.23 sec | Confidence=0.995 Jitter=4.92
[INFO] --------------------------------
[INFO] Processing: shake/7月7日 (5)(5).mp4
[INFO]   Frames: 108 | Inference Time: 2.22 sec | Confidence=0.996 Jitter=4.29
[INFO] --------------------------------
[INFO] Processing: shake/7月7日 (5).mp4
[INFO]   Frames: 116 | Inference Time: 2.37 sec | Confidence=0.995 Jitter=4.73
[INFO] --------------------------------
[INFO] Processing: stop/7月7日 (8)(2).mp4
[INFO]   Frames: 50 | Inference Time: 1.21 sec | Confidence=0.991 Jitter=5.04
[INFO] --------------------------------
[INFO] Processing: stop/7月7日 (8)(5).mp4
[INFO]   Frames: 307 | Inference Time: 7.25 sec | Confidence=0.988 Jitter=3.83
[INFO] --------------------------------
[INFO] Processing: stop/7月7日 (8).mp4
[INFO]   Frames: 123 | Inference Time: 2.85 sec | Confidence=0.986 Jitter=6.45
[INFO] --------------------------------
[INFO] Processing: stop/Desktop 2026.07.16 - 19.06.58.15.mp4
[INFO]   Frames: 206 | Inference Time: 4.23 sec | Confidence=0.985 Jitter=1.27
[INFO] --------------------------------
[INFO] 
--- NEW MODEL: v11s_135.pt  (EMA α=1.0) ---
[INFO] Processing: walk/7月7日 (8)(1).mp4
[INFO]   Frames: 126 | Inference Time: 3.02 sec | Confidence=0.983 Jitter=10.12
[INFO] --------------------------------
[INFO] Processing: walk/7月7日 (8)(3).mp4
[INFO]   Frames: 200 | Inference Time: 4.57 sec | Confidence=0.918 Jitter=12.98
[INFO] --------------------------------
[INFO] Processing: walk/7月7日 (8).mp4
[INFO]   Frames: 94 | Inference Time: 2.27 sec | Confidence=0.840 Jitter=20.50
[INFO] --------------------------------
[INFO] Processing: lick/7月3日(1).mp4
[INFO]   Frames: 135 | Inference Time: 2.76 sec | Confidence=0.988 Jitter=2.26
[INFO] --------------------------------
[INFO] Processing: lick/7月3日(2).mp4
[INFO]   Frames: 156 | Inference Time: 3.11 sec | Confidence=0.998 Jitter=2.15
[INFO] --------------------------------
[INFO] Processing: lick/7月3日(3).mp4
[INFO]   Frames: 121 | Inference Time: 2.48 sec | Confidence=0.997 Jitter=2.42
[INFO] --------------------------------
[INFO] Processing: lick/7月3日(4).mp4
[INFO]   Frames: 147 | Inference Time: 3.02 sec | Confidence=0.992 Jitter=2.02
[INFO] --------------------------------
[INFO] Processing: lick/7月3日.mp4
[INFO]   Frames: 139 | Inference Time: 2.83 sec | Confidence=0.976 Jitter=3.19
[INFO] --------------------------------
[INFO] Processing: scratch/7月3日 (2)(1).mp4
[INFO]   Frames: 155 | Inference Time: 3.08 sec | Confidence=0.959 Jitter=6.14
[INFO] --------------------------------
[INFO] Processing: scratch/7月3日 (2)(2).mp4
[INFO]   Frames: 109 | Inference Time: 2.26 sec | Confidence=0.994 Jitter=6.61
[INFO] --------------------------------
[INFO] Processing: scratch/7月3日 (2)(3).mp4
[INFO]   Frames: 154 | Inference Time: 3.11 sec | Confidence=0.997 Jitter=5.87
[INFO] --------------------------------
[INFO] Processing: scratch/7月3日 (2)(4).mp4
[INFO]   Frames: 142 | Inference Time: 2.95 sec | Confidence=0.979 Jitter=5.34
[INFO] --------------------------------
[INFO] Processing: scratch/7月3日 (2).mp4
[INFO]   Frames: 177 | Inference Time: 3.79 sec | Confidence=0.998 Jitter=5.84
[INFO] --------------------------------
[INFO] Processing: shake/7月7日 (5)(1).mp4
[INFO]   Frames: 105 | Inference Time: 2.20 sec | Confidence=0.997 Jitter=5.17
[INFO] --------------------------------
[INFO] Processing: shake/7月7日 (5)(2).mp4
[INFO]   Frames: 99 | Inference Time: 2.10 sec | Confidence=0.997 Jitter=6.98
[INFO] --------------------------------
[INFO] Processing: shake/7月7日 (5)(3).mp4
[INFO]   Frames: 102 | Inference Time: 2.15 sec | Confidence=0.958 Jitter=6.12
[INFO] --------------------------------
[INFO] Processing: shake/7月7日 (5)(4).mp4
[INFO]   Frames: 110 | Inference Time: 2.30 sec | Confidence=0.996 Jitter=4.78
[INFO] --------------------------------
[INFO] Processing: shake/7月7日 (5)(5).mp4
[INFO]   Frames: 108 | Inference Time: 2.28 sec | Confidence=0.995 Jitter=4.10
[INFO] --------------------------------
[INFO] Processing: shake/7月7日 (5).mp4
[INFO]   Frames: 116 | Inference Time: 2.45 sec | Confidence=0.996 Jitter=4.61
[INFO] --------------------------------
[INFO] Processing: stop/7月7日 (8)(2).mp4
[INFO]   Frames: 50 | Inference Time: 1.31 sec | Confidence=0.963 Jitter=3.76
[INFO] --------------------------------
[INFO] Processing: stop/7月7日 (8)(5).mp4
[INFO]   Frames: 307 | Inference Time: 7.49 sec | Confidence=0.991 Jitter=3.43
[INFO] --------------------------------
[INFO] Processing: stop/7月7日 (8).mp4
[INFO]   Frames: 123 | Inference Time: 2.99 sec | Confidence=0.991 Jitter=6.92
[INFO] --------------------------------
[INFO] Processing: stop/Desktop 2026.07.16 - 19.06.58.15.mp4
[INFO]   Frames: 206 | Inference Time: 4.07 sec | Confidence=0.990 Jitter=1.32
[INFO] --------------------------------
[INFO] 
Aggregating metrics...
[INFO] 
Writing CSV files...
[INFO] Generating figures...
[INFO] Writing reports...
[INFO] Appended to comparison history: C:\ai_project\pose_compare_results\comparison_history.log
[INFO] 
[INFO] =====================================================================================================
[INFO] 逐影片比較結果
[INFO] =====================================================================================================
[INFO] 行為       影片                               舊信心   新信心      信心Δ   舊抖動   新抖動      抖動Δ
[INFO] -----------------------------------------------------------------------------------------------------
[INFO] walk       7月7日 (8)(1).mp4                   0.989    0.983    -0.006↓    10.47    10.12     -0.34↓
[INFO] walk       7月7日 (8)(3).mp4                   0.917    0.918    +0.002↑    12.60    12.98     +0.38↑
[INFO] walk       7月7日 (8).mp4                      0.889    0.840    -0.050↓    23.34    20.50     -2.83↓
[INFO] lick       7月3日(1).mp4                       0.991    0.988    -0.003↓     2.53     2.26     -0.27↓
[INFO] lick       7月3日(2).mp4                       0.997    0.998    +0.001↑     2.47     2.15     -0.33↓
[INFO] lick       7月3日(3).mp4                       0.999    0.997    -0.002↓     2.42     2.42     -0.00↓
[INFO] lick       7月3日(4).mp4                       0.991    0.992    +0.001↑     2.08     2.02     -0.05↓
[INFO] lick       7月3日.mp4                          0.986    0.976    -0.010↓     3.13     3.19     +0.05↑
[INFO] scratch    7月3日 (2)(1).mp4                   0.982    0.959    -0.022↓     6.01     6.14     +0.14↑
[INFO] scratch    7月3日 (2)(2).mp4                   0.987    0.994    +0.007↑     6.98     6.61     -0.37↓
[INFO] scratch    7月3日 (2)(3).mp4                   0.997    0.997    +0.000↑     5.07     5.87     +0.80↑
[INFO] scratch    7月3日 (2)(4).mp4                   0.987    0.979    -0.008↓     4.58     5.34     +0.75↑
[INFO] scratch    7月3日 (2).mp4                      0.995    0.998    +0.003↑     5.16     5.84     +0.67↑
[INFO] shake      7月7日 (5)(1).mp4                   0.996    0.997    +0.001↑     3.92     5.17     +1.25↑
[INFO] shake      7月7日 (5)(2).mp4                   0.997    0.997    -0.000↓     6.21     6.98     +0.77↑
[INFO] shake      7月7日 (5)(3).mp4                   0.973    0.958    -0.016↓     5.56     6.12     +0.56↑
[INFO] shake      7月7日 (5)(4).mp4                   0.995    0.996    +0.001↑     4.92     4.78     -0.15↓
[INFO] shake      7月7日 (5)(5).mp4                   0.996    0.995    -0.001↓     4.29     4.10     -0.19↓
[INFO] shake      7月7日 (5).mp4                      0.995    0.996    +0.001↑     4.73     4.61     -0.11↓
[INFO] stop       7月7日 (8)(2).mp4                   0.991    0.963    -0.028↓     5.04     3.76     -1.28↓
[INFO] stop       7月7日 (8)(5).mp4                   0.988    0.991    +0.003↑     3.83     3.43     -0.39↓
[INFO] stop       7月7日 (8).mp4                      0.986    0.991    +0.005↑     6.45     6.92     +0.46↑
[INFO] stop       Desktop 2026.07.16 - 19.06.58.15.mp4    0.985    0.990    +0.005↑     1.27     1.32     +0.06↑
[INFO] 
[INFO] =================================================================================================
[INFO] 行為類別摘要
[INFO] =================================================================================================
[INFO] 行為         舊信心   新信心   信心改善   舊抖動   新抖動   抖動改善   舊缺失   新缺失   缺失改善
[INFO] -------------------------------------------------------------------------------------------------
[INFO] walk          0.932    0.920     -1.29%    14.33    13.53     +5.59%     0.0%     0.0%     +0.00%
[INFO] lick          0.993    0.990     -0.25%     2.52     2.40     +5.02%     0.0%     0.0%     +0.00%
[INFO] scratch       0.990    0.985     -0.46%     5.47     5.93     -8.29%     0.0%     0.0%     +0.00%
[INFO] shake         0.992    0.990     -0.23%     4.91     5.24     -6.77%     0.0%     0.0%     +0.00%
[INFO] stop          0.987    0.989     +0.16%     3.65     3.49     +4.50%     1.7%     2.2%     -0.44%
[INFO] 
[INFO] =================================================================================================
[INFO] ★★★ 主指標：P95 Jitter（尾部抖動，數值越小越穩定） ★★★
[INFO] =================================================================================================
[INFO] 行為       舊P95抖動 新P95抖動       改善
[INFO] -------------------------------------------------------------------------------------------------
[INFO] walk          40.98    38.94     +4.99%
[INFO] lick           8.99     8.28     +7.94%
[INFO] scratch       20.71    21.51     -3.86%
[INFO] shake         19.59    21.18     -8.09%
[INFO] stop          12.46    11.24     +9.83%
[INFO] -------------------------------------------------------------------------------------------------
[INFO] 整體          20.96    20.48     +2.30%
[INFO] 
[INFO]   ★ 主指標結論：v11s_135.pt 尾部抖動較小（Δ0.48px）— 依你指定的主指標，優先選它
[INFO] =================================================================================================
[INFO] 
[INFO] =================================================================================================
[INFO] [參考，非主指標] 整體比較結果（複合分數）
[INFO] =================================================================================================
[INFO] 舊模型        v11s_128.pt   複合分數 95.47
[INFO] 新模型        v11s_135.pt   複合分數 95.34
[INFO] 
[INFO] 平均信心值    0.983  →  0.980    改善 -0.34%
[INFO] 平均抖動      5.45 px  →  5.43 px    改善 +0.33%
[INFO] 缺失比率      0.4%  →  0.5%    改善 -0.09%
[INFO] 尾尖缺失      9.3%  →  9.8%
[INFO] 
[INFO] 綜合改善分數  -0.03%
[INFO] 進步最多行為  stop  （+9.8%）
[INFO] 退步最多行為  shake  （-8.1%）
[INFO] 
[INFO] 結論          v11s_135.pt  相較  v11s_128.pt  →  WORSE（較差）  [參考用複合分數]
[INFO] =================================================================================================
[INFO] 
[INFO] ⚠ 注意：[參考] 複合分數建議 v11s_128.pt，但主指標（P95抖動）建議 v11s_135.pt——兩者不一致時請以主指標為準（複合分數混入了信心值/缺失率等你不特別在意的項目）。
