[INFO] ====================================================
[INFO] YOLO Pose Model Comparison  [20260717_194311]
[INFO]   Old : C:\ai_project\cat_pose\v11s_128.pt
[INFO]   New : C:\ai_project\cat_pose\v11s_132.pt
[INFO]   Data[walk]: C:\Users\homec\Downloads\24\5
[INFO]   Out : C:\ai_project\pose_compare_results\20260717_194311  Device: cuda
[INFO] ====================================================
[INFO] Loading old model...
[INFO] Loading new model...
[WARNING]   ⚠ 跳過 [lick] （未列入 BENCHMARK_DIRS，已略過）
[WARNING]   ⚠ 跳過 [scratch] （未列入 BENCHMARK_DIRS，已略過）
[WARNING]   ⚠ 跳過 [shake] （未列入 BENCHMARK_DIRS，已略過）
[WARNING]   ⚠ 跳過 [stop] （未列入 BENCHMARK_DIRS，已略過）
[INFO] Benchmark videos: 1
[INFO]   walk: 1
[INFO]   lick: 0
[INFO]   scratch: 0
[INFO]   shake: 0
[INFO]   stop: 0
[INFO] 
--- OLD MODEL: v11s_128.pt  (EMA α=1.0) ---
[INFO] Processing: walk/0_Cat_Calico_1920x1080.mp4
[INFO]   Frames: 400 | Inference Time: 10.04 sec | Confidence=0.987 Jitter=13.20
[INFO] --------------------------------
[INFO] 
--- NEW MODEL: v11s_132.pt  (EMA α=1.0) ---
[INFO] Processing: walk/0_Cat_Calico_1920x1080.mp4
[INFO]   Frames: 400 | Inference Time: 8.18 sec | Confidence=0.991 Jitter=13.81
[INFO] --------------------------------
[INFO] 
Aggregating metrics...
[INFO] 
Writing CSV files...
[INFO] Generating figures...
[INFO] Writing reports...
[INFO] Appended to comparison history: C:\ai_project\pose_compare_results\comparison_history.log
[INFO] 
[INFO] =====================================================================================================
[INFO] 逐影片比較結果
[INFO] =====================================================================================================
[INFO] 行為       影片                               舊信心   新信心      信心Δ   舊抖動   新抖動      抖動Δ
[INFO] -----------------------------------------------------------------------------------------------------
[INFO] walk       0_Cat_Calico_1920x1080.mp4          0.987    0.991    +0.004↑    13.20    13.81     +0.62↑
[INFO] 
[INFO] =================================================================================================
[INFO] 行為類別摘要
[INFO] =================================================================================================
[INFO] 行為         舊信心   新信心   信心改善   舊抖動   新抖動   抖動改善   舊缺失   新缺失   缺失改善
[INFO] -------------------------------------------------------------------------------------------------
[INFO] walk          0.987    0.991     +0.37%    13.20    13.81     -4.67%     0.0%     0.0%     +0.00%
[INFO] lick          0.000    0.000     +0.00%     0.00     0.00     +0.00%     0.0%     0.0%     +0.00%
[INFO] scratch       0.000    0.000     +0.00%     0.00     0.00     +0.00%     0.0%     0.0%     +0.00%
[INFO] shake         0.000    0.000     +0.00%     0.00     0.00     +0.00%     0.0%     0.0%     +0.00%
[INFO] stop          0.000    0.000     +0.00%     0.00     0.00     +0.00%     0.0%     0.0%     +0.00%
[INFO] 
[INFO] =================================================================================================
[INFO] ★★★ 主指標：P95 Jitter（尾部抖動，數值越小越穩定） ★★★
[INFO] =================================================================================================
[INFO] 行為       舊P95抖動 新P95抖動       改善
[INFO] -------------------------------------------------------------------------------------------------
[INFO] walk          37.00    37.94     -2.55%
[INFO] lick           0.00     0.00     +0.00%
[INFO] scratch        0.00     0.00     +0.00%
[INFO] shake          0.00     0.00     +0.00%
[INFO] stop           0.00     0.00     +0.00%
[INFO] -------------------------------------------------------------------------------------------------
[INFO] 整體          37.00    37.94     -2.55%
[INFO] 
[INFO]   ★ 主指標結論：v11s_128.pt 尾部抖動較小（Δ0.94px）— 依你指定的主指標，優先選它
[INFO] =================================================================================================
[INFO] 
[INFO] =================================================================================================
[INFO] [參考，非主指標] 整體比較結果（複合分數）
[INFO] =================================================================================================
[INFO] 舊模型        v11s_128.pt   複合分數 90.32
[INFO] 新模型        v11s_132.pt   複合分數 90.02
[INFO] 
[INFO] 平均信心值    0.987  →  0.991    改善 +0.37%
[INFO] 平均抖動      13.20 px  →  13.81 px    改善 -4.67%
[INFO] 缺失比率      0.0%  →  0.0%    改善 +0.00%
[INFO] 尾尖缺失      0.0%  →  0.0%
[INFO] 
[INFO] 綜合改善分數  -1.50%
[INFO] 進步最多行為  lick  （+0.0%）
[INFO] 退步最多行為  walk  （-2.5%）
[INFO] 
[INFO] 結論          v11s_132.pt  相較  v11s_128.pt  →  WORSE（較差）  [參考用複合分數]
[INFO] =================================================================================================
