============================================================
日期時間　：2026-07-17 19:28:40
比較模型　：v11s_128.pt  vs  v11s_130.pt
平均信心值：0.969 → 0.977
平均抖動　：7.52px → 8.41px
缺失比率　：0.0% → 0.0%
綜合改善分數：-3.84%
進步最多行為：lick (+0.0%)
退步最多行為：walk (-10.9%)
結論　　　：OLD MODEL WINS（v11s_128.pt）
============================================================

============================================================
日期時間　：2026-07-17 19:35:55
比較模型　：v11s_128.pt  vs  v11s_132.pt
平均信心值：0.969 → 0.969
平均抖動　：7.52px → 8.15px
缺失比率　：0.0% → 0.0%
綜合改善分數：-2.94%
進步最多行為：lick (+0.0%)
退步最多行為：walk (-8.4%)
結論　　　：OLD MODEL WINS（v11s_128.pt）
============================================================

============================================================
日期時間　：2026-07-17 19:43:11
比較模型　：v11s_128.pt  vs  v11s_132.pt
平均信心值：0.987 → 0.991
平均抖動　：13.20px → 13.81px
缺失比率　：0.0% → 0.0%
綜合改善分數：-1.50%
進步最多行為：lick (+0.0%)
退步最多行為：walk (-2.5%)
結論　　　：OLD MODEL WINS（v11s_128.pt）
============================================================

============================================================
日期時間　：2026-07-18 00:04:18
比較模型　：v11s_128.pt  vs  v11s_133.pt
平均信心值：0.987 → 0.991
平均抖動　：13.20px → 12.64px
缺失比率　：0.0% → 0.0%
綜合改善分數：+1.59%
進步最多行為：walk (+5.3%)
退步最多行為：lick (+0.0%)
結論　　　：NEW MODEL WINS（v11s_133.pt）
============================================================

============================================================
日期時間　：2026-07-18 00:07:06
比較模型　：v11s_128.pt  vs  v11s_133.pt
平均信心值：0.932 → 0.940
平均抖動　：14.33px → 13.90px
缺失比率　：0.0% → 0.0%
綜合改善分數：+1.33%
進步最多行為：walk (+2.7%)
退步最多行為：lick (+0.0%)
結論　　　：NEW MODEL WINS（v11s_133.pt）
============================================================

============================================================
日期時間　：2026-07-18 00:08:13
比較模型　：v11s_128.pt  vs  v11s_133.pt
平均信心值：0.983 → 0.985
平均抖動　：5.45px → 5.44px
缺失比率　：0.4% → 0.5%
綜合改善分數：+0.08%
進步最多行為：stop (+8.9%)
退步最多行為：shake (-3.3%)
結論　　　：NEW MODEL WINS（v11s_133.pt）
============================================================

============================================================
日期時間　：2026-07-20 15:34:07
比較模型　：v11s_128.pt  vs  v11s_134.pt
平均信心值：0.983 → 0.980
平均抖動　：5.45px → 5.58px
缺失比率　：0.4% → 0.1%
綜合改善分數：-0.89%
進步最多行為：walk (+7.7%)
退步最多行為：stop (-14.7%)
結論　　　：OLD MODEL WINS（v11s_128.pt）
============================================================

============================================================
日期時間　：2026-07-21 13:15:13
比較模型　：v11s_134.pt  vs  v11s_135.pt
平均信心值：0.980 → 0.980
平均抖動　：5.58px → 5.43px
缺失比率　：0.1% → 0.5%
綜合改善分數：+0.83%
進步最多行為：stop (+21.4%)
退步最多行為：shake (-5.8%)
結論　　　：NEW MODEL WINS（v11s_135.pt）
============================================================

============================================================
日期時間　：2026-07-21 13:20:37
比較模型　：v11s_128.pt  vs  v11s_135.pt
平均信心值：0.983 → 0.980
平均抖動　：5.45px → 5.43px
缺失比率　：0.4% → 0.5%
綜合改善分數：-0.03%
進步最多行為：stop (+9.8%)
退步最多行為：shake (-8.1%)
結論　　　：OLD MODEL WINS（v11s_128.pt）
============================================================

============================================================
日期時間　：2026-07-23 00:28:23
比較模型　：v11s_128.pt  vs  v11s_136.pt
平均信心值：0.983 → 0.983
平均抖動　：5.45px → 5.45px
缺失比率　：0.4% → 0.5%
綜合改善分數：-0.04%
進步最多行為：lick (+6.4%)
退步最多行為：stop (-15.5%)
結論　　　：OLD MODEL WINS（v11s_128.pt）
============================================================

============================================================
日期時間　：2026-07-23 00:51:31
比較模型　：v11s_135.pt  vs  v11s_136.pt
平均信心值：0.980 → 0.983
平均抖動　：5.43px → 5.45px
缺失比率　：0.5% → 0.5%
綜合改善分數：-0.01%
進步最多行為：shake (+3.3%)
退步最多行為：stop (-28.1%)
結論　　　：OLD MODEL WINS（v11s_135.pt）
============================================================

============================================================
日期時間　：2026-07-23 14:46:09
比較模型　：v11s_136.pt  vs  v11s_137.pt
平均信心值：0.983 → 0.981
平均抖動　：5.45px → 5.64px
缺失比率　：0.5% → 0.5%
綜合改善分數：-1.29%
進步最多行為：shake (+6.6%)
退步最多行為：stop (-5.6%)
結論　　　：OLD MODEL WINS（v11s_136.pt）
============================================================

============================================================
日期時間　：2026-07-23 14:50:57
比較模型　：v11s_128.pt  vs  v11s_137.pt
平均信心值：0.983 → 0.981
平均抖動　：5.45px → 5.64px
缺失比率　：0.4% → 0.5%
綜合改善分數：-1.34%
進步最多行為：walk (+5.1%)
退步最多行為：stop (-22.0%)
結論　　　：OLD MODEL WINS（v11s_128.pt）
============================================================

============================================================
日期時間　：2026-07-23 18:20:30
比較模型　：v11s_128.pt  vs  v11s_137.pt
平均信心值：0.968 → 0.968
平均抖動　：2.23px → 2.18px
缺失比率　：0.0% → 0.0%
綜合改善分數：+0.78%
進步最多行為：stop (+7.7%)
退步最多行為：walk (+0.0%)
結論　　　：NEW MODEL WINS（v11s_137.pt）
============================================================

============================================================
日期時間　：2026-07-23 18:40:59
比較模型　：v11s_128.pt  vs  v11s_137.pt
平均信心值：0.977 → 0.975
平均抖動　：13.27px → 13.01px
缺失比率　：0.2% → 0.3%
綜合改善分數：+0.58%
進步最多行為：walk (+3.4%)
退步最多行為：lick (+0.0%)
結論　　　：NEW MODEL WINS（v11s_137.pt）
總花費時間：06:23（共 383.2 秒）
============================================================

============================================================
日期時間　：2026-07-23 18:53:54
比較模型　：v11s_128.pt  vs  v11s_137.pt
平均信心值：0.978 → 0.978
平均抖動　：3.39px → 3.46px
缺失比率　：0.0% → 0.0%
綜合改善分數：-0.74%
進步最多行為：stop (+0.0%)
退步最多行為：walk (+0.0%)
結論　　　：OLD MODEL WINS（v11s_128.pt）
總花費時間：00:41（共 41.3 秒）
============================================================

============================================================
日期時間　：2026-07-23 21:01:58
比較模型　：v11s_128.pt  vs  v11s_137.pt
平均信心值：0.978 → 0.978
平均抖動　：3.39px → 3.46px
缺失比率　：0.0% → 0.0%
綜合改善分數：-0.74%
進步最多行為：stop (+0.04%)
退步最多行為：stop (+0.04%)
結論　　　：OLD MODEL WINS（v11s_128.pt）
總花費時間：00:40（共 40.4 秒）
============================================================

============================================================
日期時間　：2026-07-24 00:13:43
比較模型　：v11s_137.pt  vs  v11s_138.pt
平均信心值：0.925 → 0.921
平均抖動　：13.63px → 13.45px
缺失比率　：0.0% → 0.0%
綜合改善分數：+0.31%
進步最多行為：walk (+2.95%)
退步最多行為：walk (+2.95%)
結論　　　：NEW MODEL WINS（v11s_138.pt）
總花費時間：00:29（共 28.8 秒）
============================================================

============================================================
日期時間　：2026-07-24 00:15:39
比較模型　：v11s_137.pt  vs  v11s_138.pt
平均信心值：0.978 → 0.982
平均抖動　：3.46px → 3.48px
缺失比率　：0.0% → 0.0%
綜合改善分數：-0.08%
進步最多行為：stop (-2.23%)
退步最多行為：stop (-2.23%)
結論　　　：OLD MODEL WINS（v11s_137.pt）
總花費時間：00:42（共 41.7 秒）
============================================================

============================================================
日期時間　：2026-07-24 14:34:12
比較模型　：v11s_128.pt  vs  v11s_140.pt
平均信心值：0.978 → 0.974
平均抖動　：3.39px → 3.53px
缺失比率　：0.0% → 0.0%
綜合改善分數：-1.56%
進步最多行為：stop (-5.11%)
退步最多行為：stop (-5.11%)
結論　　　：OLD MODEL WINS（v11s_128.pt）
總花費時間：00:44（共 43.8 秒）
============================================================

============================================================
日期時間　：2026-07-25 01:05:36
比較模型　：v11s_128.pt  vs  v11s_141.pt
平均信心值：0.978 → 0.972
平均抖動　：3.39px → 3.61px
缺失比率　：0.0% → 0.0%
綜合改善分數：-2.45%
進步最多行為：stop (-7.86%)
退步最多行為：stop (-7.86%)
結論　　　：OLD MODEL WINS（v11s_128.pt）
總花費時間：00:45（共 44.8 秒）
============================================================

============================================================
日期時間　：2026-07-25 01:36:02
比較模型　：v11s_128.pt  vs  v11s_141.pt
平均信心值：0.932 → 0.931
平均抖動　：14.33px → 13.41px
缺失比率　：0.0% → 0.0%
綜合改善分數：+2.18%
進步最多行為：walk (+5.44%)
退步最多行為：walk (+5.44%)
結論　　　：NEW MODEL WINS（v11s_141.pt）
總花費時間：00:30（共 29.8 秒）
============================================================

============================================================
日期時間　：2026-07-26 00:42:56
比較模型　：v11s_142.pt  vs  v11s_143.pt
平均信心值：0.922 → 0.928
平均抖動　：13.14px → 13.75px
缺失比率　：0.0% → 0.0%
綜合改善分數：-1.37%
進步最多行為：walk (-2.47%)（並未實際進步）
退步最多行為：walk (-2.47%)
結論　　　：OLD MODEL WINS（v11s_142.pt）
總花費時間：00:33（共 32.5 秒）
============================================================

============================================================
日期時間　：2026-07-26 13:29:23
比較模型　：v11s_135.pt  vs  v11s_143.pt
平均信心值：0.920 → 0.928
平均抖動　：13.53px → 13.75px
缺失比率　：0.0% → 0.0%
綜合改善分數：-0.28%
進步最多行為：walk (+3.44%)
退步最多行為：walk (+3.44%)（並未實際退步）
結論　　　：OLD MODEL WINS（v11s_135.pt）
總花費時間：00:27（共 26.9 秒）
============================================================

