[INFO] ====================================================
[INFO] YOLO Pose Model Comparison  [20260817_165503]
[INFO]   Old : C:\ai_project\yolo_models\v11s_145.pt
[INFO]   New : C:\ai_project\yolo_models\v11s_146.pt
[INFO]   Data[walk]: C:\Users\homec\OneDrive\圖片\貓咪圖像資料集\主要測試\walk
[INFO]   Data[lick]: C:\Users\homec\OneDrive\圖片\貓咪圖像資料集\主要測試\lick
[INFO]   Data[scratch]: C:\Users\homec\OneDrive\圖片\貓咪圖像資料集\主要測試\scratch
[INFO]   Data[shake]: C:\Users\homec\OneDrive\圖片\貓咪圖像資料集\主要測試\shake
[INFO]   Data[stop]: C:\Users\homec\OneDrive\圖片\貓咪圖像資料集\主要測試\stop
[INFO]   Out : C:\ai_project\pose_compare_results\20260817_165503  Device: cuda
[INFO] ====================================================
[INFO] Loading old model...
[INFO] Loading new model...
[INFO] Benchmark videos: 24
[INFO]   walk: 4
[INFO]   lick: 5
[INFO]   scratch: 5
[INFO]   shake: 6
[INFO]   stop: 4
[INFO] 
--- OLD MODEL: v11s_145.pt  (EMA α=1.0) ---
[INFO] Processing: walk/7月7日 (8)(1).mp4
[INFO]   Frames: 126 | Inference Time: 4.89 sec | Confidence=0.989 Jitter=11.54
[INFO] --------------------------------
[INFO] Processing: walk/7月7日 (8)(3).mp4
[INFO]   Frames: 200 | Inference Time: 4.79 sec | Confidence=0.976 Jitter=13.81
[INFO] --------------------------------
[INFO] Processing: walk/7月7日 (8).mp4
[INFO]   Frames: 94 | Inference Time: 2.29 sec | Confidence=0.956 Jitter=31.92
[INFO] --------------------------------
[INFO] Processing: walk/walk_1.mp4
[INFO]   Frames: 473 | Inference Time: 10.03 sec | Confidence=0.984 Jitter=11.35
[INFO] --------------------------------
[INFO] Processing: lick/7月3日(1).mp4
[INFO]   Frames: 135 | Inference Time: 3.04 sec | Confidence=0.975 Jitter=3.28
[INFO] --------------------------------
[INFO] Processing: lick/7月3日(2).mp4
[INFO]   Frames: 156 | Inference Time: 3.46 sec | Confidence=0.985 Jitter=2.88
[INFO] --------------------------------
[INFO] Processing: lick/7月3日(3).mp4
[INFO]   Frames: 121 | Inference Time: 2.54 sec | Confidence=0.979 Jitter=4.00
[INFO] --------------------------------
[INFO] Processing: lick/7月3日(4).mp4
[INFO]   Frames: 147 | Inference Time: 3.23 sec | Confidence=0.993 Jitter=2.85
[INFO] --------------------------------
[INFO] Processing: lick/7月3日.mp4
[INFO]   Frames: 139 | Inference Time: 3.10 sec | Confidence=0.987 Jitter=3.92
[INFO] --------------------------------
[INFO] Processing: scratch/7月3日 (2)(1).mp4
[INFO]   Frames: 155 | Inference Time: 3.37 sec | Confidence=0.903 Jitter=14.17
[INFO] --------------------------------
[INFO] Processing: scratch/7月3日 (2)(2).mp4
[INFO]   Frames: 109 | Inference Time: 2.38 sec | Confidence=0.973 Jitter=10.45
[INFO] --------------------------------
[INFO] Processing: scratch/7月3日 (2)(3).mp4
[INFO]   Frames: 154 | Inference Time: 3.17 sec | Confidence=0.980 Jitter=9.37
[INFO] --------------------------------
[INFO] Processing: scratch/7月3日 (2)(4).mp4
[INFO]   Frames: 142 | Inference Time: 3.08 sec | Confidence=0.955 Jitter=9.89
[INFO] --------------------------------
[INFO] Processing: scratch/7月3日 (2).mp4
[INFO]   Frames: 177 | Inference Time: 3.96 sec | Confidence=0.948 Jitter=13.84
[INFO] --------------------------------
[INFO] Processing: shake/7月7日 (5)(1).mp4
[INFO]   Frames: 105 | Inference Time: 2.41 sec | Confidence=0.993 Jitter=3.47
[INFO] --------------------------------
[INFO] Processing: shake/7月7日 (5)(2).mp4
[INFO]   Frames: 99 | Inference Time: 2.31 sec | Confidence=0.992 Jitter=6.18
[INFO] --------------------------------
[INFO] Processing: shake/7月7日 (5)(3).mp4
[INFO]   Frames: 102 | Inference Time: 2.12 sec | Confidence=0.966 Jitter=6.66
[INFO] --------------------------------
[INFO] Processing: shake/7月7日 (5)(4).mp4
[INFO]   Frames: 110 | Inference Time: 2.55 sec | Confidence=0.993 Jitter=4.23
[INFO] --------------------------------
[INFO] Processing: shake/7月7日 (5)(5).mp4
[INFO]   Frames: 108 | Inference Time: 2.37 sec | Confidence=0.996 Jitter=4.02
[INFO] --------------------------------
[INFO] Processing: shake/7月7日 (5).mp4
[INFO]   Frames: 116 | Inference Time: 2.48 sec | Confidence=0.994 Jitter=4.07
[INFO] --------------------------------
[INFO] Processing: stop/stop_1.mp4
[INFO]   Frames: 118 | Inference Time: 2.63 sec | Confidence=0.998 Jitter=0.54
[INFO] --------------------------------
[INFO] Processing: stop/stop_19.mp4
[INFO]   Frames: 54 | Inference Time: 1.15 sec | Confidence=0.996 Jitter=2.76
[INFO] --------------------------------
[INFO] Processing: stop/stop_2.mp4
[INFO]   Frames: 397 | Inference Time: 8.76 sec | Confidence=0.984 Jitter=5.04
[INFO] --------------------------------
[INFO] Processing: stop/stop_3.mp4
[INFO]   Frames: 248 | Inference Time: 5.45 sec | Confidence=0.961 Jitter=3.75
[INFO] --------------------------------
[INFO] 
--- NEW MODEL: v11s_146.pt  (EMA α=1.0) ---
[INFO] Processing: walk/7月7日 (8)(1).mp4
[INFO]   Frames: 126 | Inference Time: 3.43 sec | Confidence=0.986 Jitter=10.12
[INFO] --------------------------------
[INFO] Processing: walk/7月7日 (8)(3).mp4
[INFO]   Frames: 200 | Inference Time: 4.79 sec | Confidence=0.936 Jitter=12.81
[INFO] --------------------------------
[INFO] Processing: walk/7月7日 (8).mp4
[INFO]   Frames: 94 | Inference Time: 2.32 sec | Confidence=0.852 Jitter=21.04
[INFO] --------------------------------
[INFO] Processing: walk/walk_1.mp4
[INFO]   Frames: 473 | Inference Time: 10.06 sec | Confidence=0.985 Jitter=10.32
[INFO] --------------------------------
[INFO] Processing: lick/7月3日(1).mp4
[INFO]   Frames: 135 | Inference Time: 3.15 sec | Confidence=0.996 Jitter=2.31
[INFO] --------------------------------
[INFO] Processing: lick/7月3日(2).mp4
[INFO]   Frames: 156 | Inference Time: 3.25 sec | Confidence=0.998 Jitter=1.96
[INFO] --------------------------------
[INFO] Processing: lick/7月3日(3).mp4
[INFO]   Frames: 121 | Inference Time: 2.77 sec | Confidence=0.999 Jitter=2.28
[INFO] --------------------------------
[INFO] Processing: lick/7月3日(4).mp4
[INFO]   Frames: 147 | Inference Time: 3.53 sec | Confidence=0.992 Jitter=2.08
[INFO] --------------------------------
[INFO] Processing: lick/7月3日.mp4
[INFO]   Frames: 139 | Inference Time: 3.24 sec | Confidence=0.988 Jitter=4.60
[INFO] --------------------------------
[INFO] Processing: scratch/7月3日 (2)(1).mp4
[INFO]   Frames: 155 | Inference Time: 3.38 sec | Confidence=0.966 Jitter=6.26
[INFO] --------------------------------
[INFO] Processing: scratch/7月3日 (2)(2).mp4
[INFO]   Frames: 109 | Inference Time: 2.27 sec | Confidence=0.988 Jitter=8.09
[INFO] --------------------------------
[INFO] Processing: scratch/7月3日 (2)(3).mp4
[INFO]   Frames: 154 | Inference Time: 3.21 sec | Confidence=0.997 Jitter=5.95
[INFO] --------------------------------
[INFO] Processing: scratch/7月3日 (2)(4).mp4
[INFO]   Frames: 142 | Inference Time: 3.12 sec | Confidence=0.966 Jitter=5.14
[INFO] --------------------------------
[INFO] Processing: scratch/7月3日 (2).mp4
[INFO]   Frames: 177 | Inference Time: 3.77 sec | Confidence=0.994 Jitter=5.28
[INFO] --------------------------------
[INFO] Processing: shake/7月7日 (5)(1).mp4
[INFO]   Frames: 105 | Inference Time: 2.24 sec | Confidence=0.996 Jitter=4.39
[INFO] --------------------------------
[INFO] Processing: shake/7月7日 (5)(2).mp4
[INFO]   Frames: 99 | Inference Time: 2.13 sec | Confidence=0.997 Jitter=6.47
[INFO] --------------------------------
[INFO] Processing: shake/7月7日 (5)(3).mp4
[INFO]   Frames: 102 | Inference Time: 2.22 sec | Confidence=0.969 Jitter=6.01
[INFO] --------------------------------
[INFO] Processing: shake/7月7日 (5)(4).mp4
[INFO]   Frames: 110 | Inference Time: 2.52 sec | Confidence=0.997 Jitter=5.01
[INFO] --------------------------------
[INFO] Processing: shake/7月7日 (5)(5).mp4
[INFO]   Frames: 108 | Inference Time: 2.54 sec | Confidence=0.995 Jitter=3.84
[INFO] --------------------------------
[INFO] Processing: shake/7月7日 (5).mp4
[INFO]   Frames: 116 | Inference Time: 2.46 sec | Confidence=0.997 Jitter=4.80
[INFO] --------------------------------
[INFO] Processing: stop/stop_1.mp4
[INFO]   Frames: 118 | Inference Time: 2.52 sec | Confidence=0.999 Jitter=0.61
[INFO] --------------------------------
[INFO] Processing: stop/stop_19.mp4
[INFO]   Frames: 54 | Inference Time: 1.22 sec | Confidence=0.994 Jitter=2.43
[INFO] --------------------------------
[INFO] Processing: stop/stop_2.mp4
[INFO]   Frames: 397 | Inference Time: 8.39 sec | Confidence=0.988 Jitter=5.18
[INFO] --------------------------------
[INFO] Processing: stop/stop_3.mp4
[INFO]   Frames: 248 | Inference Time: 5.35 sec | Confidence=0.967 Jitter=3.32
[INFO] --------------------------------
[INFO] 
Aggregating metrics...
[INFO] 
Writing CSV files...
[INFO] Generating figures...
[INFO] Writing reports...
[INFO] Appended to comparison history: C:\ai_project\pose_compare_results\comparison_history.log
[INFO] 本次執行總花費時間：02:54（共 173.5 秒）
[INFO] 
[INFO] =====================================================================================================
[INFO] 逐影片比較結果
[INFO] =====================================================================================================
[INFO] 行為       影片                               舊信心   新信心      信心Δ   舊抖動   新抖動      抖動Δ
[INFO] -----------------------------------------------------------------------------------------------------
[INFO] walk       7月7日 (8)(1).mp4                   0.989    0.986    -0.003↓    11.54    10.12     -1.42↓
[INFO] walk       7月7日 (8)(3).mp4                   0.976    0.936    -0.040↓    13.81    12.81     -1.00↓
[INFO] walk       7月7日 (8).mp4                      0.956    0.852    -0.104↓    31.92    21.04    -10.88↓
[INFO] walk       walk_1.mp4                          0.984    0.985    +0.001↑    11.35    10.32     -1.03↓
[INFO] lick       7月3日(1).mp4                       0.975    0.996    +0.021↑     3.28     2.31     -0.97↓
[INFO] lick       7月3日(2).mp4                       0.985    0.998    +0.013↑     2.88     1.96     -0.92↓
[INFO] lick       7月3日(3).mp4                       0.979    0.999    +0.020↑     4.00     2.28     -1.71↓
[INFO] lick       7月3日(4).mp4                       0.993    0.992    -0.001↓     2.85     2.08     -0.77↓
[INFO] lick       7月3日.mp4                          0.987    0.988    +0.001↑     3.92     4.60     +0.68↑
[INFO] scratch    7月3日 (2)(1).mp4                   0.903    0.966    +0.062↑    14.17     6.26     -7.91↓
[INFO] scratch    7月3日 (2)(2).mp4                   0.973    0.988    +0.015↑    10.45     8.09     -2.36↓
[INFO] scratch    7月3日 (2)(3).mp4                   0.980    0.997    +0.017↑     9.37     5.95     -3.41↓
[INFO] scratch    7月3日 (2)(4).mp4                   0.955    0.966    +0.010↑     9.89     5.14     -4.75↓
[INFO] scratch    7月3日 (2).mp4                      0.948    0.994    +0.046↑    13.84     5.28     -8.56↓
[INFO] shake      7月7日 (5)(1).mp4                   0.993    0.996    +0.004↑     3.47     4.39     +0.92↑
[INFO] shake      7月7日 (5)(2).mp4                   0.992    0.997    +0.005↑     6.18     6.47     +0.29↑
[INFO] shake      7月7日 (5)(3).mp4                   0.966    0.969    +0.004↑     6.66     6.01     -0.65↓
[INFO] shake      7月7日 (5)(4).mp4                   0.993    0.997    +0.003↑     4.23     5.01     +0.78↑
[INFO] shake      7月7日 (5)(5).mp4                   0.996    0.995    -0.001↓     4.02     3.84     -0.18↓
[INFO] shake      7月7日 (5).mp4                      0.994    0.997    +0.003↑     4.07     4.80     +0.74↑
[INFO] stop       stop_1.mp4                          0.998    0.999    +0.001↑     0.54     0.61     +0.07↑
[INFO] stop       stop_19.mp4                         0.996    0.994    -0.002↓     2.76     2.43     -0.33↓
[INFO] stop       stop_2.mp4                          0.984    0.988    +0.004↑     5.04     5.18     +0.14↑
[INFO] stop       stop_3.mp4                          0.961    0.967    +0.006↑     3.75     3.32     -0.44↓
[INFO] 
[INFO] =================================================================================================
[INFO] 行為類別摘要
[INFO] =================================================================================================
[INFO] 行為         舊信心   新信心   信心改善   舊抖動   新抖動   抖動改善   舊缺失   新缺失   缺失改善
[INFO] -------------------------------------------------------------------------------------------------
[INFO] walk          0.980    0.960     -2.05%    13.55    11.72    +13.56%     2.1%     0.0%   +100.00%
[INFO] lick          0.984    0.994     +1.05%     3.35     2.63    +21.44%     0.0%     0.0%     +0.00%
[INFO] scratch       0.950    0.982     +3.36%    11.70     6.01    +48.59%     0.0%     0.0%     +0.00%
[INFO] shake         0.989    0.992     +0.29%     4.71     5.05     -7.15%     0.0%     0.0%     +0.00%
[INFO] stop          0.980    0.984     +0.40%     3.84     3.75     +2.17%     0.0%     0.0%     +0.00%
[INFO] 
[INFO] =================================================================================================
[INFO] ★★★ 主指標：P95 Jitter（尾部抖動，數值越小越穩定） ★★★
[INFO] =================================================================================================
[INFO] 行為       舊P95抖動 新P95抖動       改善
[INFO] -------------------------------------------------------------------------------------------------
[INFO] walk          41.00    33.90    +17.33%
[INFO] lick          11.13     9.47    +14.86%
[INFO] scratch       45.40    22.39    +50.68%
[INFO] shake         19.47    20.83     -6.99%
[INFO] stop          14.84    14.93     -0.61%
[INFO] -------------------------------------------------------------------------------------------------
[INFO] 整體          29.88    22.59    +24.40%
[INFO] 
[INFO]   ★ 主指標結論：v11s_146.pt 尾部抖動較小（Δ7.29px）— 依你指定的主指標，優先選它
[INFO] =================================================================================================
[INFO] 
[INFO] =================================================================================================
[INFO] [參考，非主指標] 整體比較結果（複合分數）
[INFO] =================================================================================================
[INFO] 舊模型        v11s_145.pt   複合分數 93.66
[INFO] 新模型        v11s_146.pt   複合分數 95.11
[INFO] 
[INFO] 平均信心值    0.976  →  0.981    改善 +0.48%
[INFO] 平均抖動      7.66 px  →  6.04 px    改善 +21.14%
[INFO] 缺失比率      0.5%  →  0.0%    改善 +0.50%
[INFO] 尾尖缺失      10.0%  →  9.8%
[INFO] 
[INFO] 綜合改善分數  +7.72%
[INFO] 進步最多行為  scratch  （+50.68%）
[INFO] 退步最多行為  shake  （-6.99%）
[INFO] 
[INFO] 結論          v11s_146.pt  相較  v11s_145.pt  →  BETTER（較優）  [參考用複合分數]
[INFO] =================================================================================================
