[INFO] ====================================================
[INFO] YOLO Pose Model Comparison  [20260723_005131]
[INFO]   Old : C:\ai_project\cat_pose\v11s_135.pt
[INFO]   New : C:\ai_project\cat_pose\v11s_136.pt
[INFO]   Data[walk]: C:\Users\homec\OneDrive\圖片\貓咪圖像資料集\主要測試\walk
[INFO]   Data[lick]: C:\Users\homec\OneDrive\圖片\貓咪圖像資料集\主要測試\lick
[INFO]   Data[scratch]: C:\Users\homec\OneDrive\圖片\貓咪圖像資料集\主要測試\scratch
[INFO]   Data[shake]: C:\Users\homec\OneDrive\圖片\貓咪圖像資料集\主要測試\shake
[INFO]   Data[stop]: C:\Users\homec\OneDrive\圖片\貓咪圖像資料集\主要測試\stop
[INFO]   Out : C:\ai_project\pose_compare_results\20260723_005131  Device: cuda
[INFO] ====================================================
[INFO] Loading old model...
[INFO] Loading new model...
[INFO] Benchmark videos: 23
[INFO]   walk: 3
[INFO]   lick: 5
[INFO]   scratch: 5
[INFO]   shake: 6
[INFO]   stop: 4
[INFO] 
--- OLD MODEL: v11s_135.pt  (EMA α=1.0) ---
[INFO] Processing: walk/7月7日 (8)(1).mp4
[INFO]   Frames: 126 | Inference Time: 6.25 sec | Confidence=0.983 Jitter=10.12
[INFO] --------------------------------
[INFO] Processing: walk/7月7日 (8)(3).mp4
[INFO]   Frames: 200 | Inference Time: 5.61 sec | Confidence=0.918 Jitter=12.98
[INFO] --------------------------------
[INFO] Processing: walk/7月7日 (8).mp4
[INFO]   Frames: 94 | Inference Time: 2.78 sec | Confidence=0.840 Jitter=20.50
[INFO] --------------------------------
[INFO] Processing: lick/7月3日(1).mp4
[INFO]   Frames: 135 | Inference Time: 2.84 sec | Confidence=0.988 Jitter=2.26
[INFO] --------------------------------
[INFO] Processing: lick/7月3日(2).mp4
[INFO]   Frames: 156 | Inference Time: 3.55 sec | Confidence=0.998 Jitter=2.15
[INFO] --------------------------------
[INFO] Processing: lick/7月3日(3).mp4
[INFO]   Frames: 121 | Inference Time: 2.61 sec | Confidence=0.997 Jitter=2.42
[INFO] --------------------------------
[INFO] Processing: lick/7月3日(4).mp4
[INFO]   Frames: 147 | Inference Time: 3.15 sec | Confidence=0.992 Jitter=2.02
[INFO] --------------------------------
[INFO] Processing: lick/7月3日.mp4
[INFO]   Frames: 139 | Inference Time: 2.90 sec | Confidence=0.976 Jitter=3.19
[INFO] --------------------------------
[INFO] Processing: scratch/7月3日 (2)(1).mp4
[INFO]   Frames: 155 | Inference Time: 3.26 sec | Confidence=0.959 Jitter=6.14
[INFO] --------------------------------
[INFO] Processing: scratch/7月3日 (2)(2).mp4
[INFO]   Frames: 109 | Inference Time: 2.29 sec | Confidence=0.994 Jitter=6.61
[INFO] --------------------------------
[INFO] Processing: scratch/7月3日 (2)(3).mp4
[INFO]   Frames: 154 | Inference Time: 3.26 sec | Confidence=0.997 Jitter=5.87
[INFO] --------------------------------
[INFO] Processing: scratch/7月3日 (2)(4).mp4
[INFO]   Frames: 142 | Inference Time: 3.02 sec | Confidence=0.979 Jitter=5.34
[INFO] --------------------------------
[INFO] Processing: scratch/7月3日 (2).mp4
[INFO]   Frames: 177 | Inference Time: 3.69 sec | Confidence=0.998 Jitter=5.84
[INFO] --------------------------------
[INFO] Processing: shake/7月7日 (5)(1).mp4
[INFO]   Frames: 105 | Inference Time: 2.26 sec | Confidence=0.997 Jitter=5.17
[INFO] --------------------------------
[INFO] Processing: shake/7月7日 (5)(2).mp4
[INFO]   Frames: 99 | Inference Time: 2.07 sec | Confidence=0.997 Jitter=6.98
[INFO] --------------------------------
[INFO] Processing: shake/7月7日 (5)(3).mp4
[INFO]   Frames: 102 | Inference Time: 2.21 sec | Confidence=0.958 Jitter=6.12
[INFO] --------------------------------
[INFO] Processing: shake/7月7日 (5)(4).mp4
[INFO]   Frames: 110 | Inference Time: 2.36 sec | Confidence=0.996 Jitter=4.78
[INFO] --------------------------------
[INFO] Processing: shake/7月7日 (5)(5).mp4
[INFO]   Frames: 108 | Inference Time: 2.31 sec | Confidence=0.995 Jitter=4.10
[INFO] --------------------------------
[INFO] Processing: shake/7月7日 (5).mp4
[INFO]   Frames: 116 | Inference Time: 2.46 sec | Confidence=0.996 Jitter=4.61
[INFO] --------------------------------
[INFO] Processing: stop/7月7日 (8)(2).mp4
[INFO]   Frames: 50 | Inference Time: 1.38 sec | Confidence=0.963 Jitter=3.76
[INFO] --------------------------------
[INFO] Processing: stop/7月7日 (8)(5).mp4
[INFO]   Frames: 307 | Inference Time: 8.06 sec | Confidence=0.991 Jitter=3.43
[INFO] --------------------------------
[INFO] Processing: stop/7月7日 (8).mp4
[INFO]   Frames: 123 | Inference Time: 3.19 sec | Confidence=0.991 Jitter=6.92
[INFO] --------------------------------
[INFO] Processing: stop/Desktop 2026.07.16 - 19.06.58.15.mp4
[INFO]   Frames: 206 | Inference Time: 4.76 sec | Confidence=0.990 Jitter=1.32
[INFO] --------------------------------
[INFO] 
--- NEW MODEL: v11s_136.pt  (EMA α=1.0) ---
[INFO] Processing: walk/7月7日 (8)(1).mp4
[INFO]   Frames: 126 | Inference Time: 3.38 sec | Confidence=0.992 Jitter=10.02
[INFO] --------------------------------
[INFO] Processing: walk/7月7日 (8)(3).mp4
[INFO]   Frames: 200 | Inference Time: 5.19 sec | Confidence=0.934 Jitter=12.34
[INFO] --------------------------------
[INFO] Processing: walk/7月7日 (8).mp4
[INFO]   Frames: 94 | Inference Time: 2.35 sec | Confidence=0.886 Jitter=21.67
[INFO] --------------------------------
[INFO] Processing: lick/7月3日(1).mp4
[INFO]   Frames: 135 | Inference Time: 2.86 sec | Confidence=0.991 Jitter=2.47
[INFO] --------------------------------
[INFO] Processing: lick/7月3日(2).mp4
[INFO]   Frames: 156 | Inference Time: 3.52 sec | Confidence=0.998 Jitter=2.08
[INFO] --------------------------------
[INFO] Processing: lick/7月3日(3).mp4
[INFO]   Frames: 121 | Inference Time: 2.59 sec | Confidence=0.997 Jitter=2.35
[INFO] --------------------------------
[INFO] Processing: lick/7月3日(4).mp4
[INFO]   Frames: 147 | Inference Time: 3.17 sec | Confidence=0.991 Jitter=2.14
[INFO] --------------------------------
[INFO] Processing: lick/7月3日.mp4
[INFO]   Frames: 139 | Inference Time: 3.04 sec | Confidence=0.991 Jitter=2.93
[INFO] --------------------------------
[INFO] Processing: scratch/7月3日 (2)(1).mp4
[INFO]   Frames: 155 | Inference Time: 3.39 sec | Confidence=0.971 Jitter=6.19
[INFO] --------------------------------
[INFO] Processing: scratch/7月3日 (2)(2).mp4
[INFO]   Frames: 109 | Inference Time: 2.37 sec | Confidence=0.983 Jitter=6.31
[INFO] --------------------------------
[INFO] Processing: scratch/7月3日 (2)(3).mp4
[INFO]   Frames: 154 | Inference Time: 3.28 sec | Confidence=0.995 Jitter=5.65
[INFO] --------------------------------
[INFO] Processing: scratch/7月3日 (2)(4).mp4
[INFO]   Frames: 142 | Inference Time: 3.16 sec | Confidence=0.980 Jitter=5.13
[INFO] --------------------------------
[INFO] Processing: scratch/7月3日 (2).mp4
[INFO]   Frames: 177 | Inference Time: 3.84 sec | Confidence=0.994 Jitter=5.26
[INFO] --------------------------------
[INFO] Processing: shake/7月7日 (5)(1).mp4
[INFO]   Frames: 105 | Inference Time: 2.30 sec | Confidence=0.998 Jitter=4.78
[INFO] --------------------------------
[INFO] Processing: shake/7月7日 (5)(2).mp4
[INFO]   Frames: 99 | Inference Time: 2.18 sec | Confidence=0.997 Jitter=5.95
[INFO] --------------------------------
[INFO] Processing: shake/7月7日 (5)(3).mp4
[INFO]   Frames: 102 | Inference Time: 2.25 sec | Confidence=0.960 Jitter=5.91
[INFO] --------------------------------
[INFO] Processing: shake/7月7日 (5)(4).mp4
[INFO]   Frames: 110 | Inference Time: 2.42 sec | Confidence=0.996 Jitter=4.96
[INFO] --------------------------------
[INFO] Processing: shake/7月7日 (5)(5).mp4
[INFO]   Frames: 108 | Inference Time: 2.37 sec | Confidence=0.996 Jitter=4.27
[INFO] --------------------------------
[INFO] Processing: shake/7月7日 (5).mp4
[INFO]   Frames: 116 | Inference Time: 2.50 sec | Confidence=0.996 Jitter=4.76
[INFO] --------------------------------
[INFO] Processing: stop/7月7日 (8)(2).mp4
[INFO]   Frames: 50 | Inference Time: 1.21 sec | Confidence=0.989 Jitter=6.49
[INFO] --------------------------------
[INFO] Processing: stop/7月7日 (8)(5).mp4
[INFO]   Frames: 307 | Inference Time: 7.50 sec | Confidence=0.992 Jitter=3.97
[INFO] --------------------------------
[INFO] Processing: stop/7月7日 (8).mp4
[INFO]   Frames: 123 | Inference Time: 2.97 sec | Confidence=0.977 Jitter=7.26
[INFO] --------------------------------
[INFO] Processing: stop/Desktop 2026.07.16 - 19.06.58.15.mp4
[INFO]   Frames: 206 | Inference Time: 4.34 sec | Confidence=0.984 Jitter=1.25
[INFO] --------------------------------
[INFO] 
Aggregating metrics...
[INFO] 
Writing CSV files...
[INFO] Generating figures...
[INFO] Writing reports...
[INFO] Appended to comparison history: C:\ai_project\pose_compare_results\comparison_history.log
[INFO] 
[INFO] =====================================================================================================
[INFO] 逐影片比較結果
[INFO] =====================================================================================================
[INFO] 行為       影片                               舊信心   新信心      信心Δ   舊抖動   新抖動      抖動Δ
[INFO] -----------------------------------------------------------------------------------------------------
[INFO] walk       7月7日 (8)(1).mp4                   0.983    0.992    +0.009↑    10.12    10.02     -0.10↓
[INFO] walk       7月7日 (8)(3).mp4                   0.918    0.934    +0.016↑    12.98    12.34     -0.64↓
[INFO] walk       7月7日 (8).mp4                      0.840    0.886    +0.047↑    20.50    21.67     +1.16↑
[INFO] lick       7月3日(1).mp4                       0.988    0.991    +0.003↑     2.26     2.47     +0.21↑
[INFO] lick       7月3日(2).mp4                       0.998    0.998    -0.000↓     2.15     2.08     -0.06↓
[INFO] lick       7月3日(3).mp4                       0.997    0.997    -0.000↓     2.42     2.35     -0.06↓
[INFO] lick       7月3日(4).mp4                       0.992    0.991    -0.001↓     2.02     2.14     +0.11↑
[INFO] lick       7月3日.mp4                          0.976    0.991    +0.015↑     3.19     2.93     -0.25↓
[INFO] scratch    7月3日 (2)(1).mp4                   0.959    0.971    +0.012↑     6.14     6.19     +0.05↑
[INFO] scratch    7月3日 (2)(2).mp4                   0.994    0.983    -0.010↓     6.61     6.31     -0.30↓
[INFO] scratch    7月3日 (2)(3).mp4                   0.997    0.995    -0.002↓     5.87     5.65     -0.22↓
[INFO] scratch    7月3日 (2)(4).mp4                   0.979    0.980    +0.002↑     5.34     5.13     -0.20↓
[INFO] scratch    7月3日 (2).mp4                      0.998    0.994    -0.004↓     5.84     5.26     -0.58↓
[INFO] shake      7月7日 (5)(1).mp4                   0.997    0.998    +0.001↑     5.17     4.78     -0.39↓
[INFO] shake      7月7日 (5)(2).mp4                   0.997    0.997    +0.001↑     6.98     5.95     -1.03↓
[INFO] shake      7月7日 (5)(3).mp4                   0.958    0.960    +0.002↑     6.12     5.91     -0.21↓
[INFO] shake      7月7日 (5)(4).mp4                   0.996    0.996    +0.000↑     4.78     4.96     +0.19↑
[INFO] shake      7月7日 (5)(5).mp4                   0.995    0.996    +0.001↑     4.10     4.27     +0.17↑
[INFO] shake      7月7日 (5).mp4                      0.996    0.996    -0.000↓     4.61     4.76     +0.15↑
[INFO] stop       7月7日 (8)(2).mp4                   0.963    0.989    +0.026↑     3.76     6.49     +2.73↑
[INFO] stop       7月7日 (8)(5).mp4                   0.991    0.992    +0.000↑     3.43     3.97     +0.53↑
[INFO] stop       7月7日 (8).mp4                      0.991    0.977    -0.014↓     6.92     7.26     +0.34↑
[INFO] stop       Desktop 2026.07.16 - 19.06.58.15.mp4    0.990    0.984    -0.006↓     1.32     1.25     -0.08↓
[INFO] 
[INFO] =================================================================================================
[INFO] 行為類別摘要
[INFO] =================================================================================================
[INFO] 行為         舊信心   新信心   信心改善   舊抖動   新抖動   抖動改善   舊缺失   新缺失   缺失改善
[INFO] -------------------------------------------------------------------------------------------------
[INFO] walk          0.920    0.941     +2.25%    13.53    13.55     -0.14%     0.0%     0.0%     +0.00%
[INFO] lick          0.990    0.994     +0.33%     2.40     2.39     +0.50%     0.0%     0.0%     +0.00%
[INFO] scratch       0.985    0.985     -0.01%     5.93     5.66     +4.42%     0.0%     0.0%     +0.00%
[INFO] shake         0.990    0.991     +0.07%     5.24     5.08     +3.16%     0.0%     0.0%     +0.00%
[INFO] stop          0.989    0.987     -0.22%     3.49     3.96    -13.57%     2.2%     2.2%     +0.00%
[INFO] 
[INFO] =================================================================================================
[INFO] ★★★ 主指標：P95 Jitter（尾部抖動，數值越小越穩定） ★★★
[INFO] =================================================================================================
[INFO] 行為       舊P95抖動 新P95抖動       改善
[INFO] -------------------------------------------------------------------------------------------------
[INFO] walk          38.94    38.60     +0.86%
[INFO] lick           8.28     8.42     -1.69%
[INFO] scratch       21.51    21.42     +0.42%
[INFO] shake         21.18    20.49     +3.25%
[INFO] stop          11.24    14.39    -28.07%
[INFO] -------------------------------------------------------------------------------------------------
[INFO] 整體          20.48    21.17     -3.36%
[INFO] 
[INFO]   ★ 主指標結論：v11s_135.pt 尾部抖動較小（Δ0.69px）— 依你指定的主指標，優先選它
[INFO] =================================================================================================
[INFO] 
[INFO] =================================================================================================
[INFO] [參考，非主指標] 整體比較結果（複合分數）
[INFO] =================================================================================================
[INFO] 舊模型        v11s_135.pt   複合分數 95.34
[INFO] 新模型        v11s_136.pt   複合分數 95.43
[INFO] 
[INFO] 平均信心值    0.980  →  0.983    改善 +0.32%
[INFO] 平均抖動      5.43 px  →  5.45 px    改善 -0.35%
[INFO] 缺失比率      0.5%  →  0.5%    改善 +0.00%
[INFO] 尾尖缺失      9.8%  →  8.8%
[INFO] 
[INFO] 綜合改善分數  -0.01%
[INFO] 進步最多行為  shake  （+3.3%）
[INFO] 退步最多行為  stop  （-28.1%）
[INFO] 
[INFO] 結論          v11s_136.pt  相較  v11s_135.pt  →  WORSE（較差）  [參考用複合分數]
[INFO] =================================================================================================
