[INFO] ====================================================
[INFO] YOLO Pose Model Comparison  [20260723_145057]
[INFO]   Old : C:\ai_project\cat_pose\v11s_128.pt
[INFO]   New : C:\ai_project\cat_pose\v11s_137.pt
[INFO]   Data[walk]: C:\Users\homec\OneDrive\圖片\貓咪圖像資料集\主要測試\walk
[INFO]   Data[lick]: C:\Users\homec\OneDrive\圖片\貓咪圖像資料集\主要測試\lick
[INFO]   Data[scratch]: C:\Users\homec\OneDrive\圖片\貓咪圖像資料集\主要測試\scratch
[INFO]   Data[shake]: C:\Users\homec\OneDrive\圖片\貓咪圖像資料集\主要測試\shake
[INFO]   Data[stop]: C:\Users\homec\OneDrive\圖片\貓咪圖像資料集\主要測試\stop
[INFO]   Out : C:\ai_project\pose_compare_results\20260723_145057  Device: cuda
[INFO] ====================================================
[INFO] Loading old model...
[INFO] Loading new model...
[INFO] Benchmark videos: 23
[INFO]   walk: 3
[INFO]   lick: 5
[INFO]   scratch: 5
[INFO]   shake: 6
[INFO]   stop: 4
[INFO] 
--- OLD MODEL: v11s_128.pt  (EMA α=1.0) ---
[INFO] Processing: walk/7月7日 (8)(1).mp4
[INFO]   Frames: 126 | Inference Time: 5.18 sec | Confidence=0.989 Jitter=10.47
[INFO] --------------------------------
[INFO] Processing: walk/7月7日 (8)(3).mp4
[INFO]   Frames: 200 | Inference Time: 5.06 sec | Confidence=0.917 Jitter=12.60
[INFO] --------------------------------
[INFO] Processing: walk/7月7日 (8).mp4
[INFO]   Frames: 94 | Inference Time: 2.28 sec | Confidence=0.889 Jitter=23.34
[INFO] --------------------------------
[INFO] Processing: lick/7月3日(1).mp4
[INFO]   Frames: 135 | Inference Time: 2.88 sec | Confidence=0.991 Jitter=2.53
[INFO] --------------------------------
[INFO] Processing: lick/7月3日(2).mp4
[INFO]   Frames: 156 | Inference Time: 3.53 sec | Confidence=0.997 Jitter=2.47
[INFO] --------------------------------
[INFO] Processing: lick/7月3日(3).mp4
[INFO]   Frames: 121 | Inference Time: 3.49 sec | Confidence=0.999 Jitter=2.42
[INFO] --------------------------------
[INFO] Processing: lick/7月3日(4).mp4
[INFO]   Frames: 147 | Inference Time: 4.57 sec | Confidence=0.991 Jitter=2.08
[INFO] --------------------------------
[INFO] Processing: lick/7月3日.mp4
[INFO]   Frames: 139 | Inference Time: 3.71 sec | Confidence=0.986 Jitter=3.13
[INFO] --------------------------------
[INFO] Processing: scratch/7月3日 (2)(1).mp4
[INFO]   Frames: 155 | Inference Time: 3.78 sec | Confidence=0.982 Jitter=6.01
[INFO] --------------------------------
[INFO] Processing: scratch/7月3日 (2)(2).mp4
[INFO]   Frames: 109 | Inference Time: 2.70 sec | Confidence=0.987 Jitter=6.98
[INFO] --------------------------------
[INFO] Processing: scratch/7月3日 (2)(3).mp4
[INFO]   Frames: 154 | Inference Time: 3.73 sec | Confidence=0.997 Jitter=5.07
[INFO] --------------------------------
[INFO] Processing: scratch/7月3日 (2)(4).mp4
[INFO]   Frames: 142 | Inference Time: 3.55 sec | Confidence=0.987 Jitter=4.58
[INFO] --------------------------------
[INFO] Processing: scratch/7月3日 (2).mp4
[INFO]   Frames: 177 | Inference Time: 4.03 sec | Confidence=0.995 Jitter=5.16
[INFO] --------------------------------
[INFO] Processing: shake/7月7日 (5)(1).mp4
[INFO]   Frames: 105 | Inference Time: 2.39 sec | Confidence=0.996 Jitter=3.92
[INFO] --------------------------------
[INFO] Processing: shake/7月7日 (5)(2).mp4
[INFO]   Frames: 99 | Inference Time: 2.21 sec | Confidence=0.997 Jitter=6.21
[INFO] --------------------------------
[INFO] Processing: shake/7月7日 (5)(3).mp4
[INFO]   Frames: 102 | Inference Time: 2.31 sec | Confidence=0.973 Jitter=5.56
[INFO] --------------------------------
[INFO] Processing: shake/7月7日 (5)(4).mp4
[INFO]   Frames: 110 | Inference Time: 2.40 sec | Confidence=0.995 Jitter=4.92
[INFO] --------------------------------
[INFO] Processing: shake/7月7日 (5)(5).mp4
[INFO]   Frames: 108 | Inference Time: 2.32 sec | Confidence=0.996 Jitter=4.29
[INFO] --------------------------------
[INFO] Processing: shake/7月7日 (5).mp4
[INFO]   Frames: 116 | Inference Time: 2.71 sec | Confidence=0.995 Jitter=4.73
[INFO] --------------------------------
[INFO] Processing: stop/7月7日 (8)(2).mp4
[INFO]   Frames: 50 | Inference Time: 1.43 sec | Confidence=0.991 Jitter=5.04
[INFO] --------------------------------
[INFO] Processing: stop/7月7日 (8)(5).mp4
[INFO]   Frames: 307 | Inference Time: 8.08 sec | Confidence=0.988 Jitter=3.83
[INFO] --------------------------------
[INFO] Processing: stop/7月7日 (8).mp4
[INFO]   Frames: 123 | Inference Time: 3.41 sec | Confidence=0.986 Jitter=6.45
[INFO] --------------------------------
[INFO] Processing: stop/Desktop 2026.07.16 - 19.06.58.15.mp4
[INFO]   Frames: 206 | Inference Time: 4.70 sec | Confidence=0.985 Jitter=1.27
[INFO] --------------------------------
[INFO] 
--- NEW MODEL: v11s_137.pt  (EMA α=1.0) ---
[INFO] Processing: walk/7月7日 (8)(1).mp4
[INFO]   Frames: 126 | Inference Time: 3.23 sec | Confidence=0.977 Jitter=10.22
[INFO] --------------------------------
[INFO] Processing: walk/7月7日 (8)(3).mp4
[INFO]   Frames: 200 | Inference Time: 5.01 sec | Confidence=0.921 Jitter=12.45
[INFO] --------------------------------
[INFO] Processing: walk/7月7日 (8).mp4
[INFO]   Frames: 94 | Inference Time: 2.29 sec | Confidence=0.863 Jitter=21.42
[INFO] --------------------------------
[INFO] Processing: lick/7月3日(1).mp4
[INFO]   Frames: 135 | Inference Time: 2.90 sec | Confidence=0.993 Jitter=2.86
[INFO] --------------------------------
[INFO] Processing: lick/7月3日(2).mp4
[INFO]   Frames: 156 | Inference Time: 3.29 sec | Confidence=0.998 Jitter=2.11
[INFO] --------------------------------
[INFO] Processing: lick/7月3日(3).mp4
[INFO]   Frames: 121 | Inference Time: 2.61 sec | Confidence=0.999 Jitter=2.40
[INFO] --------------------------------
[INFO] Processing: lick/7月3日(4).mp4
[INFO]   Frames: 147 | Inference Time: 3.12 sec | Confidence=0.996 Jitter=1.83
[INFO] --------------------------------
[INFO] Processing: lick/7月3日.mp4
[INFO]   Frames: 139 | Inference Time: 2.94 sec | Confidence=0.989 Jitter=3.34
[INFO] --------------------------------
[INFO] Processing: scratch/7月3日 (2)(1).mp4
[INFO]   Frames: 155 | Inference Time: 3.40 sec | Confidence=0.967 Jitter=6.68
[INFO] --------------------------------
[INFO] Processing: scratch/7月3日 (2)(2).mp4
[INFO]   Frames: 109 | Inference Time: 2.43 sec | Confidence=0.975 Jitter=6.25
[INFO] --------------------------------
[INFO] Processing: scratch/7月3日 (2)(3).mp4
[INFO]   Frames: 154 | Inference Time: 3.38 sec | Confidence=0.995 Jitter=5.89
[INFO] --------------------------------
[INFO] Processing: scratch/7月3日 (2)(4).mp4
[INFO]   Frames: 142 | Inference Time: 3.05 sec | Confidence=0.978 Jitter=4.84
[INFO] --------------------------------
[INFO] Processing: scratch/7月3日 (2).mp4
[INFO]   Frames: 177 | Inference Time: 3.97 sec | Confidence=0.993 Jitter=5.84
[INFO] --------------------------------
[INFO] Processing: shake/7月7日 (5)(1).mp4
[INFO]   Frames: 105 | Inference Time: 2.36 sec | Confidence=0.998 Jitter=4.92
[INFO] --------------------------------
[INFO] Processing: shake/7月7日 (5)(2).mp4
[INFO]   Frames: 99 | Inference Time: 2.21 sec | Confidence=0.997 Jitter=5.61
[INFO] --------------------------------
[INFO] Processing: shake/7月7日 (5)(3).mp4
[INFO]   Frames: 102 | Inference Time: 2.27 sec | Confidence=0.960 Jitter=5.78
[INFO] --------------------------------
[INFO] Processing: shake/7月7日 (5)(4).mp4
[INFO]   Frames: 110 | Inference Time: 2.44 sec | Confidence=0.998 Jitter=4.69
[INFO] --------------------------------
[INFO] Processing: shake/7月7日 (5)(5).mp4
[INFO]   Frames: 108 | Inference Time: 2.40 sec | Confidence=0.997 Jitter=3.71
[INFO] --------------------------------
[INFO] Processing: shake/7月7日 (5).mp4
[INFO]   Frames: 116 | Inference Time: 2.61 sec | Confidence=0.998 Jitter=4.51
[INFO] --------------------------------
[INFO] Processing: stop/7月7日 (8)(2).mp4
[INFO]   Frames: 50 | Inference Time: 1.48 sec | Confidence=0.976 Jitter=3.92
[INFO] --------------------------------
[INFO] Processing: stop/7月7日 (8)(5).mp4
[INFO]   Frames: 307 | Inference Time: 7.62 sec | Confidence=0.990 Jitter=5.80
[INFO] --------------------------------
[INFO] Processing: stop/7月7日 (8).mp4
[INFO]   Frames: 123 | Inference Time: 3.09 sec | Confidence=0.980 Jitter=6.99
[INFO] --------------------------------
[INFO] Processing: stop/Desktop 2026.07.16 - 19.06.58.15.mp4
[INFO]   Frames: 206 | Inference Time: 4.48 sec | Confidence=0.997 Jitter=1.58
[INFO] --------------------------------
[INFO] 
Aggregating metrics...
[INFO] 
Writing CSV files...
[INFO] Generating figures...
[INFO] Writing reports...
[INFO] Appended to comparison history: C:\ai_project\pose_compare_results\comparison_history.log
[INFO] 
[INFO] =====================================================================================================
[INFO] 逐影片比較結果
[INFO] =====================================================================================================
[INFO] 行為       影片                               舊信心   新信心      信心Δ   舊抖動   新抖動      抖動Δ
[INFO] -----------------------------------------------------------------------------------------------------
[INFO] walk       7月7日 (8)(1).mp4                   0.989    0.977    -0.012↓    10.47    10.22     -0.24↓
[INFO] walk       7月7日 (8)(3).mp4                   0.917    0.921    +0.004↑    12.60    12.45     -0.14↓
[INFO] walk       7月7日 (8).mp4                      0.889    0.863    -0.026↓    23.34    21.42     -1.91↓
[INFO] lick       7月3日(1).mp4                       0.991    0.993    +0.002↑     2.53     2.86     +0.32↑
[INFO] lick       7月3日(2).mp4                       0.997    0.998    +0.001↑     2.47     2.11     -0.36↓
[INFO] lick       7月3日(3).mp4                       0.999    0.999    +0.000↑     2.42     2.40     -0.02↓
[INFO] lick       7月3日(4).mp4                       0.991    0.996    +0.005↑     2.08     1.83     -0.25↓
[INFO] lick       7月3日.mp4                          0.986    0.989    +0.002↑     3.13     3.34     +0.21↑
[INFO] scratch    7月3日 (2)(1).mp4                   0.982    0.967    -0.015↓     6.01     6.68     +0.67↑
[INFO] scratch    7月3日 (2)(2).mp4                   0.987    0.975    -0.012↓     6.98     6.25     -0.73↓
[INFO] scratch    7月3日 (2)(3).mp4                   0.997    0.995    -0.001↓     5.07     5.89     +0.82↑
[INFO] scratch    7月3日 (2)(4).mp4                   0.987    0.978    -0.009↓     4.58     4.84     +0.25↑
[INFO] scratch    7月3日 (2).mp4                      0.995    0.993    -0.002↓     5.16     5.84     +0.68↑
[INFO] shake      7月7日 (5)(1).mp4                   0.996    0.998    +0.002↑     3.92     4.92     +1.00↑
[INFO] shake      7月7日 (5)(2).mp4                   0.997    0.997    -0.000↓     6.21     5.61     -0.59↓
[INFO] shake      7月7日 (5)(3).mp4                   0.973    0.960    -0.013↓     5.56     5.78     +0.22↑
[INFO] shake      7月7日 (5)(4).mp4                   0.995    0.998    +0.003↑     4.92     4.69     -0.23↓
[INFO] shake      7月7日 (5)(5).mp4                   0.996    0.997    +0.001↑     4.29     3.71     -0.58↓
[INFO] shake      7月7日 (5).mp4                      0.995    0.998    +0.003↑     4.73     4.51     -0.22↓
[INFO] stop       7月7日 (8)(2).mp4                   0.991    0.976    -0.015↓     5.04     3.92     -1.12↓
[INFO] stop       7月7日 (8)(5).mp4                   0.988    0.990    +0.002↑     3.83     5.80     +1.97↑
[INFO] stop       7月7日 (8).mp4                      0.986    0.980    -0.006↓     6.45     6.99     +0.54↑
[INFO] stop       Desktop 2026.07.16 - 19.06.58.15.mp4    0.985    0.997    +0.012↑     1.27     1.58     +0.32↑
[INFO] 
[INFO] =================================================================================================
[INFO] 行為類別摘要
[INFO] =================================================================================================
[INFO] 行為         舊信心   新信心   信心改善   舊抖動   新抖動   抖動改善   舊缺失   新缺失   缺失改善
[INFO] -------------------------------------------------------------------------------------------------
[INFO] walk          0.932    0.925     -0.79%    14.33    13.63     +4.90%     0.0%     0.0%     +0.00%
[INFO] lick          0.993    0.995     +0.22%     2.52     2.49     +1.29%     0.0%     0.0%     +0.00%
[INFO] scratch       0.990    0.982     -0.76%     5.47     5.89     -7.63%     0.0%     0.0%     +0.00%
[INFO] shake         0.992    0.992     -0.08%     4.91     4.84     +1.51%     0.0%     0.0%     +0.00%
[INFO] stop          0.987    0.989     +0.19%     3.65     4.68    -28.02%     1.7%     2.2%     -0.44%
[INFO] 
[INFO] =================================================================================================
[INFO] ★★★ 主指標：P95 Jitter（尾部抖動，數值越小越穩定） ★★★
[INFO] =================================================================================================
[INFO] 行為       舊P95抖動 新P95抖動       改善
[INFO] -------------------------------------------------------------------------------------------------
[INFO] walk          40.98    38.88     +5.13%
[INFO] lick           8.99     8.58     +4.58%
[INFO] scratch       20.71    21.95     -5.97%
[INFO] shake         19.59    19.13     +2.38%
[INFO] stop          12.46    15.20    -21.99%
[INFO] -------------------------------------------------------------------------------------------------
[INFO] 整體          20.96    21.23     -1.27%
[INFO] 
[INFO]   ★ 主指標結論：v11s_128.pt 尾部抖動較小（Δ0.27px）— 依你指定的主指標，優先選它
[INFO] =================================================================================================
[INFO] 
[INFO] =================================================================================================
[INFO] [參考，非主指標] 整體比較結果（複合分數）
[INFO] =================================================================================================
[INFO] 舊模型        v11s_128.pt   複合分數 95.47
[INFO] 新模型        v11s_137.pt   複合分數 95.24
[INFO] 
[INFO] 平均信心值    0.983  →  0.981    改善 -0.21%
[INFO] 平均抖動      5.45 px  →  5.64 px    改善 -3.53%
[INFO] 缺失比率      0.4%  →  0.5%    改善 -0.09%
[INFO] 尾尖缺失      9.3%  →  8.2%
[INFO] 
[INFO] 綜合改善分數  -1.34%
[INFO] 進步最多行為  walk  （+5.1%）
[INFO] 退步最多行為  stop  （-22.0%）
[INFO] 
[INFO] 結論          v11s_137.pt  相較  v11s_128.pt  →  WORSE（較差）  [參考用複合分數]
[INFO] =================================================================================================
