[INFO] ====================================================
[INFO] YOLO Pose Model Comparison  [20260720_153407]
[INFO]   Old : C:\ai_project\cat_pose\v11s_128.pt
[INFO]   New : C:\ai_project\cat_pose\v11s_134.pt
[INFO]   Data[walk]: C:\Users\homec\OneDrive\圖片\貓咪圖像資料集\主要測試\walk
[INFO]   Data[lick]: C:\Users\homec\OneDrive\圖片\貓咪圖像資料集\主要測試\lick
[INFO]   Data[scratch]: C:\Users\homec\OneDrive\圖片\貓咪圖像資料集\主要測試\scratch
[INFO]   Data[shake]: C:\Users\homec\OneDrive\圖片\貓咪圖像資料集\主要測試\shake
[INFO]   Data[stop]: C:\Users\homec\OneDrive\圖片\貓咪圖像資料集\主要測試\stop
[INFO]   Out : C:\ai_project\pose_compare_results\20260720_153407  Device: cuda
[INFO] ====================================================
[INFO] Loading old model...
[INFO] Loading new model...
[INFO] Benchmark videos: 23
[INFO]   walk: 3
[INFO]   lick: 5
[INFO]   scratch: 5
[INFO]   shake: 6
[INFO]   stop: 4
[INFO] 
--- OLD MODEL: v11s_128.pt  (EMA α=1.0) ---
[INFO] Processing: walk/7月7日 (8)(1).mp4
[INFO]   Frames: 126 | Inference Time: 5.43 sec | Confidence=0.989 Jitter=10.47
[INFO] --------------------------------
[INFO] Processing: walk/7月7日 (8)(3).mp4
[INFO]   Frames: 200 | Inference Time: 4.67 sec | Confidence=0.917 Jitter=12.60
[INFO] --------------------------------
[INFO] Processing: walk/7月7日 (8).mp4
[INFO]   Frames: 94 | Inference Time: 2.18 sec | Confidence=0.889 Jitter=23.34
[INFO] --------------------------------
[INFO] Processing: lick/7月3日(1).mp4
[INFO]   Frames: 135 | Inference Time: 2.82 sec | Confidence=0.991 Jitter=2.53
[INFO] --------------------------------
[INFO] Processing: lick/7月3日(2).mp4
[INFO]   Frames: 156 | Inference Time: 3.28 sec | Confidence=0.997 Jitter=2.47
[INFO] --------------------------------
[INFO] Processing: lick/7月3日(3).mp4
[INFO]   Frames: 121 | Inference Time: 2.48 sec | Confidence=0.999 Jitter=2.42
[INFO] --------------------------------
[INFO] Processing: lick/7月3日(4).mp4
[INFO]   Frames: 147 | Inference Time: 3.10 sec | Confidence=0.991 Jitter=2.08
[INFO] --------------------------------
[INFO] Processing: lick/7月3日.mp4
[INFO]   Frames: 139 | Inference Time: 2.82 sec | Confidence=0.986 Jitter=3.13
[INFO] --------------------------------
[INFO] Processing: scratch/7月3日 (2)(1).mp4
[INFO]   Frames: 155 | Inference Time: 3.11 sec | Confidence=0.982 Jitter=6.01
[INFO] --------------------------------
[INFO] Processing: scratch/7月3日 (2)(2).mp4
[INFO]   Frames: 109 | Inference Time: 2.19 sec | Confidence=0.987 Jitter=6.98
[INFO] --------------------------------
[INFO] Processing: scratch/7月3日 (2)(3).mp4
[INFO]   Frames: 154 | Inference Time: 3.29 sec | Confidence=0.997 Jitter=5.07
[INFO] --------------------------------
[INFO] Processing: scratch/7月3日 (2)(4).mp4
[INFO]   Frames: 142 | Inference Time: 2.82 sec | Confidence=0.987 Jitter=4.58
[INFO] --------------------------------
[INFO] Processing: scratch/7月3日 (2).mp4
[INFO]   Frames: 177 | Inference Time: 3.56 sec | Confidence=0.995 Jitter=5.16
[INFO] --------------------------------
[INFO] Processing: shake/7月7日 (5)(1).mp4
[INFO]   Frames: 105 | Inference Time: 2.17 sec | Confidence=0.996 Jitter=3.92
[INFO] --------------------------------
[INFO] Processing: shake/7月7日 (5)(2).mp4
[INFO]   Frames: 99 | Inference Time: 2.03 sec | Confidence=0.997 Jitter=6.21
[INFO] --------------------------------
[INFO] Processing: shake/7月7日 (5)(3).mp4
[INFO]   Frames: 102 | Inference Time: 2.13 sec | Confidence=0.973 Jitter=5.56
[INFO] --------------------------------
[INFO] Processing: shake/7月7日 (5)(4).mp4
[INFO]   Frames: 110 | Inference Time: 2.21 sec | Confidence=0.995 Jitter=4.92
[INFO] --------------------------------
[INFO] Processing: shake/7月7日 (5)(5).mp4
[INFO]   Frames: 108 | Inference Time: 2.15 sec | Confidence=0.996 Jitter=4.29
[INFO] --------------------------------
[INFO] Processing: shake/7月7日 (5).mp4
[INFO]   Frames: 116 | Inference Time: 2.39 sec | Confidence=0.995 Jitter=4.73
[INFO] --------------------------------
[INFO] Processing: stop/7月7日 (8)(2).mp4
[INFO]   Frames: 50 | Inference Time: 1.17 sec | Confidence=0.991 Jitter=5.04
[INFO] --------------------------------
[INFO] Processing: stop/7月7日 (8)(5).mp4
[INFO]   Frames: 307 | Inference Time: 6.89 sec | Confidence=0.988 Jitter=3.83
[INFO] --------------------------------
[INFO] Processing: stop/7月7日 (8).mp4
[INFO]   Frames: 123 | Inference Time: 2.90 sec | Confidence=0.986 Jitter=6.45
[INFO] --------------------------------
[INFO] Processing: stop/Desktop 2026.07.16 - 19.06.58.15.mp4
[INFO]   Frames: 206 | Inference Time: 4.26 sec | Confidence=0.985 Jitter=1.27
[INFO] --------------------------------
[INFO] 
--- NEW MODEL: v11s_134.pt  (EMA α=1.0) ---
[INFO] Processing: walk/7月7日 (8)(1).mp4
[INFO]   Frames: 126 | Inference Time: 3.05 sec | Confidence=0.983 Jitter=10.12
[INFO] --------------------------------
[INFO] Processing: walk/7月7日 (8)(3).mp4
[INFO]   Frames: 200 | Inference Time: 4.68 sec | Confidence=0.917 Jitter=12.13
[INFO] --------------------------------
[INFO] Processing: walk/7月7日 (8).mp4
[INFO]   Frames: 94 | Inference Time: 2.25 sec | Confidence=0.877 Jitter=20.92
[INFO] --------------------------------
[INFO] Processing: lick/7月3日(1).mp4
[INFO]   Frames: 135 | Inference Time: 2.80 sec | Confidence=0.991 Jitter=2.32
[INFO] --------------------------------
[INFO] Processing: lick/7月3日(2).mp4
[INFO]   Frames: 156 | Inference Time: 3.23 sec | Confidence=0.998 Jitter=2.46
[INFO] --------------------------------
[INFO] Processing: lick/7月3日(3).mp4
[INFO]   Frames: 121 | Inference Time: 2.40 sec | Confidence=0.999 Jitter=2.78
[INFO] --------------------------------
[INFO] Processing: lick/7月3日(4).mp4
[INFO]   Frames: 147 | Inference Time: 2.97 sec | Confidence=0.988 Jitter=2.01
[INFO] --------------------------------
[INFO] Processing: lick/7月3日.mp4
[INFO]   Frames: 139 | Inference Time: 2.81 sec | Confidence=0.979 Jitter=3.10
[INFO] --------------------------------
[INFO] Processing: scratch/7月3日 (2)(1).mp4
[INFO]   Frames: 155 | Inference Time: 3.14 sec | Confidence=0.972 Jitter=6.71
[INFO] --------------------------------
[INFO] Processing: scratch/7月3日 (2)(2).mp4
[INFO]   Frames: 109 | Inference Time: 2.17 sec | Confidence=0.981 Jitter=6.68
[INFO] --------------------------------
[INFO] Processing: scratch/7月3日 (2)(3).mp4
[INFO]   Frames: 154 | Inference Time: 3.14 sec | Confidence=0.997 Jitter=5.67
[INFO] --------------------------------
[INFO] Processing: scratch/7月3日 (2)(4).mp4
[INFO]   Frames: 142 | Inference Time: 2.83 sec | Confidence=0.966 Jitter=4.96
[INFO] --------------------------------
[INFO] Processing: scratch/7月3日 (2).mp4
[INFO]   Frames: 177 | Inference Time: 3.57 sec | Confidence=0.995 Jitter=5.63
[INFO] --------------------------------
[INFO] Processing: shake/7月7日 (5)(1).mp4
[INFO]   Frames: 105 | Inference Time: 2.17 sec | Confidence=0.996 Jitter=4.51
[INFO] --------------------------------
[INFO] Processing: shake/7月7日 (5)(2).mp4
[INFO]   Frames: 99 | Inference Time: 2.02 sec | Confidence=0.994 Jitter=5.79
[INFO] --------------------------------
[INFO] Processing: shake/7月7日 (5)(3).mp4
[INFO]   Frames: 102 | Inference Time: 2.13 sec | Confidence=0.960 Jitter=6.54
[INFO] --------------------------------
[INFO] Processing: shake/7月7日 (5)(4).mp4
[INFO]   Frames: 110 | Inference Time: 2.24 sec | Confidence=0.996 Jitter=4.66
[INFO] --------------------------------
[INFO] Processing: shake/7月7日 (5)(5).mp4
[INFO]   Frames: 108 | Inference Time: 2.27 sec | Confidence=0.996 Jitter=4.50
[INFO] --------------------------------
[INFO] Processing: shake/7月7日 (5).mp4
[INFO]   Frames: 116 | Inference Time: 2.44 sec | Confidence=0.996 Jitter=4.47
[INFO] --------------------------------
[INFO] Processing: stop/7月7日 (8)(2).mp4
[INFO]   Frames: 50 | Inference Time: 1.22 sec | Confidence=0.970 Jitter=2.83
[INFO] --------------------------------
[INFO] Processing: stop/7月7日 (8)(5).mp4
[INFO]   Frames: 307 | Inference Time: 6.88 sec | Confidence=0.987 Jitter=5.36
[INFO] --------------------------------
[INFO] Processing: stop/7月7日 (8).mp4
[INFO]   Frames: 123 | Inference Time: 2.77 sec | Confidence=0.983 Jitter=7.00
[INFO] --------------------------------
[INFO] Processing: stop/Desktop 2026.07.16 - 19.06.58.15.mp4
[INFO]   Frames: 206 | Inference Time: 4.10 sec | Confidence=0.990 Jitter=1.46
[INFO] --------------------------------
[INFO] 
Aggregating metrics...
[INFO] 
Writing CSV files...
[INFO] Generating figures...
[INFO] Writing reports...
[INFO] Appended to comparison history: C:\ai_project\pose_compare_results\comparison_history.log
[INFO] 
[INFO] =====================================================================================================
[INFO] 逐影片比較結果
[INFO] =====================================================================================================
[INFO] 行為       影片                               舊信心   新信心      信心Δ   舊抖動   新抖動      抖動Δ
[INFO] -----------------------------------------------------------------------------------------------------
[INFO] walk       7月7日 (8)(1).mp4                   0.989    0.983    -0.006↓    10.47    10.12     -0.35↓
[INFO] walk       7月7日 (8)(3).mp4                   0.917    0.917    -0.000↓    12.60    12.13     -0.46↓
[INFO] walk       7月7日 (8).mp4                      0.889    0.877    -0.013↓    23.34    20.92     -2.42↓
[INFO] lick       7月3日(1).mp4                       0.991    0.991    +0.000↑     2.53     2.32     -0.22↓
[INFO] lick       7月3日(2).mp4                       0.997    0.998    +0.000↑     2.47     2.46     -0.02↓
[INFO] lick       7月3日(3).mp4                       0.999    0.999    +0.001↑     2.42     2.78     +0.36↑
[INFO] lick       7月3日(4).mp4                       0.991    0.988    -0.003↓     2.08     2.01     -0.06↓
[INFO] lick       7月3日.mp4                          0.986    0.979    -0.008↓     3.13     3.10     -0.04↓
[INFO] scratch    7月3日 (2)(1).mp4                   0.982    0.972    -0.009↓     6.01     6.71     +0.70↑
[INFO] scratch    7月3日 (2)(2).mp4                   0.987    0.981    -0.006↓     6.98     6.68     -0.30↓
[INFO] scratch    7月3日 (2)(3).mp4                   0.997    0.997    -0.000↓     5.07     5.67     +0.60↑
[INFO] scratch    7月3日 (2)(4).mp4                   0.987    0.966    -0.021↓     4.58     4.96     +0.37↑
[INFO] scratch    7月3日 (2).mp4                      0.995    0.995    -0.000↓     5.16     5.63     +0.47↑
[INFO] shake      7月7日 (5)(1).mp4                   0.996    0.996    +0.000↑     3.92     4.51     +0.59↑
[INFO] shake      7月7日 (5)(2).mp4                   0.997    0.994    -0.003↓     6.21     5.79     -0.42↓
[INFO] shake      7月7日 (5)(3).mp4                   0.973    0.960    -0.013↓     5.56     6.54     +0.98↑
[INFO] shake      7月7日 (5)(4).mp4                   0.995    0.996    +0.001↑     4.92     4.66     -0.27↓
[INFO] shake      7月7日 (5)(5).mp4                   0.996    0.996    +0.000↑     4.29     4.50     +0.21↑
[INFO] shake      7月7日 (5).mp4                      0.995    0.996    +0.001↑     4.73     4.47     -0.26↓
[INFO] stop       7月7日 (8)(2).mp4                   0.991    0.970    -0.022↓     5.04     2.83     -2.21↓
[INFO] stop       7月7日 (8)(5).mp4                   0.988    0.987    -0.001↓     3.83     5.36     +1.54↑
[INFO] stop       7月7日 (8).mp4                      0.986    0.983    -0.003↓     6.45     7.00     +0.55↑
[INFO] stop       Desktop 2026.07.16 - 19.06.58.15.mp4    0.985    0.990    +0.005↑     1.27     1.46     +0.19↑
[INFO] 
[INFO] =================================================================================================
[INFO] 行為類別摘要
[INFO] =================================================================================================
[INFO] 行為         舊信心   新信心   信心改善   舊抖動   新抖動   抖動改善   舊缺失   新缺失   缺失改善
[INFO] -------------------------------------------------------------------------------------------------
[INFO] walk          0.932    0.928     -0.50%    14.33    13.39     +6.54%     0.0%     0.0%     +0.00%
[INFO] lick          0.993    0.991     -0.19%     2.52     2.52     +0.18%     0.0%     0.0%     +0.00%
[INFO] scratch       0.990    0.983     -0.69%     5.47     5.89     -7.55%     0.0%     0.0%     +0.00%
[INFO] shake         0.992    0.990     -0.23%     4.91     5.03     -2.51%     0.0%     0.0%     +0.00%
[INFO] stop          0.987    0.986     -0.12%     3.65     4.33    -18.56%     1.7%     0.6%     +1.17%
[INFO] 
[INFO] =================================================================================================
[INFO] ★★★ 主指標：P95 Jitter（尾部抖動，數值越小越穩定） ★★★
[INFO] =================================================================================================
[INFO] 行為       舊P95抖動 新P95抖動       改善
[INFO] -------------------------------------------------------------------------------------------------
[INFO] walk          40.98    37.84     +7.66%
[INFO] lick           8.99     9.12     -1.45%
[INFO] scratch       20.71    22.32     -7.78%
[INFO] shake         19.59    20.01     -2.14%
[INFO] stop          12.46    14.29    -14.67%
[INFO] -------------------------------------------------------------------------------------------------
[INFO] 整體          20.96    21.24     -1.33%
[INFO] 
[INFO]   ★ 主指標結論：v11s_128.pt 尾部抖動較小（Δ0.28px）— 依你指定的主指標，優先選它
[INFO] =================================================================================================
[INFO] 
[INFO] =================================================================================================
[INFO] [參考，非主指標] 整體比較結果（複合分數）
[INFO] =================================================================================================
[INFO] 舊模型        v11s_128.pt   複合分數 95.47
[INFO] 新模型        v11s_134.pt   複合分數 95.34
[INFO] 
[INFO] 平均信心值    0.983  →  0.980    改善 -0.34%
[INFO] 平均抖動      5.45 px  →  5.58 px    改善 -2.42%
[INFO] 缺失比率      0.4%  →  0.1%    改善 +0.25%
[INFO] 尾尖缺失      9.3%  →  9.5%
[INFO] 
[INFO] 綜合改善分數  -0.89%
[INFO] 進步最多行為  walk  （+7.7%）
[INFO] 退步最多行為  stop  （-14.7%）
[INFO] 
[INFO] 結論          v11s_134.pt  相較  v11s_128.pt  →  WORSE（較差）  [參考用複合分數]
[INFO] =================================================================================================
