[INFO] ====================================================
[INFO] YOLO Pose Model Comparison  [20260725_013602]
[INFO]   Old : C:\ai_project\cat_pose\v11s_128.pt
[INFO]   New : C:\ai_project\cat_pose\v11s_141.pt
[INFO]   Data[walk]: C:\Users\homec\OneDrive\圖片\貓咪圖像資料集\主要測試\walk
[INFO]   Out : C:\ai_project\pose_compare_results\20260725_013602  Device: cuda
[INFO] ====================================================
[INFO] Loading old model...
[INFO] Loading new model...
[WARNING]   ⚠ 跳過 [lick] （未列入 BENCHMARK_DIRS，已略過）
[WARNING]   ⚠ 跳過 [scratch] （未列入 BENCHMARK_DIRS，已略過）
[WARNING]   ⚠ 跳過 [shake] （未列入 BENCHMARK_DIRS，已略過）
[WARNING]   ⚠ 跳過 [stop] （未列入 BENCHMARK_DIRS，已略過）
[INFO] Benchmark videos: 3
[INFO]   walk: 3
[INFO]   lick: 0
[INFO]   scratch: 0
[INFO]   shake: 0
[INFO]   stop: 0
[INFO] 
--- OLD MODEL: v11s_128.pt  (EMA α=1.0) ---
[INFO] Processing: walk/7月7日 (8)(1).mp4
[INFO]   Frames: 126 | Inference Time: 6.12 sec | Confidence=0.989 Jitter=10.47
[INFO] --------------------------------
[INFO] Processing: walk/7月7日 (8)(3).mp4
[INFO]   Frames: 200 | Inference Time: 5.05 sec | Confidence=0.917 Jitter=12.60
[INFO] --------------------------------
[INFO] Processing: walk/7月7日 (8).mp4
[INFO]   Frames: 94 | Inference Time: 2.48 sec | Confidence=0.889 Jitter=23.34
[INFO] --------------------------------
[INFO] 
--- NEW MODEL: v11s_141.pt  (EMA α=1.0) ---
[INFO] Processing: walk/7月7日 (8)(1).mp4
[INFO]   Frames: 126 | Inference Time: 3.49 sec | Confidence=0.985 Jitter=10.60
[INFO] --------------------------------
[INFO] Processing: walk/7月7日 (8)(3).mp4
[INFO]   Frames: 200 | Inference Time: 5.27 sec | Confidence=0.930 Jitter=12.43
[INFO] --------------------------------
[INFO] Processing: walk/7月7日 (8).mp4
[INFO]   Frames: 94 | Inference Time: 2.68 sec | Confidence=0.859 Jitter=20.58
[INFO] --------------------------------
[INFO] 
Aggregating metrics...
[INFO] 
Writing CSV files...
[INFO] Generating figures...
[INFO] Writing reports...
[INFO] Appended to comparison history: C:\ai_project\pose_compare_results\comparison_history.log
[INFO] 本次執行總花費時間：00:30（共 29.8 秒）
[INFO] 
[INFO] =====================================================================================================
[INFO] 逐影片比較結果
[INFO] =====================================================================================================
[INFO] 行為       影片                               舊信心   新信心      信心Δ   舊抖動   新抖動      抖動Δ
[INFO] -----------------------------------------------------------------------------------------------------
[INFO] walk       7月7日 (8)(1).mp4                   0.989    0.985    -0.005↓    10.47    10.60     +0.14↑
[INFO] walk       7月7日 (8)(3).mp4                   0.917    0.930    +0.014↑    12.60    12.43     -0.16↓
[INFO] walk       7月7日 (8).mp4                      0.889    0.859    -0.030↓    23.34    20.58     -2.75↓
[INFO] 
[INFO] =================================================================================================
[INFO] 行為類別摘要
[INFO] =================================================================================================
[INFO] 行為         舊信心   新信心   信心改善   舊抖動   新抖動   抖動改善   舊缺失   新缺失   缺失改善
[INFO] -------------------------------------------------------------------------------------------------
[INFO] walk          0.932    0.931     -0.18%    14.33    13.41     +6.40%     0.0%     0.0%     +0.00%
[INFO] lick          0.000    0.000     +0.00%     0.00     0.00     +0.00%     0.0%     0.0%     +0.00%
[INFO] scratch       0.000    0.000     +0.00%     0.00     0.00     +0.00%     0.0%     0.0%     +0.00%
[INFO] shake         0.000    0.000     +0.00%     0.00     0.00     +0.00%     0.0%     0.0%     +0.00%
[INFO] stop          0.000    0.000     +0.00%     0.00     0.00     +0.00%     0.0%     0.0%     +0.00%
[INFO] 
[INFO] =================================================================================================
[INFO] ★★★ 主指標：P95 Jitter（尾部抖動，數值越小越穩定） ★★★
[INFO] =================================================================================================
[INFO] 行為       舊P95抖動 新P95抖動       改善
[INFO] -------------------------------------------------------------------------------------------------
[INFO] walk          40.98    38.75     +5.44%
[INFO] lick           0.00     0.00     +0.00%
[INFO] scratch        0.00     0.00     +0.00%
[INFO] shake          0.00     0.00     +0.00%
[INFO] stop           0.00     0.00     +0.00%
[INFO] -------------------------------------------------------------------------------------------------
[INFO] 整體          40.98    38.75     +5.44%
[INFO] 
[INFO]   ★ 主指標結論：v11s_141.pt 尾部抖動較小（Δ2.23px）— 依你指定的主指標，優先選它
[INFO] =================================================================================================
[INFO] 
[INFO] =================================================================================================
[INFO] [參考，非主指標] 整體比較結果（複合分數）
[INFO] =================================================================================================
[INFO] 舊模型        v11s_128.pt   複合分數 87.60
[INFO] 新模型        v11s_141.pt   複合分數 88.19
[INFO] 
[INFO] 平均信心值    0.932  →  0.931    改善 -0.18%
[INFO] 平均抖動      14.33 px  →  13.41 px    改善 +6.40%
[INFO] 缺失比率      0.0%  →  0.0%    改善 +0.00%
[INFO] 尾尖缺失      13.0%  →  32.7%
[INFO] 
[INFO] 綜合改善分數  +2.18%
[INFO] 進步最多行為  walk  （+5.44%）
[INFO] 退步最多行為  walk  （+5.44%）
[INFO] 
[INFO] 結論          v11s_141.pt  相較  v11s_128.pt  →  BETTER（較優）  [參考用複合分數]
[INFO] =================================================================================================
