=================================================
FINAL SUMMARY
=================================================

Videos Processed:
23

[PRIMARY] P95 Jitter Improvement:
-8.97%

[PRIMARY] Decision:
OLD MODEL WINS

[Reference] Old Model Composite Score:
95.39

[Reference] New Model Composite Score:
95.39

[Reference] Overall Improvement:
-2.19%

[Reference] Decision:
OLD MODEL WINS

Confidence:
+0.67%

Jitter (mean):
-7.02%

Missing Ratio:
+0.13%

Largest Improvement:
Shake

Largest Regression:
Stop

Finished Successfully.
=================================================